 node_printer

 Timestamp is 568f1f79 (Fri Jan 08 10:31:21 2016)

 Preferred load address is 0000000180000000

 Start         Length     Name                   Class
 0001:00000000 000000b8H .text$di                CODE
 0001:000000c0 0001e0acH .text$mn                CODE
 0001:0001e170 000004e9H .text$x                 CODE
 0001:0001e660 0000058cH .text$yd                CODE
 0002:00000000 000003a0H .idata$5                DATA
 0002:000003a0 00000008H .CRT$XCA                DATA
 0002:000003a8 00000018H .CRT$XCC                DATA
 0002:000003c0 00000010H .CRT$XCL                DATA
 0002:000003d0 00000038H .CRT$XCU                DATA
 0002:00000408 00000008H .CRT$XCZ                DATA
 0002:00000410 00000008H .CRT$XIA                DATA
 0002:00000418 00000020H .CRT$XIC                DATA
 0002:00000438 00000008H .CRT$XIZ                DATA
 0002:00000440 00000008H .CRT$XPA                DATA
 0002:00000448 00000010H .CRT$XPX                DATA
 0002:00000458 00000008H .CRT$XPXA               DATA
 0002:00000460 00000008H .CRT$XPZ                DATA
 0002:00000468 00000008H .CRT$XTA                DATA
 0002:00000470 00000008H .CRT$XTZ                DATA
 0002:00000480 00009040H .rdata                  DATA
 0002:000094c0 00000080H .rdata$debug            DATA
 0002:00009540 00000754H .rdata$r                DATA
 0002:00009c98 00000008H .rtc$IAA                DATA
 0002:00009ca0 00000008H .rtc$IZZ                DATA
 0002:00009ca8 00000008H .rtc$TAA                DATA
 0002:00009cb0 00000008H .rtc$TZZ                DATA
 0002:00009cb8 00001a78H .xdata                  DATA
 0002:0000b730 000001dcH .xdata$x                DATA
 0002:0000b910 0000005cH .edata                  DATA
 0002:0000b96c 0000003cH .idata$2                DATA
 0002:0000b9a8 00000014H .idata$3                DATA
 0002:0000b9c0 000003a0H .idata$4                DATA
 0002:0000bd60 00000c6cH .idata$6                DATA
 0003:00000000 00001b20H .data                   DATA
 0003:00001b20 00000290H .data$r                 DATA
 0003:00001dc0 00002930H .bss                    DATA
 0004:00000000 000019b0H .pdata                  DATA
 0005:00000000 00000058H .rsrc$01                DATA
 0005:00000060 00000180H .rsrc$02                DATA

  Address         Publics by Value              Rva+Base               Lib:Object

 0000:00000000       __guard_fids_count         0000000000000000     <absolute>
 0000:00000000       ___safe_se_handler_count   0000000000000000     <absolute>
 0000:00000000       ___safe_se_handler_table   0000000000000000     <absolute>
 0000:00000000       __guard_fids_table         0000000000000000     <absolute>
 0000:00000000       __guard_flags              0000000000000000     <absolute>
 0000:00000000       __ImageBase                0000000180000000     <linker-defined>
 0001:000000c0       ?initNode@@YAXV?$Local@VObject@v8@@@v8@@@Z 00000001800010c0 f   node_printer.obj
 0001:00000660       _register_node_printer     0000000180001660 f   node_printer.obj
 0001:00000670       ?getStringOrBufferFromV8Value@@YA_NV?$Local@VValue@v8@@@v8@@AEAV?$basic_string@DU?$char_traits@D@std@@V?$allocator@D@2@@std@@@Z 0000000180001670 f   node_printer.obj
 0001:00000750       ?assign@?$basic_string@DU?$char_traits@D@std@@V?$allocator@D@2@@std@@QEAAAEAV12@PEBD_K@Z 0000000180001750 f i node_printer.obj
 0001:00000890       ?assign@?$basic_string@DU?$char_traits@D@std@@V?$allocator@D@2@@std@@QEAAAEAV12@AEBV12@_K1@Z 0000000180001890 f i node_printer.obj
 0001:000009c0       ?erase@?$basic_string@DU?$char_traits@D@std@@V?$allocator@D@2@@std@@QEAAAEAV12@_K0@Z 00000001800019c0 f i node_printer.obj
 0001:00000a90       ?_Copy@?$basic_string@DU?$char_traits@D@std@@V?$allocator@D@2@@std@@QEAAX_K0@Z 0000000180001a90 f i node_printer.obj
 0001:00000b80       ??0?$_Wrap_alloc@V?$allocator@U?$_Tree_node@U?$pair@$$CBV?$basic_string@DU?$char_traits@D@std@@V?$allocator@D@2@@std@@K@std@@PEAX@std@@@std@@@std@@QEAA@XZ 0000000180001b80 f i node_printer_win.obj
 0001:00000b80       ?setbuf@?$basic_streambuf@DU?$char_traits@D@std@@@std@@MEAAPEAV12@PEAD_J@Z 0000000180001b80 f i node_printer_win.obj
 0001:00000b80       ??0?$_Wrap_alloc@V?$allocator@D@std@@@std@@QEAA@XZ 0000000180001b80 f i node_printer.obj
 0001:00000b90       ?_Doraise@exception@stdext@@MEBAXXZ 0000000180001b90 f i node_printer_win.obj
 0001:00000b90       ?_Unlock@?$basic_streambuf@DU?$char_traits@D@std@@@std@@UEAAXXZ 0000000180001b90 f i node_printer_win.obj
 0001:00000b90       ??$destroy@PEAU?$_Tree_node@U?$pair@$$CBV?$basic_string@DU?$char_traits@D@std@@V?$allocator@D@2@@std@@K@std@@PEAX@std@@@?$_Wrap_alloc@V?$allocator@U?$_Tree_node@U?$pair@$$CBV?$basic_string@DU?$char_traits@D@std@@V?$allocator@D@2@@std@@K@std@@PEAX@std@@@std@@@std@@QEAAXPEAPEAU?$_Tree_node@U?$pair@$$CBV?$basic_string@DU?$char_traits@D@std@@V?$allocator@D@2@@std@@K@std@@PEAX@1@@Z 0000000180001b90 f i node_printer_win.obj
 0001:00000b90       ?_Lock@?$basic_streambuf@DU?$char_traits@D@std@@@std@@UEAAXXZ 0000000180001b90 f i node_printer_win.obj
 0001:00000b90       ?imbue@?$basic_streambuf@DU?$char_traits@D@std@@@std@@MEAAXAEBVlocale@2@@Z 0000000180001b90 f i node_printer_win.obj
 0001:00000b90       ??$destroy@PEAD@?$_Wrap_alloc@V?$allocator@D@std@@@std@@QEAAXPEAPEAD@Z 0000000180001b90 f i node_printer.obj
 0001:00000ba0       ?what@exception@stdext@@UEBAPEBDXZ 0000000180001ba0 f i node_printer_win.obj
 0001:00000bc0       ??_G_System_error@std@@UEAAPEAXI@Z 0000000180001bc0 f i node_printer_win.obj
 0001:00000bc0       ??_Gruntime_error@std@@UEAAPEAXI@Z 0000000180001bc0 f i node_printer_win.obj
 0001:00000bc0       ??_Gexception@stdext@@UEAAPEAXI@Z 0000000180001bc0 f i node_printer_win.obj
 0001:00000bc0       ??_Gfailure@ios_base@std@@UEAAPEAXI@Z 0000000180001bc0 f i node_printer_win.obj
 0001:00000bc0       ??_Eexception@stdext@@UEAAPEAXI@Z 0000000180001bc0 f i * CIL library *:* CIL module *
 0001:00000bc0       ??_Efailure@ios_base@std@@UEAAPEAXI@Z 0000000180001bc0 f i * CIL library *:* CIL module *
 0001:00000bc0       ??_Eruntime_error@std@@UEAAPEAXI@Z 0000000180001bc0 f i * CIL library *:* CIL module *
 0001:00000bc0       ??_E_System_error@std@@UEAAPEAXI@Z 0000000180001bc0 f i * CIL library *:* CIL module *
 0001:00000bf0       ?_Doraise@failure@ios_base@std@@MEBAXXZ 0000000180001bf0 f i node_printer_win.obj
 0001:00000bf0       ?_Doraise@runtime_error@std@@MEBAXXZ 0000000180001bf0 f i node_printer_win.obj
 0001:00000c10       ??0_Locinfo@std@@QEAA@PEBD@Z 0000000180001c10 f i node_printer_win.obj
 0001:00000cd0       ??1_Locinfo@std@@QEAA@XZ   0000000180001cd0 f i node_printer_win.obj
 0001:00000d70       ??_E?$num_put@DV?$ostreambuf_iterator@DU?$char_traits@D@std@@@std@@@std@@MEAAPEAXI@Z 0000000180001d70 f i * CIL library *:* CIL module *
 0001:00000d70       ??_E_Facet_base@std@@UEAAPEAXI@Z 0000000180001d70 f i * CIL library *:* CIL module *
 0001:00000d70       ??_G?$num_put@DV?$ostreambuf_iterator@DU?$char_traits@D@std@@@std@@@std@@MEAAPEAXI@Z 0000000180001d70 f i node_printer_win.obj
 0001:00000d70       ??_G_Facet_base@std@@UEAAPEAXI@Z 0000000180001d70 f i node_printer_win.obj
 0001:00000da0       ?_Incref@facet@locale@std@@UEAAXXZ 0000000180001da0 f i node_printer_win.obj
 0001:00000db0       ?_Decref@facet@locale@std@@UEAAPEAV_Facet_base@3@XZ 0000000180001db0 f i node_printer_win.obj
 0001:00000dc0       ?_Getcat@?$ctype@D@std@@SA_KPEAPEBVfacet@locale@2@PEBV42@@Z 0000000180001dc0 f i node_printer_win.obj
 0001:00000ea0       ?do_tolower@?$ctype@D@std@@MEBADD@Z 0000000180001ea0 f i node_printer_win.obj
 0001:00000eb0       ?do_tolower@?$ctype@D@std@@MEBAPEBDPEADPEBD@Z 0000000180001eb0 f i node_printer_win.obj
 0001:00000f20       ?do_toupper@?$ctype@D@std@@MEBADD@Z 0000000180001f20 f i node_printer_win.obj
 0001:00000f30       ?do_toupper@?$ctype@D@std@@MEBAPEBDPEADPEBD@Z 0000000180001f30 f i node_printer_win.obj
 0001:00000fa0       ?do_narrow@?$ctype@D@std@@MEBADDD@Z 0000000180001fa0 f i node_printer_win.obj
 0001:00000fa0       ?do_widen@?$ctype@D@std@@MEBADD@Z 0000000180001fa0 f i node_printer_win.obj
 0001:00000fb0       ?do_widen@?$ctype@D@std@@MEBAPEBDPEBD0PEAD@Z 0000000180001fb0 f i node_printer_win.obj
 0001:00000fd0       ?do_narrow@?$ctype@D@std@@MEBAPEBDPEBD0DPEAD@Z 0000000180001fd0 f i node_printer_win.obj
 0001:00000ff0       ??_G?$ctype@D@std@@MEAAPEAXI@Z 0000000180001ff0 f i node_printer_win.obj
 0001:00000ff0       ??_E?$ctype@D@std@@MEAAPEAXI@Z 0000000180001ff0 f i * CIL library *:* CIL module *
 0001:00001060       ??0_System_error@std@@IEAA@Verror_code@1@AEBV?$basic_string@DU?$char_traits@D@std@@V?$allocator@D@2@@1@@Z 0000000180002060 f i node_printer_win.obj
 0001:000011d0       ?clear@ios_base@std@@QEAAXH_N@Z 00000001800021d0 f i node_printer_win.obj
 0001:00001400       ?_Init@ios_base@std@@IEAAXXZ 0000000180002400 f i node_printer_win.obj
 0001:00001490       ??_Eios_base@std@@UEAAPEAXI@Z 0000000180002490 f i * CIL library *:* CIL module *
 0001:00001490       ??_Gios_base@std@@UEAAPEAXI@Z 0000000180002490 f i node_printer_win.obj
 0001:000014d0       ?getStatusMap@?A0x5bcceaa4@@YAAEBV?$map@V?$basic_string@DU?$char_traits@D@std@@V?$allocator@D@2@@std@@KU?$less@V?$basic_string@DU?$char_traits@D@std@@V?$allocator@D@2@@std@@@2@V?$allocator@U?$pair@$$CBV?$basic_string@DU?$char_traits@D@std@@V?$allocator@D@2@@std@@K@std@@@2@@std@@XZ 00000001800024d0 f   node_printer_win.obj
 0001:00001b90       ?getJobStatusMap@?A0x5bcceaa4@@YAAEBV?$map@V?$basic_string@DU?$char_traits@D@std@@V?$allocator@D@2@@std@@KU?$less@V?$basic_string@DU?$char_traits@D@std@@V?$allocator@D@2@@std@@@2@V?$allocator@U?$pair@$$CBV?$basic_string@DU?$char_traits@D@std@@V?$allocator@D@2@@std@@K@std@@@2@@std@@XZ 0000000180002b90 f   node_printer_win.obj
 0001:00002080       ?getAttributeMap@?A0x5bcceaa4@@YAAEBV?$map@V?$basic_string@DU?$char_traits@D@std@@V?$allocator@D@2@@std@@KU?$less@V?$basic_string@DU?$char_traits@D@std@@V?$allocator@D@2@@std@@@2@V?$allocator@U?$pair@$$CBV?$basic_string@DU?$char_traits@D@std@@V?$allocator@D@2@@std@@K@std@@@2@@std@@XZ 0000000180003080 f   node_printer_win.obj
 0001:00002570       ?getJobCommandMap@?A0x5bcceaa4@@YAAEBV?$map@V?$basic_string@DU?$char_traits@D@std@@V?$allocator@D@2@@std@@KU?$less@V?$basic_string@DU?$char_traits@D@std@@V?$allocator@D@2@@std@@@2@V?$allocator@U?$pair@$$CBV?$basic_string@DU?$char_traits@D@std@@V?$allocator@D@2@@std@@K@std@@@2@@std@@XZ 0000000180003570 f   node_printer_win.obj
 0001:00002980       ?parseJobObject@?A0x5bcceaa4@@YAXPEAU_JOB_INFO_2W@@V?$Local@VObject@v8@@@v8@@@Z 0000000180003980 f   node_printer_win.obj
 0001:00003100       ?getLastErrorCodeAndMessage@?A0x5bcceaa4@@YA?AV?$basic_string@DU?$char_traits@D@std@@V?$allocator@D@2@@std@@XZ 0000000180004100 f   node_printer_win.obj
 0001:00003310       ??_D?$basic_ostringstream@DU?$char_traits@D@std@@V?$allocator@D@2@@std@@QEAAXXZ 0000000180004310 f i node_printer_win.obj
 0001:000033a0       ?retrieveAndParseJobs@?A0x5bcceaa4@@YA?AV?$basic_string@DU?$char_traits@D@std@@V?$allocator@D@2@@std@@QEA_WAEBKV?$Local@VObject@v8@@@v8@@AEAUPrinterHandle@1@@Z 00000001800043a0 f   node_printer_win.obj
 0001:00003660       ?parsePrinterInfo@?A0x5bcceaa4@@YA?AV?$basic_string@DU?$char_traits@D@std@@V?$allocator@D@2@@std@@PEBU_PRINTER_INFO_2W@@V?$Local@VObject@v8@@@v8@@AEAUPrinterHandle@1@@Z 0000000180004660 f   node_printer_win.obj
 0001:00003f60       ?getPrinters@@YAXAEBV?$FunctionCallbackInfo@VValue@v8@@@v8@@@Z 0000000180004f60 f   node_printer_win.obj
 0001:00004290       ?getDefaultPrinterName@@YAXAEBV?$FunctionCallbackInfo@VValue@v8@@@v8@@@Z 0000000180005290 f   node_printer_win.obj
 0001:000043a0       ?getPrinter@@YAXAEBV?$FunctionCallbackInfo@VValue@v8@@@v8@@@Z 00000001800053a0 f   node_printer_win.obj
 0001:000047d0       ?getPrinterDriverOptions@@YAXAEBV?$FunctionCallbackInfo@VValue@v8@@@v8@@@Z 00000001800057d0 f   node_printer_win.obj
 0001:00004840       ?getJob@@YAXAEBV?$FunctionCallbackInfo@VValue@v8@@@v8@@@Z 0000000180005840 f   node_printer_win.obj
 0001:00004cb0       ?setJob@@YAXAEBV?$FunctionCallbackInfo@VValue@v8@@@v8@@@Z 0000000180005cb0 f   node_printer_win.obj
 0001:00005280       ?getSupportedJobCommands@@YAXAEBV?$FunctionCallbackInfo@VValue@v8@@@v8@@@Z 0000000180006280 f   node_printer_win.obj
 0001:000053b0       ?getSupportedPrintFormats@@YAXAEBV?$FunctionCallbackInfo@VValue@v8@@@v8@@@Z 00000001800063b0 f   node_printer_win.obj
 0001:00005710       ?PrintDirect@@YAXAEBV?$FunctionCallbackInfo@VValue@v8@@@v8@@@Z 0000000180006710 f   node_printer_win.obj
 0001:00005cc0       ?PrintFile@@YAXAEBV?$FunctionCallbackInfo@VValue@v8@@@v8@@@Z 0000000180006cc0 f   node_printer_win.obj
 0001:00005d30       ?underflow@?$basic_streambuf@DU?$char_traits@D@std@@@std@@MEAAHXZ 0000000180006d30 f i node_printer_win.obj
 0001:00005d30       ?overflow@?$basic_streambuf@DU?$char_traits@D@std@@@std@@MEAAHH@Z 0000000180006d30 f i node_printer_win.obj
 0001:00005d30       ?pbackfail@?$basic_streambuf@DU?$char_traits@D@std@@@std@@MEAAHH@Z 0000000180006d30 f i node_printer_win.obj
 0001:00005d40       __init_collate             0000000180006d40 f i LIBCMT:initcoll.obj
 0001:00005d40       ?sync@?$basic_streambuf@DU?$char_traits@D@std@@@std@@MEAAHXZ 0000000180006d40 f i node_printer_win.obj
 0001:00005d40       ?showmanyc@?$basic_streambuf@DU?$char_traits@D@std@@@std@@MEAA_JXZ 0000000180006d40 f i node_printer_win.obj
 0001:00005d40       __init_dummy               0000000180006d40 f i LIBCMT:wsetloca.obj
 0001:00005d50       ?uflow@?$basic_streambuf@DU?$char_traits@D@std@@@std@@MEAAHXZ 0000000180006d50 f i node_printer_win.obj
 0001:00005d90       ?xsgetn@?$basic_streambuf@DU?$char_traits@D@std@@@std@@MEAA_JPEAD_J@Z 0000000180006d90 f i node_printer_win.obj
 0001:00005e50       ?xsputn@?$basic_streambuf@DU?$char_traits@D@std@@@std@@MEAA_JPEBD_J@Z 0000000180006e50 f i node_printer_win.obj
 0001:00005f10       ?seekoff@?$basic_streambuf@DU?$char_traits@D@std@@@std@@MEAA?AV?$fpos@H@2@_JHH@Z 0000000180006f10 f i node_printer_win.obj
 0001:00005f10       ?seekpos@?$basic_streambuf@DU?$char_traits@D@std@@@std@@MEAA?AV?$fpos@H@2@V32@H@Z 0000000180006f10 f i node_printer_win.obj
 0001:00005f30       ??6?$basic_ostream@DU?$char_traits@D@std@@@std@@QEAAAEAV01@K@Z 0000000180006f30 f i node_printer_win.obj
 0001:000060d0       ??1?$basic_stringbuf@DU?$char_traits@D@std@@V?$allocator@D@2@@std@@UEAA@XZ 00000001800070d0 f i node_printer_win.obj
 0001:00006170       ?overflow@?$basic_stringbuf@DU?$char_traits@D@std@@V?$allocator@D@2@@std@@MEAAHH@Z 0000000180007170 f i node_printer_win.obj
 0001:000063f0       ?pbackfail@?$basic_stringbuf@DU?$char_traits@D@std@@V?$allocator@D@2@@std@@MEAAHH@Z 00000001800073f0 f i node_printer_win.obj
 0001:00006440       ?underflow@?$basic_stringbuf@DU?$char_traits@D@std@@V?$allocator@D@2@@std@@MEAAHXZ 0000000180007440 f i node_printer_win.obj
 0001:000064a0       ?seekoff@?$basic_stringbuf@DU?$char_traits@D@std@@V?$allocator@D@2@@std@@MEAA?AV?$fpos@H@2@_JHH@Z 00000001800074a0 f i node_printer_win.obj
 0001:00006630       ?seekpos@?$basic_stringbuf@DU?$char_traits@D@std@@V?$allocator@D@2@@std@@MEAA?AV?$fpos@H@2@V32@H@Z 0000000180007630 f i node_printer_win.obj
 0001:00006740       ??_E?$basic_streambuf@DU?$char_traits@D@std@@@std@@UEAAPEAXI@Z 0000000180007740 f i * CIL library *:* CIL module *
 0001:00006740       ??_G?$basic_streambuf@DU?$char_traits@D@std@@@std@@UEAAPEAXI@Z 0000000180007740 f i node_printer_win.obj
 0001:000067c0       ??_E?$basic_ostream@DU?$char_traits@D@std@@@std@@UEAAPEAXI@Z 00000001800077c0 f i * CIL library *:* CIL module *
 0001:000067c0       ??_G?$basic_ostream@DU?$char_traits@D@std@@@std@@UEAAPEAXI@Z 00000001800077c0 f i node_printer_win.obj
 0001:00006830       ??_G?$basic_ostringstream@DU?$char_traits@D@std@@V?$allocator@D@2@@std@@UEAAPEAXI@Z 0000000180007830 f i node_printer_win.obj
 0001:00006830       ??_E?$basic_ostringstream@DU?$char_traits@D@std@@V?$allocator@D@2@@std@@UEAAPEAXI@Z 0000000180007830 f i * CIL library *:* CIL module *
 0001:00006870       ??_E?$basic_stringbuf@DU?$char_traits@D@std@@V?$allocator@D@2@@std@@UEAAPEAXI@Z 0000000180007870 f i * CIL library *:* CIL module *
 0001:00006870       ??_G?$basic_stringbuf@DU?$char_traits@D@std@@V?$allocator@D@2@@std@@UEAAPEAXI@Z 0000000180007870 f i node_printer_win.obj
 0001:000068a0       ?append@?$basic_string@DU?$char_traits@D@std@@V?$allocator@D@2@@std@@QEAAAEAV12@AEBV12@_K1@Z 00000001800078a0 f i node_printer_win.obj
 0001:000069d0       ?append@?$basic_string@DU?$char_traits@D@std@@V?$allocator@D@2@@std@@QEAAAEAV12@PEBD_K@Z 00000001800079d0 f i node_printer_win.obj
 0001:00006b20       ?init@?$basic_ios@DU?$char_traits@D@std@@@std@@IEAAXPEAV?$basic_streambuf@DU?$char_traits@D@std@@@2@_N@Z 0000000180007b20 f i node_printer_win.obj
 0001:00006bc0       ?_Gnavail@?$basic_streambuf@DU?$char_traits@D@std@@@std@@IEBA_JXZ 0000000180007bc0 f i node_printer_win.obj
 0001:00006be0       ?_Pnavail@?$basic_streambuf@DU?$char_traits@D@std@@@std@@IEBA_JXZ 0000000180007be0 f i node_printer_win.obj
 0001:00006c00       ?str@?$basic_stringbuf@DU?$char_traits@D@std@@V?$allocator@D@2@@std@@QEBA?AV?$basic_string@DU?$char_traits@D@std@@V?$allocator@D@2@@2@XZ 0000000180007c00 f i node_printer_win.obj
 0001:00006d90       ??0sentry@?$basic_ostream@DU?$char_traits@D@std@@@std@@QEAA@AEAV12@@Z 0000000180007d90 f i node_printer_win.obj
 0001:00006e00       ?do_put@?$num_put@DV?$ostreambuf_iterator@DU?$char_traits@D@std@@@std@@@std@@MEBA?AV?$ostreambuf_iterator@DU?$char_traits@D@std@@@2@V32@AEAVios_base@2@D_N@Z 0000000180007e00 f i node_printer_win.obj
 0001:00007120       ?do_put@?$num_put@DV?$ostreambuf_iterator@DU?$char_traits@D@std@@@std@@@std@@MEBA?AV?$ostreambuf_iterator@DU?$char_traits@D@std@@@2@V32@AEAVios_base@2@DJ@Z 0000000180008120 f i node_printer_win.obj
 0001:00007220       ?do_put@?$num_put@DV?$ostreambuf_iterator@DU?$char_traits@D@std@@@std@@@std@@MEBA?AV?$ostreambuf_iterator@DU?$char_traits@D@std@@@2@V32@AEAVios_base@2@DK@Z 0000000180008220 f i node_printer_win.obj
 0001:00007320       ?do_put@?$num_put@DV?$ostreambuf_iterator@DU?$char_traits@D@std@@@std@@@std@@MEBA?AV?$ostreambuf_iterator@DU?$char_traits@D@std@@@2@V32@AEAVios_base@2@D_J@Z 0000000180008320 f i node_printer_win.obj
 0001:00007420       ?do_put@?$num_put@DV?$ostreambuf_iterator@DU?$char_traits@D@std@@@std@@@std@@MEBA?AV?$ostreambuf_iterator@DU?$char_traits@D@std@@@2@V32@AEAVios_base@2@D_K@Z 0000000180008420 f i node_printer_win.obj
 0001:00007520       ?do_put@?$num_put@DV?$ostreambuf_iterator@DU?$char_traits@D@std@@@std@@@std@@MEBA?AV?$ostreambuf_iterator@DU?$char_traits@D@std@@@2@V32@AEAVios_base@2@DN@Z 0000000180008520 f i node_printer_win.obj
 0001:00007760       ?do_put@?$num_put@DV?$ostreambuf_iterator@DU?$char_traits@D@std@@@std@@@std@@MEBA?AV?$ostreambuf_iterator@DU?$char_traits@D@std@@@2@V32@AEAVios_base@2@DO@Z 0000000180008760 f i node_printer_win.obj
 0001:00007990       ?do_put@?$num_put@DV?$ostreambuf_iterator@DU?$char_traits@D@std@@@std@@@std@@MEBA?AV?$ostreambuf_iterator@DU?$char_traits@D@std@@@2@V32@AEAVios_base@2@DPEBX@Z 0000000180008990 f i node_printer_win.obj
 0001:00007a30       ?do_decimal_point@?$numpunct@D@std@@MEBADXZ 0000000180008a30 f i node_printer_win.obj
 0001:00007a40       ?do_thousands_sep@?$numpunct@D@std@@MEBADXZ 0000000180008a40 f i node_printer_win.obj
 0001:00007a50       ?do_grouping@?$numpunct@D@std@@MEBA?AV?$basic_string@DU?$char_traits@D@std@@V?$allocator@D@2@@2@XZ 0000000180008a50 f i node_printer_win.obj
 0001:00007aa0       ?do_falsename@?$numpunct@D@std@@MEBA?AV?$basic_string@DU?$char_traits@D@std@@V?$allocator@D@2@@2@XZ 0000000180008aa0 f i node_printer_win.obj
 0001:00007af0       ?do_truename@?$numpunct@D@std@@MEBA?AV?$basic_string@DU?$char_traits@D@std@@V?$allocator@D@2@@2@XZ 0000000180008af0 f i node_printer_win.obj
 0001:00007b40       ??_E?$numpunct@D@std@@MEAAPEAXI@Z 0000000180008b40 f i * CIL library *:* CIL module *
 0001:00007b40       ??_G?$numpunct@D@std@@MEAAPEAXI@Z 0000000180008b40 f i node_printer_win.obj
 0001:00007ba0       ?insert@?$basic_string@DU?$char_traits@D@std@@V?$allocator@D@2@@std@@QEAAAEAV12@_K0D@Z 0000000180008ba0 f i node_printer_win.obj
 0001:00007d10       ??0?$basic_streambuf@DU?$char_traits@D@std@@@std@@IEAA@XZ 0000000180008d10 f i node_printer_win.obj
 0001:00007dc0       ?flush@?$basic_ostream@DU?$char_traits@D@std@@@std@@QEAAAEAV12@XZ 0000000180008dc0 f i node_printer_win.obj
 0001:00007ea0       ?_Fput@?$num_put@DV?$ostreambuf_iterator@DU?$char_traits@D@std@@@std@@@std@@AEBA?AV?$ostreambuf_iterator@DU?$char_traits@D@std@@@2@V32@AEAVios_base@2@DPEBD_K333@Z 0000000180008ea0 f i node_printer_win.obj
 0001:00008600       ?_Iput@?$num_put@DV?$ostreambuf_iterator@DU?$char_traits@D@std@@@std@@@std@@AEBA?AV?$ostreambuf_iterator@DU?$char_traits@D@std@@@2@V32@AEAVios_base@2@DPEAD_K@Z 0000000180009600 f i node_printer_win.obj
 0001:00008c90       ?assign@?$basic_string@DU?$char_traits@D@std@@V?$allocator@D@2@@std@@QEAAAEAV12@_KD@Z 0000000180009c90 f i node_printer_win.obj
 0001:00008da0       ?_Erase@?$_Tree@V?$_Tmap_traits@V?$basic_string@DU?$char_traits@D@std@@V?$allocator@D@2@@std@@KU?$less@V?$basic_string@DU?$char_traits@D@std@@V?$allocator@D@2@@std@@@2@V?$allocator@U?$pair@$$CBV?$basic_string@DU?$char_traits@D@std@@V?$allocator@D@2@@std@@K@std@@@2@$0A@@std@@@std@@IEAAXPEAU?$_Tree_node@U?$pair@$$CBV?$basic_string@DU?$char_traits@D@std@@V?$allocator@D@2@@std@@K@std@@PEAX@2@@Z 0000000180009da0 f i node_printer_win.obj
 0001:00008e30       ??$use_facet@V?$ctype@D@std@@@std@@YAAEBV?$ctype@D@0@AEBVlocale@0@@Z 0000000180009e30 f i node_printer_win.obj
 0001:00008f40       ??$insert@U?$pair@PEBDH@std@@@?$_Tree@V?$_Tmap_traits@V?$basic_string@DU?$char_traits@D@std@@V?$allocator@D@2@@std@@KU?$less@V?$basic_string@DU?$char_traits@D@std@@V?$allocator@D@2@@std@@@2@V?$allocator@U?$pair@$$CBV?$basic_string@DU?$char_traits@D@std@@V?$allocator@D@2@@std@@K@std@@@2@$0A@@std@@@std@@QEAA?AU?$pair@V?$_Tree_iterator@V?$_Tree_val@U?$_Tree_simple_types@U?$pair@$$CBV?$basic_string@DU?$char_traits@D@std@@V?$allocator@D@2@@std@@K@std@@@std@@@std@@@std@@_N@1@$$QEAU?$pair@PEBDH@1@@Z 0000000180009f40 f i node_printer_win.obj
 0001:00009020       ??$?6U?$char_traits@D@std@@@std@@YAAEAV?$basic_ostream@DU?$char_traits@D@std@@@0@AEAV10@PEBD@Z 000000018000a020 f i node_printer_win.obj
 0001:00009260       ??$?6DU?$char_traits@D@std@@V?$allocator@D@1@@std@@YAAEAV?$basic_ostream@DU?$char_traits@D@std@@@0@AEAV10@AEBV?$basic_string@DU?$char_traits@D@std@@V?$allocator@D@2@@0@@Z 000000018000a260 f i node_printer_win.obj
 0001:000094a0       ??$use_facet@V?$num_put@DV?$ostreambuf_iterator@DU?$char_traits@D@std@@@std@@@std@@@std@@YAAEBV?$num_put@DV?$ostreambuf_iterator@DU?$char_traits@D@std@@@std@@@0@AEBVlocale@0@@Z 000000018000a4a0 f i node_printer_win.obj
 0001:000095b0       ??$use_facet@V?$numpunct@D@std@@@std@@YAAEBV?$numpunct@D@0@AEBVlocale@0@@Z 000000018000a5b0 f i node_printer_win.obj
 0001:000096c0       ?_Getcat@?$num_put@DV?$ostreambuf_iterator@DU?$char_traits@D@std@@@std@@@std@@SA_KPEAPEBVfacet@locale@2@PEBV42@@Z 000000018000a6c0 f i node_printer_win.obj
 0001:00009780       ?_Getcat@?$numpunct@D@std@@SA_KPEAPEBVfacet@locale@2@PEBV42@@Z 000000018000a780 f i node_printer_win.obj
 0001:00009860       ?_Init@?$numpunct@D@std@@IEAAXAEBV_Locinfo@2@_N@Z 000000018000a860 f i node_printer_win.obj
 0001:00009990       ??$_Insert_nohint@AEAU?$pair@$$CBV?$basic_string@DU?$char_traits@D@std@@V?$allocator@D@2@@std@@K@std@@PEAU?$_Tree_node@U?$pair@$$CBV?$basic_string@DU?$char_traits@D@std@@V?$allocator@D@2@@std@@K@std@@PEAX@2@@?$_Tree@V?$_Tmap_traits@V?$basic_string@DU?$char_traits@D@std@@V?$allocator@D@2@@std@@KU?$less@V?$basic_string@DU?$char_traits@D@std@@V?$allocator@D@2@@std@@@2@V?$allocator@U?$pair@$$CBV?$basic_string@DU?$char_traits@D@std@@V?$allocator@D@2@@std@@K@std@@@2@$0A@@std@@@std@@IEAA?AU?$pair@V?$_Tree_iterator@V?$_Tree_val@U?$_Tree_simple_types@U?$pair@$$CBV?$basic_string@DU?$char_traits@D@std@@V?$allocator@D@2@@std@@K@std@@@std@@@std@@@std@@_N@1@_NAEAU?$pair@$$CBV?$basic_string@DU?$char_traits@D@std@@V?$allocator@D@2@@std@@K@1@PEAU?$_Tree_node@U?$pair@$$CBV?$basic_string@DU?$char_traits@D@std@@V?$allocator@D@2@@std@@K@std@@PEAX@1@@Z 000000018000a990 f i node_printer_win.obj
 0001:00009bb0       ??$_Insert_at@AEAU?$pair@$$CBV?$basic_string@DU?$char_traits@D@std@@V?$allocator@D@2@@std@@K@std@@PEAU?$_Tree_node@U?$pair@$$CBV?$basic_string@DU?$char_traits@D@std@@V?$allocator@D@2@@std@@K@std@@PEAX@2@@?$_Tree@V?$_Tmap_traits@V?$basic_string@DU?$char_traits@D@std@@V?$allocator@D@2@@std@@KU?$less@V?$basic_string@DU?$char_traits@D@std@@V?$allocator@D@2@@std@@@2@V?$allocator@U?$pair@$$CBV?$basic_string@DU?$char_traits@D@std@@V?$allocator@D@2@@std@@K@std@@@2@$0A@@std@@@std@@IEAA?AV?$_Tree_iterator@V?$_Tree_val@U?$_Tree_simple_types@U?$pair@$$CBV?$basic_string@DU?$char_traits@D@std@@V?$allocator@D@2@@std@@K@std@@@std@@@std@@@1@_NPEAU?$_Tree_node@U?$pair@$$CBV?$basic_string@DU?$char_traits@D@std@@V?$allocator@D@2@@std@@K@std@@PEAX@1@AEAU?$pair@$$CBV?$basic_string@DU?$char_traits@D@std@@V?$allocator@D@2@@std@@K@1@1@Z 000000018000abb0 f i node_printer_win.obj
 0001:00009e7c       ??_E?$basic_ostringstream@DU?$char_traits@D@std@@V?$allocator@D@2@@std@@$4PPPPPPPM@A@EAAPEAXI@Z 000000018000ae7c f i node_printer_win.obj
 0001:00009e88       ??_E?$basic_ostream@DU?$char_traits@D@std@@@std@@$4PPPPPPPM@A@EAAPEAXI@Z 000000018000ae88 f i node_printer_win.obj
 0001:00009e94       ??0bad_alloc@std@@QEAA@AEBV01@@Z 000000018000ae94 f i libcpmt:xthrow.obj
 0001:00009eb8       ??0length_error@std@@QEAA@AEBV01@@Z 000000018000aeb8 f i libcpmt:xthrow.obj
 0001:00009edc       ??0logic_error@std@@QEAA@AEBV01@@Z 000000018000aedc f i libcpmt:xthrow.obj
 0001:00009f00       ??0out_of_range@std@@QEAA@AEBV01@@Z 000000018000af00 f i libcpmt:xthrow.obj
 0001:00009f24       ??1bad_alloc@std@@UEAA@XZ  000000018000af24 f i libcpmt:xthrow.obj
 0001:00009f34       ??1length_error@std@@UEAA@XZ 000000018000af34 f i libcpmt:xthrow.obj
 0001:00009f34       ??1out_of_range@std@@UEAA@XZ 000000018000af34 f i libcpmt:xthrow.obj
 0001:00009f3c       ??_Gbad_alloc@std@@UEAAPEAXI@Z 000000018000af3c f i libcpmt:xthrow.obj
 0001:00009f3c       ??_Ebad_alloc@std@@UEAAPEAXI@Z 000000018000af3c f i libcpmt:xthrow.obj
 0001:00009f78       ??_Gout_of_range@std@@UEAAPEAXI@Z 000000018000af78 f i libcpmt:xthrow.obj
 0001:00009f78       ??_Glogic_error@std@@UEAAPEAXI@Z 000000018000af78 f i libcpmt:xthrow.obj
 0001:00009f78       ??_Eout_of_range@std@@UEAAPEAXI@Z 000000018000af78 f i libcpmt:xthrow.obj
 0001:00009f78       ??_Glength_error@std@@UEAAPEAXI@Z 000000018000af78 f i libcpmt:xthrow.obj
 0001:00009f78       ??_Elogic_error@std@@UEAAPEAXI@Z 000000018000af78 f i libcpmt:xthrow.obj
 0001:00009f78       ??_Elength_error@std@@UEAAPEAXI@Z 000000018000af78 f i libcpmt:xthrow.obj
 0001:00009fa8       ?_Xbad_alloc@std@@YAXXZ    000000018000afa8 f   libcpmt:xthrow.obj
 0001:00009fec       ?_Xlength_error@std@@YAXPEBD@Z 000000018000afec f   libcpmt:xthrow.obj
 0001:0000a024       ?_Xout_of_range@std@@YAXPEBD@Z 000000018000b024 f   libcpmt:xthrow.obj
 0001:0000a05c       _Getcvt                    000000018000b05c f   libcpmt:xwctomb.obj
 0001:0000a0ec       ??4?$_Yarn@D@std@@QEAAAEAV01@PEBD@Z 000000018000b0ec f i libcpmt:locale0.obj
 0001:0000a164       ??_G_Locimp@locale@std@@MEAAPEAXI@Z 000000018000b164 f i libcpmt:locale0.obj
 0001:0000a164       ??_E_Locimp@locale@std@@MEAAPEAXI@Z 000000018000b164 f i libcpmt:locale0.obj
 0001:0000a1bc       ?_Facet_Register@std@@YAXPEAV_Facet_base@1@@Z 000000018000b1bc f   libcpmt:locale0.obj
 0001:0000a1f0       ?_Getgloballocale@locale@std@@CAPEAV_Locimp@12@XZ 000000018000b1f0 f   libcpmt:locale0.obj
 0001:0000a1f8       ?_Init@locale@std@@CAPEAV_Locimp@12@_N@Z 000000018000b1f8 f   libcpmt:locale0.obj
 0001:0000a298       ?_Locimp_dtor@_Locimp@locale@std@@CAXPEAV123@@Z 000000018000b298 f   libcpmt:locale0.obj
 0001:0000a310       ?_Locinfo_ctor@_Locinfo@std@@SAXPEAV12@PEBD@Z 000000018000b310 f   libcpmt:locale0.obj
 0001:0000a37c       ?_Locinfo_dtor@_Locinfo@std@@SAXPEAV12@@Z 000000018000b37c f   libcpmt:locale0.obj
 0001:0000a3a0       ?_New_Locimp@_Locimp@locale@std@@CAPEAV123@_N@Z 000000018000b3a0 f   libcpmt:locale0.obj
 0001:0000a40c       ?_Setgloballocale@locale@std@@CAXPEAX@Z 000000018000b40c f   libcpmt:locale0.obj
 0001:0000a440       _Deletegloballocale        000000018000b440 f   libcpmt:locale0.obj
 0001:0000a4a0       ?_Ios_base_dtor@ios_base@std@@CAXPEAV12@@Z 000000018000b4a0 f   libcpmt:ios.obj
 0001:0000a504       ?_Tidy@ios_base@std@@AEAAXXZ 000000018000b504 f i libcpmt:ios.obj
 0001:0000a574       ??0_Init_locks@std@@QEAA@XZ 000000018000b574 f   libcpmt:xlock.obj
 0001:0000a5c0       ??0_Lockit@std@@QEAA@H@Z   000000018000b5c0 f   libcpmt:xlock.obj
 0001:0000a600       ??1_Init_locks@std@@QEAA@XZ 000000018000b600 f   libcpmt:xlock.obj
 0001:0000a63c       ??1_Lockit@std@@QEAA@XZ    000000018000b63c f   libcpmt:xlock.obj
 0001:0000a674       ??_U@YAPEAX_K@Z            000000018000b674 f   libcpmt:newaop.obj
 0001:0000a67c       _Getctype                  000000018000b67c f   libcpmt:_tolower.obj
 0001:0000a6f8       _Tolower                   000000018000b6f8 f   libcpmt:_tolower.obj
 0001:0000a82c       _Toupper                   000000018000b82c f   libcpmt:_toupper.obj
 0001:0000a970       ?_Atexit@@YAXP6AXXZ@Z      000000018000b970 f   libcpmt:iosptrs.obj
 0001:0000a9b0       _Mtxdst                    000000018000b9b0 f   libcpmt:xmtx.obj
 0001:0000a9b8       _Mtxinit                   000000018000b9b8 f   libcpmt:xmtx.obj
 0001:0000a9c8       _Mtxlock                   000000018000b9c8 f   libcpmt:xmtx.obj
 0001:0000a9d0       _Mtxunlock                 000000018000b9d0 f   libcpmt:xmtx.obj
 0001:0000a9f0       __security_check_cookie    000000018000b9f0 f   LIBCMT:amdsecgs.obj
 0001:0000aa20       memmove                    000000018000ba20 f   LIBCMT:memcpy.obj
 0001:0000aa20       memcpy                     000000018000ba20 f   LIBCMT:memcpy.obj
 0001:0000af88       __onexitinit               000000018000bf88 f   LIBCMT:onexit.obj
 0001:0000afcc       _onexit                    000000018000bfcc f   LIBCMT:onexit.obj
 0001:0000b0d8       atexit                     000000018000c0d8 f   LIBCMT:onexit.obj
 0001:0000b0f0       _purecall                  000000018000c0f0 f   LIBCMT:purevirt.obj
 0001:0000b11c       ??3@YAXPEAX@Z              000000018000c11c f   LIBCMT:delete.obj
 0001:0000b124       ??2@YAPEAX_K@Z             000000018000c124 f   LIBCMT:new.obj
 0001:0000b190       _set_abort_behavior        000000018000c190 f   LIBCMT:abort.obj
 0001:0000b1ac       abort                      000000018000c1ac f   LIBCMT:abort.obj
 0001:0000b204       _call_reportfault          000000018000c204 f   LIBCMT:invarg.obj
 0001:0000b2f8       _initp_misc_invarg         000000018000c2f8 f   LIBCMT:invarg.obj
 0001:0000b300       _invalid_parameter         000000018000c300 f   LIBCMT:invarg.obj
 0001:0000b368       _invalid_parameter_noinfo  000000018000c368 f   LIBCMT:invarg.obj
 0001:0000b388       _invoke_watson             000000018000c388 f   LIBCMT:invarg.obj
 0001:0000b3c4       sprintf_s                  000000018000c3c4 f   LIBCMT:sprintf.obj
 0001:0000b3e8       free                       000000018000c3e8 f   LIBCMT:free.obj
 0001:0000b428       malloc                     000000018000c428 f   LIBCMT:malloc.obj
 0001:0000b4e0       localeconv                 000000018000c4e0 f   LIBCMT:lconv.obj
 0001:0000b518       ??_V@YAXPEAX@Z             000000018000c518 f   LIBCMT:delete2.obj
 0001:0000b520       strcspn                    000000018000c520 f   LIBCMT:strcspn.obj
 0001:0000b5c0       ??0_LocaleUpdate@@QEAA@PEAUlocaleinfo_struct@@@Z 000000018000c5c0 f i LIBCMT:stricmp.obj
 0001:0000b668       _CRT_INIT                  000000018000c668 f   LIBCMT:dllcrt0.obj
 0001:0000b7c8       _DllMainCRTStartup         000000018000c7c8 f   LIBCMT:dllcrt0.obj
 0001:0000b940       strlen                     000000018000c940 f   LIBCMT:strlen.obj
 0001:0000b9e8       _CxxThrowException         000000018000c9e8 f   LIBCMT:throw.obj
 0001:0000bab0       ?_GetEstablisherFrame@@YAPEA_KPEA_KPEAU_xDISPATCHER_CONTEXT@@PEBU_s_FuncInfo@@0@Z 000000018000cab0 f   LIBCMT:trnsctrl.obj
 0001:0000bb7c       ?_GetRangeOfTrysToCheck@@YAPEBU_s_TryBlockMapEntry@@PEA_KPEBU_s_FuncInfo@@HHPEAI2PEAU_xDISPATCHER_CONTEXT@@@Z 000000018000cb7c f   LIBCMT:trnsctrl.obj
 0001:0000bca8       ?__FrameUnwindToEmptyState@@YAXPEA_KPEAU_xDISPATCHER_CONTEXT@@PEBU_s_FuncInfo@@@Z 000000018000cca8 f   LIBCMT:trnsctrl.obj
 0001:0000bd3c       ?__SehTransFilter@@YAHPEAU_EXCEPTION_POINTERS@@PEAUEHExceptionRecord@@PEA_KPEAU_CONTEXT@@PEAU_xDISPATCHER_CONTEXT@@PEBU_s_FuncInfo@@PEAH@Z 000000018000cd3c f   LIBCMT:trnsctrl.obj
 0001:0000bde0       _CallSETranslator          000000018000cde0 f   LIBCMT:trnsctrl.obj
 0001:0000be34       _CreateFrameInfo           000000018000ce34 f   LIBCMT:trnsctrl.obj
 0001:0000be78       _FindAndUnlinkFrame        000000018000ce78 f   LIBCMT:trnsctrl.obj
 0001:0000bed8       _GetImageBase              000000018000ced8 f   LIBCMT:trnsctrl.obj
 0001:0000bef0       _GetThrowImageBase         000000018000cef0 f   LIBCMT:trnsctrl.obj
 0001:0000bf08       _IsExceptionObjectToBeDestroyed 000000018000cf08 f   LIBCMT:trnsctrl.obj
 0001:0000bf3c       _SetImageBase              000000018000cf3c f   LIBCMT:trnsctrl.obj
 0001:0000bf58       _SetThrowImageBase         000000018000cf58 f   LIBCMT:trnsctrl.obj
 0001:0000bf74       _UnwindNestedFrames        000000018000cf74 f   LIBCMT:trnsctrl.obj
 0001:0000c098       __CxxFrameHandler3         000000018000d098 f   LIBCMT:trnsctrl.obj
 0001:0000c120       ??8type_info@@QEBA_NAEBV0@@Z 000000018000d120 f   LIBCMT:typinfo.obj
 0001:0000c140       ??_Etype_info@@UEAAPEAXI@Z 000000018000d140 f i LIBCMT:typinfo.obj
 0001:0000c140       ??_Gtype_info@@UEAAPEAXI@Z 000000018000d140 f i LIBCMT:typinfo.obj
 0001:0000c17c       _fpmath                    000000018000d17c f   LIBCMT:fpinit.obj
 0001:0000c184       _cfltcvt_init              000000018000d184 f   LIBCMT:fpinit.obj
 0001:0000c20c       ??0exception@std@@QEAA@AEBQEBD@Z 000000018000d20c f   LIBCMT:stdexcpt.obj
 0001:0000c23c       ??0exception@std@@QEAA@AEBQEBDH@Z 000000018000d23c f   LIBCMT:stdexcpt.obj
 0001:0000c258       ??0exception@std@@QEAA@AEBV01@@Z 000000018000d258 f   LIBCMT:stdexcpt.obj
 0001:0000c284       ??1exception@std@@UEAA@XZ  000000018000d284 f   LIBCMT:stdexcpt.obj
 0001:0000c294       ??4exception@std@@QEAAAEAV01@AEBV01@@Z 000000018000d294 f   LIBCMT:stdexcpt.obj
 0001:0000c2d8       ??_Gexception@std@@UEAAPEAXI@Z 000000018000d2d8 f i LIBCMT:stdexcpt.obj
 0001:0000c2d8       ??_Eexception@std@@UEAAPEAXI@Z 000000018000d2d8 f i LIBCMT:stdexcpt.obj
 0001:0000c314       ?_Copy_str@exception@std@@AEAAXPEBD@Z 000000018000d314 f   LIBCMT:stdexcpt.obj
 0001:0000c370       ?_Tidy@exception@std@@AEAAXXZ 000000018000d370 f   LIBCMT:stdexcpt.obj
 0001:0000c398       ?what@exception@std@@UEBAPEBDXZ 000000018000d398 f   LIBCMT:stdexcpt.obj
 0001:0000c3ac       ___lc_codepage_func        000000018000d3ac f   LIBCMT:initctyp.obj
 0001:0000c3e4       ___lc_locale_name_func     000000018000d3e4 f   LIBCMT:initctyp.obj
 0001:0000c420       ___mb_cur_max_func         000000018000d420 f   LIBCMT:initctyp.obj
 0001:0000c45c       __init_ctype               000000018000d45c f   LIBCMT:initctyp.obj
 0001:0000c880       __doserrno                 000000018000d880 f   LIBCMT:dosmap.obj
 0001:0000c8a0       _dosmaperr                 000000018000d8a0 f   LIBCMT:dosmap.obj
 0001:0000c8f0       _errno                     000000018000d8f0 f   LIBCMT:dosmap.obj
 0001:0000c910       _get_errno_from_oserr      000000018000d910 f   LIBCMT:dosmap.obj
 0001:0000c9dc       _ismbblead                 000000018000d9dc f   LIBCMT:ismbbyte.obj
 0001:0000ca00       memset                     000000018000da00 f   LIBCMT:memset.obj
 0001:0000cc2c       setlocale                  000000018000dc2c f   LIBCMT:setlocal.obj
 0001:0000ce9c       _lock                      000000018000de9c f   LIBCMT:mlock.obj
 0001:0000cee0       _mtdeletelocks             000000018000dee0 f   LIBCMT:mlock.obj
 0001:0000cf68       _mtinitlocknum             000000018000df68 f   LIBCMT:mlock.obj
 0001:0000d028       _mtinitlocks               000000018000e028 f   LIBCMT:mlock.obj
 0001:0000d08c       _unlock                    000000018000e08c f   LIBCMT:mlock.obj
 0001:0000d0a4       __pctype_func              000000018000e0a4 f   LIBCMT:ctype.obj
 0001:0000d0e0       isdigit                    000000018000e0e0 f i LIBCMT:_ctype.obj
 0001:0000d15c       islower                    000000018000e15c f i LIBCMT:_ctype.obj
 0001:0000d1d8       isupper                    000000018000e1d8 f i LIBCMT:_ctype.obj
 0001:0000d254       _wcsdup                    000000018000e254 f   LIBCMT:wcsdup.obj
 0001:0000d5b8       __crtLCMapStringA          000000018000e5b8 f   LIBCMT:a_map.obj
 0001:0000d650       _calloc_crt                000000018000e650 f   LIBCMT:crtheap.obj
 0001:0000d6d0       _malloc_crt                000000018000e6d0 f   LIBCMT:crtheap.obj
 0001:0000d74c       _realloc_crt               000000018000e74c f   LIBCMT:crtheap.obj
 0001:0000d7e0       strcmp                     000000018000e7e0 f   LIBCMT:strcmp.obj
 0001:0000d848       __GSHandlerCheck           000000018000e848 f   LIBCMT:gshandler.obj
 0001:0000d868       __GSHandlerCheckCommon     000000018000e868 f   LIBCMT:gshandler.obj
 0001:0000d8cc       __crtCaptureCurrentContext 000000018000e8cc f   LIBCMT:winapisupp.obj
 0001:0000d93c       __crtCapturePreviousContext 000000018000e93c f   LIBCMT:winapisupp.obj
 0001:0000d9b0       __crtFlsAlloc              000000018000e9b0 f   LIBCMT:winapisupp.obj
 0001:0000d9cc       __crtFlsFree               000000018000e9cc f   LIBCMT:winapisupp.obj
 0001:0000d9e8       __crtFlsGetValue           000000018000e9e8 f   LIBCMT:winapisupp.obj
 0001:0000da04       __crtFlsSetValue           000000018000ea04 f   LIBCMT:winapisupp.obj
 0001:0000da20       __crtInitializeCriticalSectionEx 000000018000ea20 f   LIBCMT:winapisupp.obj
 0001:0000da4c       __crtIsPackagedApp         000000018000ea4c f   LIBCMT:winapisupp.obj
 0001:0000da98       __crtLoadWinApiPointers    000000018000ea98 f   LIBCMT:winapisupp.obj
 0001:0000de94       __crtSleep                 000000018000ee94 f   LIBCMT:winapisupp.obj
 0001:0000de9c       __crtTerminateProcess      000000018000ee9c f   LIBCMT:winapisupp.obj
 0001:0000debc       __crtUnhandledException    000000018000eebc f   LIBCMT:winapisupp.obj
 0001:0000dedc       wcslen                     000000018000eedc f   LIBCMT:wcslen.obj
 0001:0000def8       _tolower_l                 000000018000eef8 f   LIBCMT:tolower.obj
 0001:0000e04c       tolower                    000000018000f04c f   LIBCMT:tolower.obj
 0001:0000e080       memcmp                     000000018000f080 f   LIBCMT:memcmp.obj
 0001:0000e148       GetTableIndexFromLcid      000000018000f148 f   LIBCMT:winapinls.obj
 0001:0000e18c       GetTableIndexFromLocaleName 000000018000f18c f   LIBCMT:winapinls.obj
 0001:0000e218       __crtDownlevelLCIDToLocaleName 000000018000f218 f   LIBCMT:winapinls.obj
 0001:0000e2c8       __crtDownlevelLocaleNameToLCID 000000018000f2c8 f   LIBCMT:winapinls.obj
 0001:0000e308       __crtEnumSystemLocalesEx   000000018000f308 f   LIBCMT:winapinls.obj
 0001:0000e34c       __crtGetLocaleInfoEx       000000018000f34c f   LIBCMT:winapinls.obj
 0001:0000e39c       __crtGetUserDefaultLocaleName 000000018000f39c f   LIBCMT:winapinls.obj
 0001:0000e3e0       __crtIsValidLocaleName     000000018000f3e0 f   LIBCMT:winapinls.obj
 0001:0000e414       __crtLCMapStringEx         000000018000f414 f   LIBCMT:winapinls.obj
 0001:0000e4a4       __wcsnicmp_ascii           000000018000f4a4 f   LIBCMT:winapinls.obj
 0001:0000e4fc       __crtLCMapStringW          000000018000f4fc f   LIBCMT:w_map.obj
 0001:0000e548       __raise_securityfailure    000000018000f548 f   LIBCMT:gs_report.obj
 0001:0000e594       __report_gsfailure         000000018000f594 f   LIBCMT:gs_report.obj
 0001:0000e668       __report_rangecheckfailure 000000018000f668 f   LIBCMT:gs_report.obj
 0001:0000e67c       __report_securityfailure   000000018000f67c f   LIBCMT:gs_report.obj
 0001:0000e718       __isa_available_init       000000018000f718 f   LIBCMT:cpu_disp.obj
 0001:0000e8bc       __crtCorExitProcess        000000018000f8bc f   LIBCMT:crt0dat.obj
 0001:0000e900       __crtExitProcess           000000018000f900 f   LIBCMT:crt0dat.obj
 0001:0000e918       __freeCrtMemory            000000018000f918 f   LIBCMT:crt0dat.obj
 0001:0000ea60       _amsg_exit                 000000018000fa60 f   LIBCMT:crt0dat.obj
 0001:0000ea88       _cexit                     000000018000fa88 f   LIBCMT:crt0dat.obj
 0001:0000ea98       _cinit                     000000018000fa98 f   LIBCMT:crt0dat.obj
 0001:0000eb30       _exit                      000000018000fb30 f   LIBCMT:crt0dat.obj
 0001:0000eb3c       _init_pointers             000000018000fb3c f   LIBCMT:crt0dat.obj
 0001:0000ebe8       _initterm_e                000000018000fbe8 f   LIBCMT:crt0dat.obj
 0001:0000ec24       _lockexit                  000000018000fc24 f   LIBCMT:crt0dat.obj
 0001:0000ec30       _unlockexit                000000018000fc30 f   LIBCMT:crt0dat.obj
 0001:0000edd4       _msize                     000000018000fdd4 f   LIBCMT:msize.obj
 0001:0000ee10       __C_specific_handler       000000018000fe10 f   LIBCMT:chandler.obj
 0001:0000eff4       __getlocaleinfo            000000018000fff4 f   LIBCMT:inithelp.obj
 0001:0000f1dc       _initp_misc_purevirt       00000001800101dc f   LIBCMT:inithelp.obj
 0001:0000f1e4       _callnewh                  00000001800101e4 f   LIBCMT:handler.obj
 0001:0000f218       _initp_heap_handler        0000000180010218 f   LIBCMT:handler.obj
 0001:0000f220       __get_sigabrt              0000000180010220 f   LIBCMT:winsig.obj
 0001:0000f230       _initp_misc_winsig         0000000180010230 f   LIBCMT:winsig.obj
 0001:0000f250       raise                      0000000180010250 f   LIBCMT:winsig.obj
 0001:0000f484       __crt_debugger_hook        0000000180010484 f   LIBCMT:dbghook.obj
 0001:0000f48c       _flsbuf                    000000018001048c f   LIBCMT:_flsbuf.obj
 0001:0000f618       _vsnprintf_helper          0000000180010618 f   LIBCMT:vsnprnc.obj
 0001:0000f700       _vsprintf_s_l              0000000180010700 f   LIBCMT:vsnprnc.obj
 0001:0000f770       _heap_init                 0000000180010770 f   LIBCMT:heapinit.obj
 0001:0000f790       _heap_term                 0000000180010790 f   LIBCMT:heapinit.obj
 0001:0000f79c       _FF_MSGBANNER              000000018001079c f   LIBCMT:crt0msg.obj
 0001:0000f7e0       _GET_RTERRMSG              00000001800107e0 f   LIBCMT:crt0msg.obj
 0001:0000f810       _NMSG_WRITE                0000000180010810 f   LIBCMT:crt0msg.obj
 0001:0000fa80       __addlocaleref             0000000180010a80 f   LIBCMT:localref.obj
 0001:0000fb0c       __freetlocinfo             0000000180010b0c f   LIBCMT:localref.obj
 0001:0000fca4       __removelocaleref          0000000180010ca4 f   LIBCMT:localref.obj
 0001:0000fd48       __updatetlocinfo           0000000180010d48 f   LIBCMT:localref.obj
 0001:0000fdc0       _updatetlocinfoEx_nolock   0000000180010dc0 f   LIBCMT:localref.obj
 0001:0000fe24       _freefls                   0000000180010e24 f   LIBCMT:tidtable.obj
 0001:0000ff58       _freeptd                   0000000180010f58 f   LIBCMT:tidtable.obj
 0001:0000ff94       _getptd                    0000000180010f94 f   LIBCMT:tidtable.obj
 0001:0000ffb8       _getptd_noexit             0000000180010fb8 f   LIBCMT:tidtable.obj
 0001:0001003c       _initptd                   000000018001103c f   LIBCMT:tidtable.obj
 0001:00010100       _mtinit                    0000000180011100 f   LIBCMT:tidtable.obj
 0001:00010180       _mtterm                    0000000180011180 f   LIBCMT:tidtable.obj
 0001:000101a4       __initmbctable             00000001800111a4 f   LIBCMT:mbctype.obj
 0001:000104c0       __updatetmbcinfo           00000001800114c0 f   LIBCMT:mbctype.obj
 0001:0001057c       _setmbcp                   000000018001157c f   LIBCMT:mbctype.obj
 0001:000107c0       _setmbcp_nolock            00000001800117c0 f   LIBCMT:mbctype.obj
 0001:00010a70       _locterm                   0000000180011a70 f   LIBCMT:wsetloca.obj
 0001:00010ab8       __copy_locale_name         0000000180011ab8 f   LIBCMT:wsetloca.obj
 0001:00010b3c       __lc_lctowcs               0000000180011b3c f   LIBCMT:wsetloca.obj
 0001:00010be0       __lc_wcstolc               0000000180011be0 f   LIBCMT:wsetloca.obj
 0001:00010e54       _expandlocale              0000000180011e54 f   LIBCMT:wsetloca.obj
 0001:00011228       _wcscats                   0000000180012228 f   LIBCMT:wsetloca.obj
 0001:00011290       _wsetlocale                0000000180012290 f   LIBCMT:wsetloca.obj
 0001:00011b7c       _XcptFilter                0000000180012b7c f   LIBCMT:winxfltr.obj
 0001:00011d48       __CppXcptFilter            0000000180012d48 f   LIBCMT:winxfltr.obj
 0001:00011d5c       _ioinit                    0000000180012d5c f   LIBCMT:ioinit.obj
 0001:0001208c       _ioterm                    000000018001308c f   LIBCMT:ioinit.obj
 0001:00012100       _setargv                   0000000180013100 f   LIBCMT:stdargv.obj
 0001:000123bc       _setenvp                   00000001800133bc f   LIBCMT:stdenvp.obj
 0001:000124f0       __security_init_cookie     00000001800134f0 f   LIBCMT:gs_support.obj
 0001:0001259c       DllMain                    000000018001359c f   LIBCMT:dllmain.obj
 0001:000125a4       __crtGetEnvironmentStringsA 00000001800135a4 f   LIBCMT:a_env.obj
 0001:00012698       _RTC_Initialize            0000000180013698 f   LIBCMT:initsect.obj
 0001:000126d0       _RTC_Terminate             00000001800136d0 f   LIBCMT:initsect.obj
 0001:00012708       __DestructExceptionObject  0000000180013708 f   LIBCMT:frame.obj
 0001:00012778       ??0bad_exception@std@@QEAA@AEBV01@@Z 0000000180013778 f i LIBCMT:frame.obj
 0001:0001279c       ??1bad_exception@std@@UEAA@XZ 000000018001379c f i LIBCMT:frame.obj
 0001:000127ac       ??_Ebad_exception@std@@UEAAPEAXI@Z 00000001800137ac f i LIBCMT:frame.obj
 0001:000127ac       ??_Gbad_exception@std@@UEAAPEAXI@Z 00000001800137ac f i LIBCMT:frame.obj
 0001:000130a0       __AdjustPointer            00000001800140a0 f   LIBCMT:frame.obj
 0001:000130c4       __BuildCatchObject         00000001800140c4 f   LIBCMT:frame.obj
 0001:0001317c       __BuildCatchObjectHelper   000000018001417c f   LIBCMT:frame.obj
 0001:000133cc       __CxxCallCatchBlock        00000001800143cc f   LIBCMT:frame.obj
 0001:000135d0       __FrameUnwindFilter        00000001800145d0 f   LIBCMT:frame.obj
 0001:00013624       __FrameUnwindToState       0000000180014624 f   LIBCMT:frame.obj
 0001:000137b8       __InternalCxxFrameHandler  00000001800147b8 f   LIBCMT:frame.obj
 0001:000139dc       __TypeMatch                00000001800149dc f   LIBCMT:frame.obj
 0001:00013b0c       ?__GetCurrentState@@YAHPEA_KPEAU_xDISPATCHER_CONTEXT@@PEBU_s_FuncInfo@@@Z 0000000180014b0c f   LIBCMT:ehstate.obj
 0001:00013b34       ?__GetUnwindTryBlock@@YAHPEA_KPEAU_xDISPATCHER_CONTEXT@@PEBU_s_FuncInfo@@@Z 0000000180014b34 f   LIBCMT:ehstate.obj
 0001:00013b60       ?__SetState@@YAXPEA_KPEAU_xDISPATCHER_CONTEXT@@PEBU_s_FuncInfo@@H@Z 0000000180014b60 f   LIBCMT:ehstate.obj
 0001:00013b6c       ?__SetUnwindTryBlock@@YAXPEA_KPEAU_xDISPATCHER_CONTEXT@@PEBU_s_FuncInfo@@H@Z 0000000180014b6c f   LIBCMT:ehstate.obj
 0001:00013ba8       ?__StateFromControlPc@@YAHPEBU_s_FuncInfo@@PEAU_xDISPATCHER_CONTEXT@@@Z 0000000180014ba8 f   LIBCMT:ehstate.obj
 0001:00013bb0       ?__StateFromIp@@YAHPEBU_s_FuncInfo@@PEAU_xDISPATCHER_CONTEXT@@_J@Z 0000000180014bb0 f   LIBCMT:ehstate.obj
 0001:00013c3c       ?_inconsistency@@YAXXZ     0000000180014c3c f   LIBCMT:hooks.obj
 0001:00013c5c       ?terminate@@YAXXZ          0000000180014c5c f   LIBCMT:hooks.obj
 0001:00013c7c       _initp_eh_hooks            0000000180014c7c f   LIBCMT:hooks.obj
 0001:00013c9c       ?_Type_info_dtor@type_info@@CAXPEAV1@@Z 0000000180014c9c f   LIBCMT:typname.obj
 0001:00013d08       _cfltcvt                   0000000180014d08 f   LIBCMT:cvt.obj
 0001:00013d2c       _cfltcvt_l                 0000000180014d2c f   LIBCMT:cvt.obj
 0001:00013dac       _cftoa_l                   0000000180014dac f   LIBCMT:cvt.obj
 0001:00014358       _cftoe_l                   0000000180015358 f   LIBCMT:cvt.obj
 0001:000145b4       _cftof_l                   00000001800155b4 f   LIBCMT:cvt.obj
 0001:00014688       _cftog_l                   0000000180015688 f   LIBCMT:cvt.obj
 0001:000147bc       _cropzeros                 00000001800157bc f   LIBCMT:cvt.obj
 0001:000147c4       _cropzeros_l               00000001800157c4 f   LIBCMT:cvt.obj
 0001:0001485c       _fassign                   000000018001585c f   LIBCMT:cvt.obj
 0001:00014864       _fassign_l                 0000000180015864 f   LIBCMT:cvt.obj
 0001:000148a4       _forcdecpt                 00000001800158a4 f   LIBCMT:cvt.obj
 0001:000148ac       _forcdecpt_l               00000001800158ac f   LIBCMT:cvt.obj
 0001:0001492c       _positive                  000000018001592c f   LIBCMT:cvt.obj
 0001:00014940       _initp_misc_cfltcvt_tab    0000000180015940 f   LIBCMT:cmiscdat.obj
 0001:0001497c       strcpy_s                   000000018001597c f   LIBCMT:strcpy_s.obj
 0001:00014b58       __crtGetStringTypeA        0000000180015b58 f   LIBCMT:a_str.obj
 0001:00014bd4       _mbstowcs_l_helper         0000000180015bd4 f   LIBCMT:mbstowcs.obj
 0001:00014db0       _mbstowcs_s_l              0000000180015db0 f   LIBCMT:mbstowcs.obj
 0001:00014ee0       mbstowcs_s                 0000000180015ee0 f   LIBCMT:mbstowcs.obj
 0001:00014f00       _wcstombs_l_helper         0000000180015f00 f   LIBCMT:wcstombs.obj
 0001:00015230       _wcstombs_s_l              0000000180016230 f   LIBCMT:wcstombs.obj
 0001:0001531c       _isctype_l                 000000018001631c f   LIBCMT:isctype.obj
 0001:000153f8       calloc                     00000001800163f8 f   LIBCMT:calloc.obj
 0001:0001543c       wcscpy_s                   000000018001643c f   LIBCMT:wcscpy_s.obj
 0001:000154c0       _alloca_probe              00000001800164c0 f   LIBCMT:chkstk.obj
 0001:000154c0       __chkstk                   00000001800164c0 f   LIBCMT:chkstk.obj
 0001:00015510       realloc                    0000000180016510 f   LIBCMT:realloc.obj
 0001:000155e4       _calloc_impl               00000001800165e4 f   LIBCMT:calloc_impl.obj
 0001:00015680       _wcsicmp                   0000000180016680 f   LIBCMT:wcsicmp.obj
 0001:00015704       _wcsicmp_l                 0000000180016704 f   LIBCMT:wcsicmp.obj
 0001:000157f4       _isleadbyte_l              00000001800167f4 f i LIBCMT:_wctype.obj
 0001:00015838       isleadbyte                 0000000180016838 f i LIBCMT:_wctype.obj
 0001:00015880       wcsnlen                    0000000180016880 f   LIBCMT:wcslen_s.obj
 0001:000158a0       _FindPESection             00000001800168a0 f   LIBCMT:pesect.obj
 0001:000158f0       _IsNonwritableInCurrentImage 00000001800168f0 f   LIBCMT:pesect.obj
 0001:00015940       _ValidateImageBase         0000000180016940 f   LIBCMT:pesect.obj
 0001:00015970       _initp_misc_rand_s         0000000180016970 f   LIBCMT:rand_s.obj
 0001:00015990       _local_unwind              0000000180016990 f   LIBCMT:jmpuwind.obj
 0001:000159c0       _NLG_Notify                00000001800169c0 f   LIBCMT:jmpuwind.obj
 0001:000159e0       __NLG_Dispatch2            00000001800169e0 f   LIBCMT:jmpuwind.obj
 0001:000159f0       __NLG_Return2              00000001800169f0 f   LIBCMT:jmpuwind.obj
 0001:000159f4       strncpy_s                  00000001800169f4 f   LIBCMT:strncpy_s.obj
 0001:00015c1c       __crtGetLocaleInfoA        0000000180016c1c f   LIBCMT:a_loc.obj
 0001:00015ca0       _get_fpsr                  0000000180016ca0 f   LIBCMT:fpsr.obj
 0001:00015cb0       _set_fpsr                  0000000180016cb0 f   LIBCMT:fpsr.obj
 0001:00015cba       _fclrf                     0000000180016cba f   LIBCMT:fpsr.obj
 0001:00015cce       _frnd                      0000000180016cce f   LIBCMT:fpsr.obj
 0001:00015cf0       __initstdio                0000000180016cf0 f   LIBCMT:_file.obj
 0001:00015d88       __endstdio                 0000000180016d88 f   LIBCMT:_file.obj
 0001:00015db8       __iob_func                 0000000180016db8 f   LIBCMT:_file.obj
 0001:00015dc0       _lock_file                 0000000180016dc0 f   LIBCMT:_file.obj
 0001:00015e28       _lock_file2                0000000180016e28 f   LIBCMT:_file.obj
 0001:00015e5c       _unlock_file               0000000180016e5c f   LIBCMT:_file.obj
 0001:00015eac       _unlock_file2              0000000180016eac f   LIBCMT:_file.obj
 0001:00015ecc       _fileno                    0000000180016ecc f   LIBCMT:fileno.obj
 0001:00015ef4       _isatty                    0000000180016ef4 f   LIBCMT:isatty.obj
 0001:00015f54       _write                     0000000180016f54 f   LIBCMT:write.obj
 0001:00016038       _write_nolock              0000000180017038 f   LIBCMT:write.obj
 0001:0001682c       _lseeki64                  000000018001782c f   LIBCMT:lseeki64.obj
 0001:00016914       _lseeki64_nolock           0000000180017914 f   LIBCMT:lseeki64.obj
 0001:000169a8       _getbuf                    00000001800179a8 f   LIBCMT:_getbuf.obj
 0001:000169fc       _output_s_l                00000001800179fc f   LIBCMT:outputs.obj
 0001:00017554       _get_printf_count_output   0000000180018554 f   LIBCMT:printf.obj
 0001:0001756c       _wctomb_s_l                000000018001856c f   LIBCMT:wctomb.obj
 0001:000176f8       wctomb_s                   00000001800186f8 f   LIBCMT:wctomb.obj
 0001:0001770c       wcscat_s                   000000018001870c f   LIBCMT:wcscat_s.obj
 0001:00017794       wcsncpy_s                  0000000180018794 f   LIBCMT:wcsncpy_s.obj
 0001:00017860       _set_error_mode            0000000180018860 f   LIBCMT:errmode.obj
 0001:000178a0       __crtMessageBoxW           00000001800188a0 f   LIBCMT:crtmboxw.obj
 0001:00017b14       __free_lconv_mon           0000000180018b14 f   LIBCMT:initmon.obj
 0001:00017c20       __init_monetary            0000000180018c20 f   LIBCMT:initmon.obj
 0001:00018120       __free_lconv_num           0000000180019120 f   LIBCMT:initnum.obj
 0001:0001818c       __init_numeric             000000018001918c f   LIBCMT:initnum.obj
 0001:00018454       __free_lc_time             0000000180019454 f   LIBCMT:inittime.obj
 0001:00018850       __init_time                0000000180019850 f   LIBCMT:inittime.obj
 0001:0001946c       wcscmp                     000000018001a46c f   LIBCMT:wcscmp.obj
 0001:000194a8       wcscspn                    000000018001a4a8 f   LIBCMT:wcscspn.obj
 0001:000194e8       wcsncmp                    000000018001a4e8 f   LIBCMT:wcsncmp.obj
 0001:00019514       wcspbrk                    000000018001a514 f   LIBCMT:wcspbrk.obj
 0001:00019ca8       __get_qualified_locale     000000018001aca8 f   LIBCMT:getqloc.obj
 0001:0001a63c       __get_qualified_locale_downlevel 000000018001b63c f   LIBCMT:getqloc_downlevel.obj
 0001:0001a8d4       ?_ValidateExecute@@YAHP6A_JXZ@Z 000000018001b8d4 f   LIBCMT:validate.obj
 0001:0001a8d4       ?_ValidateWrite@@YAHPEAXI@Z 000000018001b8d4 f   LIBCMT:validate.obj
 0001:0001a8d4       ?_ValidateRead@@YAHPEBXI@Z 000000018001b8d4 f   LIBCMT:validate.obj
 0001:0001a8f0       _CallSettingFrame          000000018001b8f0 f   LIBCMT:handlers.obj
 0001:0001a930       _GetNextInstrOffset        000000018001b930 f   LIBCMT:handlers.obj
 0001:0001a938       strrchr                    000000018001b938 f   LIBCMT:strrchr.obj
 0001:0001aa7c       _fptostr                   000000018001ba7c f   LIBCMT:_fptostr.obj
 0001:0001ab48       __crt_atoflt_l             000000018001bb48 f   LIBCMT:atodbl.obj
 0001:0001ac18       _atodbl_l                  000000018001bc18 f   LIBCMT:atodbl.obj
 0001:0001ace0       _atoflt_l                  000000018001bce0 f   LIBCMT:atodbl.obj
 0001:0001ace8       __dtold                    000000018001bce8 f   LIBCMT:cfout.obj
 0001:0001adb8       _fltout2                   000000018001bdb8 f   LIBCMT:cfout.obj
 0001:0001ae70       _fptrap                    000000018001be70 f   LIBCMT:crt0fp.obj
 0001:0001ae7c       _towlower_l                000000018001be7c f   LIBCMT:towlower.obj
 0001:0001af48       iswctype                   000000018001bf48 f   LIBCMT:iswctype.obj
 0001:0001afb0       _fflush_nolock             000000018001bfb0 f   LIBCMT:fflush.obj
 0001:0001affc       _flush                     000000018001bffc f   LIBCMT:fflush.obj
 0001:0001b078       _flushall                  000000018001c078 f   LIBCMT:fflush.obj
 0001:0001b16c       _fcloseall                 000000018001c16c f   LIBCMT:closeall.obj
 0001:0001b214       __lock_fhandle             000000018001c214 f   LIBCMT:osfinfo.obj
 0001:0001b2ac       _free_osfhnd               000000018001c2ac f   LIBCMT:osfinfo.obj
 0001:0001b358       _get_osfhandle             000000018001c358 f   LIBCMT:osfinfo.obj
 0001:0001b3cc       _unlock_fhandle            000000018001c3cc f   LIBCMT:osfinfo.obj
 0001:0001b3f8       _mbtowc_l                  000000018001c3f8 f   LIBCMT:mbtowc.obj
 0001:0001b54c       mbtowc                     000000018001c54c f   LIBCMT:mbtowc.obj
 0001:0001b554       _putwch_nolock             000000018001c554 f   LIBCMT:putwch.obj
 0001:0001b5b0       _itow_s                    000000018001c5b0 f   LIBCMT:xtows.obj
 0001:0001b6e8       _wtol                      000000018001c6e8 f   LIBCMT:wtox.obj
 0001:0001b6f4       wcschr                     000000018001c6f4 f   LIBCMT:wcschr.obj
 0001:0001b780       _wcsnicmp                  000000018001c780 f   LIBCMT:wcsnicmp.obj
 0001:0001b818       _wcsnicmp_l                000000018001c818 f   LIBCMT:wcsnicmp.obj
 0001:0001b930       _ld12tod                   000000018001c930 f   LIBCMT:intrncvt.obj
 0001:0001bee8       _ld12tof                   000000018001cee8 f   LIBCMT:intrncvt.obj
 0001:0001c4a0       __strgtold12_l             000000018001d4a0 f   LIBCMT:strgtold.obj
 0001:0001cd04       $I10_OUTPUT                000000018001dd04 f   LIBCMT:x10fout.obj
 0001:0001d7dc       _commit                    000000018001e7dc f   LIBCMT:commit.obj
 0001:0001d8b4       _fclose_nolock             000000018001e8b4 f   LIBCMT:fclose.obj
 0001:0001d930       fclose                     000000018001e930 f   LIBCMT:fclose.obj
 0001:0001d998       __termconout               000000018001e998 f   LIBCMT:initcon.obj
 0001:0001d9b8       __initconout               000000018001e9b8 f   LIBCMT:initcon.obj
 0001:0001dbdc       wcstol                     000000018001ebdc f   LIBCMT:wcstol.obj
 0001:0001dbe4       __mtold12                  000000018001ebe4 f   LIBCMT:mantold.obj
 0001:0001de08       _close                     000000018001ee08 f   LIBCMT:close.obj
 0001:0001decc       _close_nolock              000000018001eecc f   LIBCMT:close.obj
 0001:0001df88       _freebuf                   000000018001ef88 f   LIBCMT:_freebuf.obj
 0001:0001dfc0       _wchartodigit              000000018001efc0 f   LIBCMT:wchtodig.obj
 0001:0001e160       IsProcessorFeaturePresent  000000018001f160 f   kernel32:KERNEL32.dll
 0001:0001e166       RtlUnwindEx                000000018001f166 f   kernel32:KERNEL32.dll
 0002:00000000       __imp_FormatMessageA       0000000180020000     kernel32:KERNEL32.dll
 0002:00000008       __imp_GetLastError         0000000180020008     kernel32:KERNEL32.dll
 0002:00000010       __imp_LocalFree            0000000180020010     kernel32:KERNEL32.dll
 0002:00000018       __imp_CloseHandle          0000000180020018     kernel32:KERNEL32.dll
 0002:00000020       __imp_CreateFileW          0000000180020020     kernel32:KERNEL32.dll
 0002:00000028       __imp_FlushFileBuffers     0000000180020028     kernel32:KERNEL32.dll
 0002:00000030       __imp_WriteConsoleW        0000000180020030     kernel32:KERNEL32.dll
 0002:00000038       __imp_SetStdHandle         0000000180020038     kernel32:KERNEL32.dll
 0002:00000040       __imp_OutputDebugStringW   0000000180020040     kernel32:KERNEL32.dll
 0002:00000048       __imp_SetFilePointerEx     0000000180020048     kernel32:KERNEL32.dll
 0002:00000050       __imp_GetConsoleMode       0000000180020050     kernel32:KERNEL32.dll
 0002:00000058       __imp_GetConsoleCP         0000000180020058     kernel32:KERNEL32.dll
 0002:00000060       __imp_LoadLibraryExW       0000000180020060     kernel32:KERNEL32.dll
 0002:00000068       __imp_HeapReAlloc          0000000180020068     kernel32:KERNEL32.dll
 0002:00000070       __imp_FreeEnvironmentStringsW 0000000180020070     kernel32:KERNEL32.dll
 0002:00000078       __imp_GetEnvironmentStringsW 0000000180020078     kernel32:KERNEL32.dll
 0002:00000080       __imp_GetSystemTimeAsFileTime 0000000180020080     kernel32:KERNEL32.dll
 0002:00000088       __imp_GetCurrentProcessId  0000000180020088     kernel32:KERNEL32.dll
 0002:00000090       __imp_QueryPerformanceCounter 0000000180020090     kernel32:KERNEL32.dll
 0002:00000098       __imp_GetModuleFileNameA   0000000180020098     kernel32:KERNEL32.dll
 0002:000000a0       __imp_GetFileType          00000001800200a0     kernel32:KERNEL32.dll
 0002:000000a8       __imp_GetOEMCP             00000001800200a8     kernel32:KERNEL32.dll
 0002:000000b0       __imp_GetACP               00000001800200b0     kernel32:KERNEL32.dll
 0002:000000b8       __imp_IsValidCodePage      00000001800200b8     kernel32:KERNEL32.dll
 0002:000000c0       __imp_GetModuleFileNameW   00000001800200c0     kernel32:KERNEL32.dll
 0002:000000c8       __imp_WriteFile            00000001800200c8     kernel32:KERNEL32.dll
 0002:000000d0       __imp_GetStdHandle         00000001800200d0     kernel32:KERNEL32.dll
 0002:000000d8       __imp_GetProcessHeap       00000001800200d8     kernel32:KERNEL32.dll
 0002:000000e0       __imp_HeapSize             00000001800200e0     kernel32:KERNEL32.dll
 0002:000000e8       __imp_GetModuleHandleExW   00000001800200e8     kernel32:KERNEL32.dll
 0002:000000f0       __imp_ExitProcess          00000001800200f0     kernel32:KERNEL32.dll
 0002:000000f8       __imp_EnumSystemLocalesW   00000001800200f8     kernel32:KERNEL32.dll
 0002:00000100       __imp_GetUserDefaultLCID   0000000180020100     kernel32:KERNEL32.dll
 0002:00000108       __imp_IsValidLocale        0000000180020108     kernel32:KERNEL32.dll
 0002:00000110       __imp_GetLocaleInfoW       0000000180020110     kernel32:KERNEL32.dll
 0002:00000118       __imp_LCMapStringW         0000000180020118     kernel32:KERNEL32.dll
 0002:00000120       __imp_GetProcAddress       0000000180020120     kernel32:KERNEL32.dll
 0002:00000128       __imp_GetModuleHandleW     0000000180020128     kernel32:KERNEL32.dll
 0002:00000130       __imp_GetStartupInfoW      0000000180020130     kernel32:KERNEL32.dll
 0002:00000138       __imp_TlsFree              0000000180020138     kernel32:KERNEL32.dll
 0002:00000140       __imp_TlsSetValue          0000000180020140     kernel32:KERNEL32.dll
 0002:00000148       __imp_TlsGetValue          0000000180020148     kernel32:KERNEL32.dll
 0002:00000150       __imp_TlsAlloc             0000000180020150     kernel32:KERNEL32.dll
 0002:00000158       __imp_WideCharToMultiByte  0000000180020158     kernel32:KERNEL32.dll
 0002:00000160       __imp_EncodePointer        0000000180020160     kernel32:KERNEL32.dll
 0002:00000168       __imp_DecodePointer        0000000180020168     kernel32:KERNEL32.dll
 0002:00000170       __imp_EnterCriticalSection 0000000180020170     kernel32:KERNEL32.dll
 0002:00000178       __imp_LeaveCriticalSection 0000000180020178     kernel32:KERNEL32.dll
 0002:00000180       __imp_DeleteCriticalSection 0000000180020180     kernel32:KERNEL32.dll
 0002:00000188       __imp_MultiByteToWideChar  0000000180020188     kernel32:KERNEL32.dll
 0002:00000190       __imp_GetStringTypeW       0000000180020190     kernel32:KERNEL32.dll
 0002:00000198       __imp_IsProcessorFeaturePresent 0000000180020198     kernel32:KERNEL32.dll
 0002:000001a0       __imp_IsDebuggerPresent    00000001800201a0     kernel32:KERNEL32.dll
 0002:000001a8       __imp_HeapFree             00000001800201a8     kernel32:KERNEL32.dll
 0002:000001b0       __imp_HeapAlloc            00000001800201b0     kernel32:KERNEL32.dll
 0002:000001b8       __imp_GetCommandLineA      00000001800201b8     kernel32:KERNEL32.dll
 0002:000001c0       __imp_GetCurrentThreadId   00000001800201c0     kernel32:KERNEL32.dll
 0002:000001c8       __imp_RtlPcToFileHeader    00000001800201c8     kernel32:KERNEL32.dll
 0002:000001d0       __imp_RaiseException       00000001800201d0     kernel32:KERNEL32.dll
 0002:000001d8       __imp_RtlLookupFunctionEntry 00000001800201d8     kernel32:KERNEL32.dll
 0002:000001e0       __imp_RtlUnwindEx          00000001800201e0     kernel32:KERNEL32.dll
 0002:000001e8       __imp_GetCPInfo            00000001800201e8     kernel32:KERNEL32.dll
 0002:000001f0       __imp_RtlCaptureContext    00000001800201f0     kernel32:KERNEL32.dll
 0002:000001f8       __imp_RtlVirtualUnwind     00000001800201f8     kernel32:KERNEL32.dll
 0002:00000200       __imp_UnhandledExceptionFilter 0000000180020200     kernel32:KERNEL32.dll
 0002:00000208       __imp_SetUnhandledExceptionFilter 0000000180020208     kernel32:KERNEL32.dll
 0002:00000210       __imp_SetLastError         0000000180020210     kernel32:KERNEL32.dll
 0002:00000218       __imp_InitializeCriticalSectionAndSpinCount 0000000180020218     kernel32:KERNEL32.dll
 0002:00000220       __imp_Sleep                0000000180020220     kernel32:KERNEL32.dll
 0002:00000228       __imp_GetCurrentProcess    0000000180020228     kernel32:KERNEL32.dll
 0002:00000230       __imp_TerminateProcess     0000000180020230     kernel32:KERNEL32.dll
 0002:00000238       \177KERNEL32_NULL_THUNK_DATA 0000000180020238     kernel32:KERNEL32.dll
 0002:00000240       __imp_GetDefaultPrinterW   0000000180020240     winspool:WINSPOOL.DRV
 0002:00000248       __imp_EndPagePrinter       0000000180020248     winspool:WINSPOOL.DRV
 0002:00000250       __imp_StartDocPrinterW     0000000180020250     winspool:WINSPOOL.DRV
 0002:00000258       __imp_StartPagePrinter     0000000180020258     winspool:WINSPOOL.DRV
 0002:00000260       __imp_GetJobW              0000000180020260     winspool:WINSPOOL.DRV
 0002:00000268       __imp_ClosePrinter         0000000180020268     winspool:WINSPOOL.DRV
 0002:00000270       __imp_SetJobW              0000000180020270     winspool:WINSPOOL.DRV
 0002:00000278       __imp_GetPrinterW          0000000180020278     winspool:WINSPOOL.DRV
 0002:00000280       __imp_EnumPrintersW        0000000180020280     winspool:WINSPOOL.DRV
 0002:00000288       __imp_EnumJobsW            0000000180020288     winspool:WINSPOOL.DRV
 0002:00000290       __imp_EnumPrintProcessorDatatypesW 0000000180020290     winspool:WINSPOOL.DRV
 0002:00000298       __imp_EndDocPrinter        0000000180020298     winspool:WINSPOOL.DRV
 0002:000002a0       __imp_WritePrinter         00000001800202a0     winspool:WINSPOOL.DRV
 0002:000002a8       __imp_OpenPrinterW         00000001800202a8     winspool:WINSPOOL.DRV
 0002:000002b0       __imp_EnumPrintProcessorsW 00000001800202b0     winspool:WINSPOOL.DRV
 0002:000002b8       \177WINSPOOL_NULL_THUNK_DATA 00000001800202b8     winspool:WINSPOOL.DRV
 0002:000002c0       __imp_?ToString@Value@v8@@QEBA?AV?$Local@VString@v8@@@2@XZ 00000001800202c0     node:node.dll
 0002:000002c8       __imp_?GetCurrent@Isolate@v8@@SAPEAV12@XZ 00000001800202c8     node:node.dll
 0002:000002d0       __imp_?SetName@Function@v8@@QEAAXV?$Local@VString@v8@@@2@@Z 00000001800202d0     node:node.dll
 0002:000002d8       __imp_?Set@Object@v8@@QEAA_NV?$Local@VValue@v8@@@2@0@Z 00000001800202d8     node:node.dll
 0002:000002e0       __imp_??0HandleScope@v8@@QEAA@PEAVIsolate@1@@Z 00000001800202e0     node:node.dll
 0002:000002e8       __imp_??1HandleScope@v8@@QEAA@XZ 00000001800202e8     node:node.dll
 0002:000002f0       __imp_?NewFromUtf8@String@v8@@SA?AV?$Local@VString@v8@@@2@PEAVIsolate@2@PEBDW4NewStringType@12@H@Z 00000001800202f0     node:node.dll
 0002:000002f8       __imp_??1Utf8Value@String@v8@@QEAA@XZ 00000001800202f8     node:node.dll
 0002:00000300       __imp_?New@FunctionTemplate@v8@@SA?AV?$Local@VFunctionTemplate@v8@@@2@PEAVIsolate@2@P6AXAEBV?$FunctionCallbackInfo@VValue@v8@@@2@@ZV?$Local@VValue@v8@@@2@V?$Local@VSignature@v8@@@2@H@Z 0000000180020300     node:node.dll
 0002:00000308       __imp_?GetFunction@FunctionTemplate@v8@@QEAA?AV?$Local@VFunction@v8@@@2@XZ 0000000180020308     node:node.dll
 0002:00000310       __imp_?IsObject@Value@v8@@QEBA_NXZ 0000000180020310     node:node.dll
 0002:00000318       __imp_node_module_register 0000000180020318     node:node.dll
 0002:00000320       __imp_?HasInstance@Buffer@node@@YA_NV?$Local@VValue@v8@@@v8@@@Z 0000000180020320     node:node.dll
 0002:00000328       __imp_?Data@Buffer@node@@YAPEADV?$Local@VValue@v8@@@v8@@@Z 0000000180020328     node:node.dll
 0002:00000330       __imp_?Length@Buffer@node@@YA_KV?$Local@VValue@v8@@@v8@@@Z 0000000180020330     node:node.dll
 0002:00000338       __imp_?Int32Value@Value@v8@@QEBAHXZ 0000000180020338     node:node.dll
 0002:00000340       __imp_?IsInt32@Value@v8@@QEBA_NXZ 0000000180020340     node:node.dll
 0002:00000348       __imp_?TypeError@Exception@v8@@SA?AV?$Local@VValue@v8@@@2@V?$Local@VString@v8@@@2@@Z 0000000180020348     node:node.dll
 0002:00000350       __imp_??1Value@String@v8@@QEAA@XZ 0000000180020350     node:node.dll
 0002:00000358       __imp_??0Value@String@v8@@QEAA@V?$Local@VValue@v8@@@2@@Z 0000000180020358     node:node.dll
 0002:00000360       __imp_?NewFromTwoByte@String@v8@@SA?AV?$Local@VString@v8@@@2@PEAVIsolate@2@PEBGW4NewStringType@12@H@Z 0000000180020360     node:node.dll
 0002:00000368       __imp_?New@Array@v8@@SA?AV?$Local@VArray@v8@@@2@PEAVIsolate@2@H@Z 0000000180020368     node:node.dll
 0002:00000370       __imp_?New@Number@v8@@SA?AV?$Local@VNumber@v8@@@2@PEAVIsolate@2@N@Z 0000000180020370     node:node.dll
 0002:00000378       __imp_?New@Object@v8@@SA?AV?$Local@VObject@v8@@@2@PEAVIsolate@2@@Z 0000000180020378     node:node.dll
 0002:00000380       __imp_?Set@Object@v8@@QEAA_NIV?$Local@VValue@v8@@@2@@Z 0000000180020380     node:node.dll
 0002:00000388       __imp_?ThrowException@Isolate@v8@@QEAA?AV?$Local@VValue@v8@@@2@V32@@Z 0000000180020388     node:node.dll
 0002:00000390       __imp_??0Utf8Value@String@v8@@QEAA@V?$Local@VValue@v8@@@2@@Z 0000000180020390     node:node.dll
 0002:00000398       \177node_NULL_THUNK_DATA   0000000180020398     node:node.dll
 0002:000003a0       __xc_a                     00000001800203a0     LIBCMT:crt0init.obj
 0002:00000400       _register_node_printer_    0000000180020400     node_printer.obj
 0002:00000408       __xc_z                     0000000180020408     LIBCMT:crt0init.obj
 0002:00000410       __xi_a                     0000000180020410     LIBCMT:crt0init.obj
 0002:00000438       __xi_z                     0000000180020438     LIBCMT:crt0init.obj
 0002:00000440       __xp_a                     0000000180020440     LIBCMT:crt0init.obj
 0002:00000460       __xp_z                     0000000180020460     LIBCMT:crt0init.obj
 0002:00000468       __xt_a                     0000000180020468     LIBCMT:crt0init.obj
 0002:00000470       __xt_z                     0000000180020470     LIBCMT:crt0init.obj
 0002:00000e60       ??_C@_0BC@CIJDGCDI@permission?5denied?$AA@ 0000000180020e60     libcpmt:syserror.obj
 0002:00000e78       ??_C@_0M@MIDIAGJP@file?5exists?$AA@ 0000000180020e78     libcpmt:syserror.obj
 0002:00000e88       ??_C@_0P@FDINDDOK@no?5such?5device?$AA@ 0000000180020e88     libcpmt:syserror.obj
 0002:00000e98       ??_C@_0BC@EJHOMAAK@filename?5too?5long?$AA@ 0000000180020e98     libcpmt:syserror.obj
 0002:00000eb0       ??_C@_0BI@NGCEHDD@device?5or?5resource?5busy?$AA@ 0000000180020eb0     libcpmt:syserror.obj
 0002:00000ec8       ??_C@_08GLNPIFBN@io?5error?$AA@ 0000000180020ec8     libcpmt:syserror.obj
 0002:00000ed8       ??_C@_0BE@JIDOCPHM@directory?5not?5empty?$AA@ 0000000180020ed8     libcpmt:syserror.obj
 0002:00000ef0       ??_C@_0BB@FCMFBGOM@invalid?5argument?$AA@ 0000000180020ef0     libcpmt:syserror.obj
 0002:00000f08       ??_C@_0BD@IJDJKDEA@no?5space?5on?5device?$AA@ 0000000180020f08     libcpmt:syserror.obj
 0002:00000f20       ??_C@_0BK@NDOCBPGE@no?5such?5file?5or?5directory?$AA@ 0000000180020f20     libcpmt:syserror.obj
 0002:00000f40       ??_C@_0BH@KEFGLDAF@function?5not?5supported?$AA@ 0000000180020f40     libcpmt:syserror.obj
 0002:00000f58       ??_C@_0BC@NJECKMKE@no?5lock?5available?$AA@ 0000000180020f58     libcpmt:syserror.obj
 0002:00000f70       ??_C@_0BC@ENOOLCNF@not?5enough?5memory?$AA@ 0000000180020f70     libcpmt:syserror.obj
 0002:00000f88       ??_C@_0BP@LKNGHENJ@resource?5unavailable?5try?5again?$AA@ 0000000180020f88     libcpmt:syserror.obj
 0002:00000fa8       ??_C@_0BC@PPHBOELF@cross?5device?5link?$AA@ 0000000180020fa8     libcpmt:syserror.obj
 0002:00000fc0       ??_C@_0BD@MOLBPMEA@operation?5canceled?$AA@ 0000000180020fc0     libcpmt:syserror.obj
 0002:00000fd8       ??_C@_0BE@GHAFMPAH@too?5many?5files?5open?$AA@ 0000000180020fd8     libcpmt:syserror.obj
 0002:00000ff0       ??_C@_0BC@FNODOBAE@permission_denied?$AA@ 0000000180020ff0     libcpmt:syserror.obj
 0002:00001008       ??_C@_0P@LNDJPBFK@address_in_use?$AA@ 0000000180021008     libcpmt:syserror.obj
 0002:00001018       ??_C@_0BG@IPMGOJF@address_not_available?$AA@ 0000000180021018     libcpmt:syserror.obj
 0002:00001030       ??_C@_0BN@LCBDHODA@address_family_not_supported?$AA@ 0000000180021030     libcpmt:syserror.obj
 0002:00001050       ??_C@_0BP@FOJJHMCC@connection_already_in_progress?$AA@ 0000000180021050     libcpmt:syserror.obj
 0002:00001070       ??_C@_0BE@DLHHIBGN@bad_file_descriptor?$AA@ 0000000180021070     libcpmt:syserror.obj
 0002:00001088       ??_C@_0BD@OJMJDIGI@connection_aborted?$AA@ 0000000180021088     libcpmt:syserror.obj
 0002:000010a0       ??_C@_0BD@NGKCIFEP@connection_refused?$AA@ 00000001800210a0     libcpmt:syserror.obj
 0002:000010b8       ??_C@_0BB@JOANDNCK@connection_reset?$AA@ 00000001800210b8     libcpmt:syserror.obj
 0002:000010d0       ??_C@_0BN@JLJNLKLK@destination_address_required?$AA@ 00000001800210d0     libcpmt:syserror.obj
 0002:000010f0       ??_C@_0M@IJGMGFGP@bad_address?$AA@ 00000001800210f0     libcpmt:syserror.obj
 0002:00001100       ??_C@_0BB@KKNHPPIN@host_unreachable?$AA@ 0000000180021100     libcpmt:syserror.obj
 0002:00001118       ??_C@_0BG@DJGBJIIK@operation_in_progress?$AA@ 0000000180021118     libcpmt:syserror.obj
 0002:00001130       ??_C@_0M@EGEKIIMP@interrupted?$AA@ 0000000180021130     libcpmt:syserror.obj
 0002:00001140       ??_C@_0BB@FFIHMIPJ@invalid_argument?$AA@ 0000000180021140     libcpmt:syserror.obj
 0002:00001158       ??_C@_0BC@FIFLCHLO@already_connected?$AA@ 0000000180021158     libcpmt:syserror.obj
 0002:00001170       ??_C@_0BE@GJJJJDDA@too_many_files_open?$AA@ 0000000180021170     libcpmt:syserror.obj
 0002:00001188       ??_C@_0N@HPMLKHPL@message_size?$AA@ 0000000180021188     libcpmt:syserror.obj
 0002:00001198       ??_C@_0BC@LEEIKBAL@filename_too_long?$AA@ 0000000180021198     libcpmt:syserror.obj
 0002:000011b0       ??_C@_0N@FCPALPJK@network_down?$AA@ 00000001800211b0     libcpmt:syserror.obj
 0002:000011c0       ??_C@_0O@EHNDLHIG@network_reset?$AA@ 00000001800211c0     libcpmt:syserror.obj
 0002:000011d0       ??_C@_0BE@JFNJIDNF@network_unreachable?$AA@ 00000001800211d0     libcpmt:syserror.obj
 0002:000011e8       ??_C@_0BA@FDIJKJCL@no_buffer_space?$AA@ 00000001800211e8     libcpmt:syserror.obj
 0002:000011f8       ??_C@_0BD@JHIHCGKP@no_protocol_option?$AA@ 00000001800211f8     libcpmt:syserror.obj
 0002:00001210       ??_C@_0O@GBCLHHD@not_connected?$AA@ 0000000180021210     libcpmt:syserror.obj
 0002:00001220       ??_C@_0N@IMHKKLEM@not_a_socket?$AA@ 0000000180021220     libcpmt:syserror.obj
 0002:00001230       ??_C@_0BI@ICEIDKLJ@operation_not_supported?$AA@ 0000000180021230     libcpmt:syserror.obj
 0002:00001248       ??_C@_0BH@KAPBAIJF@protocol_not_supported?$AA@ 0000000180021248     libcpmt:syserror.obj
 0002:00001260       ??_C@_0BE@GAOJJFPC@wrong_protocol_type?$AA@ 0000000180021260     libcpmt:syserror.obj
 0002:00001278       ??_C@_09NCHNLHPG@timed_out?$AA@ 0000000180021278     libcpmt:syserror.obj
 0002:00001288       ??_C@_0BG@GDGHKFDH@operation_would_block?$AA@ 0000000180021288     libcpmt:syserror.obj
 0002:000012a0       ??_C@_0BN@LKKBCCDB@address?5family?5not?5supported?$AA@ 00000001800212a0     libcpmt:syserror.obj
 0002:000012c0       ??_C@_0P@LDMLAFHI@address?5in?5use?$AA@ 00000001800212c0     libcpmt:syserror.obj
 0002:000012d0       ??_C@_0BG@DHPCNBJB@address?5not?5available?$AA@ 00000001800212d0     libcpmt:syserror.obj
 0002:000012e8       ??_C@_0BC@DFIBIBIL@already?5connected?$AA@ 00000001800212e8     libcpmt:syserror.obj
 0002:00001300       ??_C@_0BH@CAKOHOMI@argument?5list?5too?5long?$AA@ 0000000180021300     libcpmt:syserror.obj
 0002:00001318       ??_C@_0BH@CGIMPKIM@argument?5out?5of?5domain?$AA@ 0000000180021318     libcpmt:syserror.obj
 0002:00001330       ??_C@_0M@KGHGGJGL@bad?5address?$AA@ 0000000180021330     libcpmt:syserror.obj
 0002:00001340       ??_C@_0BE@MPJPGCEO@bad?5file?5descriptor?$AA@ 0000000180021340     libcpmt:syserror.obj
 0002:00001358       ??_C@_0M@PMMIEFCP@bad?5message?$AA@ 0000000180021358     libcpmt:syserror.obj
 0002:00001368       ??_C@_0M@KPHOFDBE@broken?5pipe?$AA@ 0000000180021368     libcpmt:syserror.obj
 0002:00001378       ??_C@_0BD@MGNDDEGM@connection?5aborted?$AA@ 0000000180021378     libcpmt:syserror.obj
 0002:00001390       ??_C@_0BP@KAIHPOGN@connection?5already?5in?5progress?$AA@ 0000000180021390     libcpmt:syserror.obj
 0002:000013b0       ??_C@_0BD@PJLIIJEL@connection?5refused?$AA@ 00000001800213b0     libcpmt:syserror.obj
 0002:000013c8       ??_C@_0BB@IECNJNOI@connection?5reset?$AA@ 00000001800213c8     libcpmt:syserror.obj
 0002:000013e0       ??_C@_0BN@KDMIFEIP@destination?5address?5required?$AA@ 00000001800213e0     libcpmt:syserror.obj
 0002:00001400       ??_C@_0BI@BNCLIGPB@executable?5format?5error?$AA@ 0000000180021400     libcpmt:syserror.obj
 0002:00001418       ??_C@_0P@DNAJLBJK@file?5too?5large?$AA@ 0000000180021418     libcpmt:syserror.obj
 0002:00001428       ??_C@_0BB@DHFDFGDM@host?5unreachable?$AA@ 0000000180021428     libcpmt:syserror.obj
 0002:00001440       ??_C@_0BD@JPHBMONG@identifier?5removed?$AA@ 0000000180021440     libcpmt:syserror.obj
 0002:00001458       ??_C@_0BG@CDNPAGJK@illegal?5byte?5sequence?$AA@ 0000000180021458     libcpmt:syserror.obj
 0002:00001470       ??_C@_0CD@BNPLBMNA@inappropriate?5io?5control?5operati@ 0000000180021470     libcpmt:syserror.obj
[...]
 0004:00001170       $pdata$__FrameUnwindToState 0000000180033170     LIBCMT:frame.obj
 0004:0000117c       $pdata$__InternalCxxFrameHandler 000000018003317c     LIBCMT:frame.obj
 0004:00001188       $pdata$__TypeMatch         0000000180033188     LIBCMT:frame.obj
 0004:00001194       $pdata$?__GetCurrentState@@YAHPEA_KPEAU_xDISPATCHER_CONTEXT@@PEBU_s_FuncInfo@@@Z 0000000180033194     LIBCMT:ehstate.obj
 0004:000011a0       $pdata$?__GetUnwindTryBlock@@YAHPEA_KPEAU_xDISPATCHER_CONTEXT@@PEBU_s_FuncInfo@@@Z 00000001800331a0     LIBCMT:ehstate.obj
 0004:000011ac       $pdata$?__SetUnwindTryBlock@@YAXPEA_KPEAU_xDISPATCHER_CONTEXT@@PEBU_s_FuncInfo@@H@Z 00000001800331ac     LIBCMT:ehstate.obj
 0004:000011b8       $pdata$?__StateFromIp@@YAHPEBU_s_FuncInfo@@PEAU_xDISPATCHER_CONTEXT@@_J@Z 00000001800331b8     LIBCMT:ehstate.obj
 0004:000011c4       $pdata$?_inconsistency@@YAXXZ 00000001800331c4     LIBCMT:hooks.obj
 0004:000011d0       $pdata$?terminate@@YAXXZ   00000001800331d0     LIBCMT:hooks.obj
 0004:000011dc       $pdata$_initp_eh_hooks     00000001800331dc     LIBCMT:hooks.obj
 0004:000011e8       $pdata$?_Type_info_dtor@type_info@@CAXPEAV1@@Z 00000001800331e8     LIBCMT:typname.obj
 0004:000011f4       $pdata$_cfltcvt            00000001800331f4     LIBCMT:cvt.obj
 0004:00001200       $pdata$_cfltcvt_l          0000000180033200     LIBCMT:cvt.obj
 0004:0000120c       $pdata$_cftoa_l            000000018003320c     LIBCMT:cvt.obj
 0004:00001218       $pdata$_cftoe2_l           0000000180033218     LIBCMT:cvt.obj
 0004:00001224       $pdata$_cftoe_l            0000000180033224     LIBCMT:cvt.obj
 0004:00001230       $pdata$_cftof2_l           0000000180033230     LIBCMT:cvt.obj
 0004:0000123c       $pdata$_cftof_l            000000018003323c     LIBCMT:cvt.obj
 0004:00001248       $pdata$_cftog_l            0000000180033248     LIBCMT:cvt.obj
 0004:00001254       $pdata$_cropzeros_l        0000000180033254     LIBCMT:cvt.obj
 0004:00001260       $pdata$_fassign_l          0000000180033260     LIBCMT:cvt.obj
 0004:0000126c       $pdata$_forcdecpt_l        000000018003326c     LIBCMT:cvt.obj
 0004:00001278       $pdata$_initp_misc_cfltcvt_tab 0000000180033278     LIBCMT:cmiscdat.obj
 0004:00001284       $pdata$strcpy_s            0000000180033284     LIBCMT:strcpy_s.obj
 0004:00001290       $pdata$?__crtGetStringTypeA_stat@@YAHPEAUlocaleinfo_struct@@KPEBDHPEAGHH@Z 0000000180033290     LIBCMT:a_str.obj
 0004:0000129c       $pdata$__crtGetStringTypeA 000000018003329c     LIBCMT:a_str.obj
 0004:000012a8       $pdata$_mbstowcs_l_helper  00000001800332a8     LIBCMT:mbstowcs.obj
 0004:000012b4       $pdata$_mbstowcs_s_l       00000001800332b4     LIBCMT:mbstowcs.obj
 0004:000012c0       $pdata$mbstowcs_s          00000001800332c0     LIBCMT:mbstowcs.obj
 0004:000012cc       $pdata$_wcstombs_l_helper  00000001800332cc     LIBCMT:wcstombs.obj
 0004:000012d8       $pdata$_wcstombs_s_l       00000001800332d8     LIBCMT:wcstombs.obj
 0004:000012e4       $pdata$_isctype_l          00000001800332e4     LIBCMT:isctype.obj
 0004:000012f0       $pdata$calloc              00000001800332f0     LIBCMT:calloc.obj
 0004:000012fc       $pdata$wcscpy_s            00000001800332fc     LIBCMT:wcscpy_s.obj
 0004:00001314       $pdata$realloc             0000000180033314     LIBCMT:realloc.obj
 0004:00001320       $pdata$_calloc_impl        0000000180033320     LIBCMT:calloc_impl.obj
 0004:0000132c       $pdata$_wcsicmp            000000018003332c     LIBCMT:wcsicmp.obj
 0004:00001338       $pdata$_wcsicmp_l          0000000180033338     LIBCMT:wcsicmp.obj
 0004:00001344       $pdata$_isleadbyte_l       0000000180033344     LIBCMT:_wctype.obj
 0004:00001350       $pdata$isleadbyte          0000000180033350     LIBCMT:_wctype.obj
 0004:0000135c       $pdata$_IsNonwritableInCurrentImage 000000018003335c     LIBCMT:pesect.obj
 0004:00001398       $pdata$strncpy_s           0000000180033398     LIBCMT:strncpy_s.obj
 0004:000013a4       $pdata$?__crtGetLocaleInfoA_stat@@YAHPEAUlocaleinfo_struct@@PEB_WKPEADH@Z 00000001800333a4     LIBCMT:a_loc.obj
 0004:000013b0       $pdata$__crtGetLocaleInfoA 00000001800333b0     LIBCMT:a_loc.obj
 0004:000013c8       $pdata$__initstdio         00000001800333c8     LIBCMT:_file.obj
 0004:000013d4       $pdata$__endstdio          00000001800333d4     LIBCMT:_file.obj
 0004:000013e0       $pdata$_lock_file          00000001800333e0     LIBCMT:_file.obj
 0004:000013ec       $pdata$_lock_file2         00000001800333ec     LIBCMT:_file.obj
 0004:000013f8       $pdata$_fileno             00000001800333f8     LIBCMT:fileno.obj
 0004:00001404       $pdata$_isatty             0000000180033404     LIBCMT:isatty.obj
 0004:00001410       $pdata$_write              0000000180033410     LIBCMT:write.obj
 0004:0000141c       $pdata$_write_nolock       000000018003341c     LIBCMT:write.obj
 0004:00001428       $pdata$_lseeki64           0000000180033428     LIBCMT:lseeki64.obj
 0004:00001434       $pdata$_lseeki64_nolock    0000000180033434     LIBCMT:lseeki64.obj
 0004:00001440       $pdata$_getbuf             0000000180033440     LIBCMT:_getbuf.obj
 0004:0000144c       $pdata$_output_s_l         000000018003344c     LIBCMT:outputs.obj
 0004:00001458       $pdata$write_char          0000000180033458     LIBCMT:outputs.obj
 0004:00001464       $pdata$write_multi_char    0000000180033464     LIBCMT:outputs.obj
 0004:00001470       $pdata$write_string        0000000180033470     LIBCMT:outputs.obj
 0004:0000147c       $pdata$_wctomb_s_l         000000018003347c     LIBCMT:wctomb.obj
 0004:00001488       $pdata$wctomb_s            0000000180033488     LIBCMT:wctomb.obj
 0004:00001494       $pdata$wcscat_s            0000000180033494     LIBCMT:wcscat_s.obj
 0004:000014a0       $pdata$wcsncpy_s           00000001800334a0     LIBCMT:wcsncpy_s.obj
 0004:000014ac       $pdata$_set_error_mode     00000001800334ac     LIBCMT:errmode.obj
 0004:000014b8       $pdata$__crtMessageBoxW    00000001800334b8     LIBCMT:crtmboxw.obj
 0004:000014c4       $pdata$__free_lconv_mon    00000001800334c4     LIBCMT:initmon.obj
 0004:000014d0       $pdata$__init_monetary     00000001800334d0     LIBCMT:initmon.obj
 0004:000014dc       $pdata$__free_lconv_num    00000001800334dc     LIBCMT:initnum.obj
 0004:000014e8       $pdata$__init_numeric      00000001800334e8     LIBCMT:initnum.obj
 0004:000014f4       $pdata$__free_lc_time      00000001800334f4     LIBCMT:inittime.obj
 0004:00001500       $pdata$__init_time         0000000180033500     LIBCMT:inittime.obj
 0004:0000150c       $pdata$_get_lc_time        000000018003350c     LIBCMT:inittime.obj
 0004:00001518       $pdata$GetLocaleNameFromLangCountry 0000000180033518     LIBCMT:getqloc.obj
 0004:00001524       $pdata$GetLocaleNameFromLanguage 0000000180033524     LIBCMT:getqloc.obj
 0004:00001530       $pdata$LangCountryEnumProcEx 0000000180033530     LIBCMT:getqloc.obj
 0004:0000153c       $pdata$LanguageEnumProcEx  000000018003353c     LIBCMT:getqloc.obj
 0004:00001548       $pdata$ProcessCodePage     0000000180033548     LIBCMT:getqloc.obj
 0004:00001554       $pdata$TestDefaultCountry  0000000180033554     LIBCMT:getqloc.obj
 0004:00001560       $pdata$TranslateName       0000000180033560     LIBCMT:getqloc.obj
 0004:00001560       $pdata$TranslateName       0000000180033560     LIBCMT:getqloc.obj
 0004:0000156c       $pdata$__get_qualified_locale 000000018003356c     LIBCMT:getqloc.obj
 0004:00001578       $pdata$CountryEnumProc     0000000180033578     LIBCMT:getqloc_downlevel.obj
 0004:00001584       $pdata$GetLcidFromLangCountry 0000000180033584     LIBCMT:getqloc_downlevel.obj
 0004:00001590       $pdata$GetLcidFromLanguage 0000000180033590     LIBCMT:getqloc_downlevel.obj
 0004:0000159c       $pdata$LangCountryEnumProc 000000018003359c     LIBCMT:getqloc_downlevel.obj
 0004:000015a8       $pdata$LanguageEnumProc    00000001800335a8     LIBCMT:getqloc_downlevel.obj
 0004:000015b4       $pdata$ProcessCodePage     00000001800335b4     LIBCMT:getqloc_downlevel.obj
 0004:000015c0       $pdata$TestDefaultLanguage 00000001800335c0     LIBCMT:getqloc_downlevel.obj
 0004:000015cc       $pdata$__get_qualified_locale_downlevel 00000001800335cc     LIBCMT:getqloc_downlevel.obj
 0004:000015e4       $pdata$strrchr             00000001800335e4     LIBCMT:strrchr.obj
 0004:000015f0       $pdata$_fptostr            00000001800335f0     LIBCMT:_fptostr.obj
 0004:000015fc       $pdata$__crt_atoflt_l      00000001800335fc     LIBCMT:atodbl.obj
 0004:00001608       $pdata$_atodbl_l           0000000180033608     LIBCMT:atodbl.obj
 0004:00001614       $pdata$__dtold             0000000180033614     LIBCMT:cfout.obj
 0004:00001620       $pdata$_fltout2            0000000180033620     LIBCMT:cfout.obj
 0004:0000162c       $pdata$_towlower_l         000000018003362c     LIBCMT:towlower.obj
 0004:00001638       $pdata$iswctype            0000000180033638     LIBCMT:iswctype.obj
 0004:00001644       $pdata$_fflush_nolock      0000000180033644     LIBCMT:fflush.obj
 0004:00001650       $pdata$_flush              0000000180033650     LIBCMT:fflush.obj
 0004:0000165c       $pdata$flsall              000000018003365c     LIBCMT:fflush.obj
 0004:00001668       $pdata$_fcloseall          0000000180033668     LIBCMT:closeall.obj
 0004:00001674       $pdata$__lock_fhandle      0000000180033674     LIBCMT:osfinfo.obj
 0004:00001680       $pdata$_free_osfhnd        0000000180033680     LIBCMT:osfinfo.obj
 0004:0000168c       $pdata$_get_osfhandle      000000018003368c     LIBCMT:osfinfo.obj
 0004:00001698       $pdata$_mbtowc_l           0000000180033698     LIBCMT:mbtowc.obj
 0004:000016a4       $pdata$_putwch_nolock      00000001800336a4     LIBCMT:putwch.obj
 0004:000016b0       $pdata$_itow_s             00000001800336b0     LIBCMT:xtows.obj
 0004:000016bc       $pdata$xtow_s              00000001800336bc     LIBCMT:xtows.obj
 0004:000016c8       $pdata$wcschr              00000001800336c8     LIBCMT:wcschr.obj
 0004:000016d4       $pdata$_wcsnicmp           00000001800336d4     LIBCMT:wcsnicmp.obj
 0004:000016e0       $pdata$_wcsnicmp_l         00000001800336e0     LIBCMT:wcsnicmp.obj
 0004:000016ec       $pdata$_ld12tod            00000001800336ec     LIBCMT:intrncvt.obj
 0004:000016f8       $pdata$_ld12tof            00000001800336f8     LIBCMT:intrncvt.obj
 0004:00001704       $pdata$__strgtold12_l      0000000180033704     LIBCMT:strgtold.obj
 0004:00001710       $pdata$$I10_OUTPUT         0000000180033710     LIBCMT:x10fout.obj
 0004:0000171c       $pdata$_commit             000000018003371c     LIBCMT:commit.obj
 0004:00001728       $pdata$_fclose_nolock      0000000180033728     LIBCMT:fclose.obj
 0004:00001734       $pdata$fclose              0000000180033734     LIBCMT:fclose.obj
 0004:00001740       $pdata$__termconout        0000000180033740     LIBCMT:initcon.obj
 0004:0000174c       $pdata$__initconout        000000018003374c     LIBCMT:initcon.obj
 0004:00001758       $pdata$?wcstoxl@@YAKPEB_WPEAPEB_WHH@Z 0000000180033758     LIBCMT:wcstol.obj
 0004:00001764       $pdata$__mtold12           0000000180033764     LIBCMT:mantold.obj
 0004:00001770       $pdata$_close              0000000180033770     LIBCMT:close.obj
 0004:0000177c       $pdata$_close_nolock       000000018003377c     LIBCMT:close.obj
 0004:00001788       $pdata$_freebuf            0000000180033788     LIBCMT:_freebuf.obj
 0004:00001794       $pdata$_onexit$fin$0       0000000180033794     LIBCMT:onexit.obj
 0004:000017a0       $pdata$_CRT_INIT$fin$0     00000001800337a0     LIBCMT:dllcrt0.obj
 0004:000017ac       $pdata$__DllMainCRTStartup$filt$0 00000001800337ac     LIBCMT:dllcrt0.obj
 0004:000017b8       $pdata$_CallSETranslator$filt$0 00000001800337b8     LIBCMT:trnsctrl.obj
 0004:000017c4       $pdata$setlocale$fin$0     00000001800337c4     LIBCMT:setlocal.obj
 0004:000017d0       $pdata$_mtinitlocknum$fin$0 00000001800337d0     LIBCMT:mlock.obj
 0004:000017dc       $pdata$doexit$fin$0        00000001800337dc     LIBCMT:crt0dat.obj
 0004:000017e8       $pdata$raise$fin$0         00000001800337e8     LIBCMT:winsig.obj
 0004:000017f4       $pdata$_initptd$fin$1      00000001800337f4     LIBCMT:tidtable.obj
 0004:000017f4       $pdata$_freefls$fin$1      00000001800337f4     LIBCMT:tidtable.obj
 0004:00001800       $pdata$_initptd$fin$0      0000000180033800     LIBCMT:tidtable.obj
 0004:00001800       $pdata$_freefls$fin$0      0000000180033800     LIBCMT:tidtable.obj
 0004:0000180c       $pdata$_setmbcp$fin$0      000000018003380c     LIBCMT:mbctype.obj
 0004:0000180c       $pdata$__updatetmbcinfo$fin$0 000000018003380c     LIBCMT:mbctype.obj
 0004:00001818       $pdata$_locterm$fin$0      0000000180033818     LIBCMT:wsetloca.obj
 0004:00001818       $pdata$__updatetlocinfo$fin$0 0000000180033818     LIBCMT:wsetloca.obj
 0004:00001824       $pdata$_wsetlocale$fin$1   0000000180033824     LIBCMT:wsetloca.obj
 0004:00001830       $pdata$_wsetlocale$fin$0   0000000180033830     LIBCMT:wsetloca.obj
 0004:0000183c       $pdata$_wsetlocale$fin$2   000000018003383c     LIBCMT:wsetloca.obj
 0004:00001848       $pdata$_ioinit$fin$0       0000000180033848     LIBCMT:ioinit.obj
 0004:00001854       $pdata$__CxxCallCatchBlock$filt$0 0000000180033854     LIBCMT:frame.obj
 0004:00001860       $pdata$__CxxCallCatchBlock$fin$1 0000000180033860     LIBCMT:frame.obj
 0004:0000186c       $pdata$__DestructExceptionObject$filt$0 000000018003386c     LIBCMT:frame.obj
 0004:00001878       $pdata$__FrameUnwindToState$filt$0 0000000180033878     LIBCMT:frame.obj
 0004:00001884       $pdata$__FrameUnwindToState$fin$1 0000000180033884     LIBCMT:frame.obj
 0004:00001890       $pdata$?fin$0@?0??_Type_info_dtor@type_info@@CAXPEAV1@@Z@4HA 0000000180033890     LIBCMT:typname.obj
 0004:0000189c       $pdata$_IsNonwritableInCurrentImage$filt$0 000000018003389c     LIBCMT:pesect.obj
 0004:000018a8       $pdata$_lseeki64$fin$0     00000001800338a8     LIBCMT:lseeki64.obj
 0004:000018a8       $pdata$_write$fin$0        00000001800338a8     LIBCMT:lseeki64.obj
 0004:000018b4       $pdata$flsall$fin$0        00000001800338b4     LIBCMT:fflush.obj
 0004:000018c0       $pdata$flsall$fin$1        00000001800338c0     LIBCMT:fflush.obj
 0004:000018cc       $pdata$_fcloseall$fin$0    00000001800338cc     LIBCMT:closeall.obj
 0004:000018d8       $pdata$__lock_fhandle$fin$0 00000001800338d8     LIBCMT:osfinfo.obj
 0004:000018e4       $pdata$_commit$fin$0       00000001800338e4     LIBCMT:commit.obj
 0004:000018e4       $pdata$_close$fin$0        00000001800338e4     LIBCMT:commit.obj
 0004:000018f0       $pdata$fclose$fin$0        00000001800338f0     LIBCMT:fclose.obj
 0004:000018fc       $pdata$??__Fresult@?1??getStatusMap@?A0x5bcceaa4@@YAAEBV?$map@V?$basic_string@DU?$char_traits@D@std@@V?$allocator@D@2@@std@@KU?$less@V?$basic_string@DU?$char_traits@D@std@@V?$allocator@D@2@@std@@@2@V?$allocator@U?$pair@$$CBV?$basic_string@DU?$char_traits@D@std@@V?$allocator@D@2@@std@@K@std@@@2@@std@@XZ@YAXXZ 00000001800338fc     * CIL library *:* CIL module *
 0004:00001908       $pdata$0$??__Fresult@?1??getStatusMap@?A0x5bcceaa4@@YAAEBV?$map@V?$basic_string@DU?$char_traits@D@std@@V?$allocator@D@2@@std@@KU?$less@V?$basic_string@DU?$char_traits@D@std@@V?$allocator@D@2@@std@@@2@V?$allocator@U?$pair@$$CBV?$basic_string@DU?$char_traits@D@std@@V?$allocator@D@2@@std@@K@std@@@2@@std@@XZ@YAXXZ 0000000180033908     * CIL library *:* CIL module *
 0004:00001914       $pdata$1$??__Fresult@?1??getStatusMap@?A0x5bcceaa4@@YAAEBV?$map@V?$basic_string@DU?$char_traits@D@std@@V?$allocator@D@2@@std@@KU?$less@V?$basic_string@DU?$char_traits@D@std@@V?$allocator@D@2@@std@@@2@V?$allocator@U?$pair@$$CBV?$basic_string@DU?$char_traits@D@std@@V?$allocator@D@2@@std@@K@std@@@2@@std@@XZ@YAXXZ 0000000180033914     * CIL library *:* CIL module *
 0004:00001920       $pdata$??__Fresult@?1??getJobStatusMap@?A0x5bcceaa4@@YAAEBV?$map@V?$basic_string@DU?$char_traits@D@std@@V?$allocator@D@2@@std@@KU?$less@V?$basic_string@DU?$char_traits@D@std@@V?$allocator@D@2@@std@@@2@V?$allocator@U?$pair@$$CBV?$basic_string@DU?$char_traits@D@std@@V?$allocator@D@2@@std@@K@std@@@2@@std@@XZ@YAXXZ 0000000180033920     * CIL library *:* CIL module *
 0004:0000192c       $pdata$0$??__Fresult@?1??getJobStatusMap@?A0x5bcceaa4@@YAAEBV?$map@V?$basic_string@DU?$char_traits@D@std@@V?$allocator@D@2@@std@@KU?$less@V?$basic_string@DU?$char_traits@D@std@@V?$allocator@D@2@@std@@@2@V?$allocator@U?$pair@$$CBV?$basic_string@DU?$char_traits@D@std@@V?$allocator@D@2@@std@@K@std@@@2@@std@@XZ@YAXXZ 000000018003392c     * CIL library *:* CIL module *
 0004:00001938       $pdata$1$??__Fresult@?1??getJobStatusMap@?A0x5bcceaa4@@YAAEBV?$map@V?$basic_string@DU?$char_traits@D@std@@V?$allocator@D@2@@std@@KU?$less@V?$basic_string@DU?$char_traits@D@std@@V?$allocator@D@2@@std@@@2@V?$allocator@U?$pair@$$CBV?$basic_string@DU?$char_traits@D@std@@V?$allocator@D@2@@std@@K@std@@@2@@std@@XZ@YAXXZ 0000000180033938     * CIL library *:* CIL module *
 0004:00001944       $pdata$??__Fresult@?1??getAttributeMap@?A0x5bcceaa4@@YAAEBV?$map@V?$basic_string@DU?$char_traits@D@std@@V?$allocator@D@2@@std@@KU?$less@V?$basic_string@DU?$char_traits@D@std@@V?$allocator@D@2@@std@@@2@V?$allocator@U?$pair@$$CBV?$basic_string@DU?$char_traits@D@std@@V?$allocator@D@2@@std@@K@std@@@2@@std@@XZ@YAXXZ 0000000180033944     * CIL library *:* CIL module *
 0004:00001950       $pdata$0$??__Fresult@?1??getAttributeMap@?A0x5bcceaa4@@YAAEBV?$map@V?$basic_string@DU?$char_traits@D@std@@V?$allocator@D@2@@std@@KU?$less@V?$basic_string@DU?$char_traits@D@std@@V?$allocator@D@2@@std@@@2@V?$allocator@U?$pair@$$CBV?$basic_string@DU?$char_traits@D@std@@V?$allocator@D@2@@std@@K@std@@@2@@std@@XZ@YAXXZ 0000000180033950     * CIL library *:* CIL module *
 0004:0000195c       $pdata$1$??__Fresult@?1??getAttributeMap@?A0x5bcceaa4@@YAAEBV?$map@V?$basic_string@DU?$char_traits@D@std@@V?$allocator@D@2@@std@@KU?$less@V?$basic_string@DU?$char_traits@D@std@@V?$allocator@D@2@@std@@@2@V?$allocator@U?$pair@$$CBV?$basic_string@DU?$char_traits@D@std@@V?$allocator@D@2@@std@@K@std@@@2@@std@@XZ@YAXXZ 000000018003395c     * CIL library *:* CIL module *
 0004:00001968       $pdata$??__Fresult@?1??getJobCommandMap@?A0x5bcceaa4@@YAAEBV?$map@V?$basic_string@DU?$char_traits@D@std@@V?$allocator@D@2@@std@@KU?$less@V?$basic_string@DU?$char_traits@D@std@@V?$allocator@D@2@@std@@@2@V?$allocator@U?$pair@$$CBV?$basic_string@DU?$char_traits@D@std@@V?$allocator@D@2@@std@@K@std@@@2@@std@@XZ@YAXXZ 0000000180033968     * CIL library *:* CIL module *
 0004:00001974       $pdata$0$??__Fresult@?1??getJobCommandMap@?A0x5bcceaa4@@YAAEBV?$map@V?$basic_string@DU?$char_traits@D@std@@V?$allocator@D@2@@std@@KU?$less@V?$basic_string@DU?$char_traits@D@std@@V?$allocator@D@2@@std@@@2@V?$allocator@U?$pair@$$CBV?$basic_string@DU?$char_traits@D@std@@V?$allocator@D@2@@std@@K@std@@@2@@std@@XZ@YAXXZ 0000000180033974     * CIL library *:* CIL module *
 0004:00001980       $pdata$1$??__Fresult@?1??getJobCommandMap@?A0x5bcceaa4@@YAAEBV?$map@V?$basic_string@DU?$char_traits@D@std@@V?$allocator@D@2@@std@@KU?$less@V?$basic_string@DU?$char_traits@D@std@@V?$allocator@D@2@@std@@@2@V?$allocator@U?$pair@$$CBV?$basic_string@DU?$char_traits@D@std@@V?$allocator@D@2@@std@@K@std@@@2@@std@@XZ@YAXXZ 0000000180033980     * CIL library *:* CIL module *
 0004:0000198c       $pdata$??__F_Fac_tidy_reg@std@@YAXXZ 000000018003398c     libcpmt:locale0.obj
 0004:00001998       $pdata$??__Fclassic_locale@std@@YAXXZ 0000000180033998     libcpmt:locale0.obj
 0004:000019a4       $pdata$??__Finit_atexit@@YAXXZ 00000001800339a4     libcpmt:iosptrs.obj
 0005:00000060       $R000000                   0000000180034060     * linker generated manifest res *

 Exports

  ordinal    name

        1    _register_node_printer_
