 node_printer

 Timestamp is 567b5a45 (Thu Dec 24 10:36:53 2015)

 Preferred load address is 10000000

 Start         Length     Name                   Class
 0001:00000000 000000a1H .text$di                CODE
 0001:000000b0 0001c85eH .text$mn                CODE
 0001:0001c90e 0000003eH .text$x                 CODE
 0001:0001c950 000001e7H .text$yd                CODE
 0002:00000000 000001c0H .idata$5                DATA
 0002:000001c0 00000004H .CRT$XCA                DATA
 0002:000001c4 0000000cH .CRT$XCC                DATA
 0002:000001d0 00000008H .CRT$XCL                DATA
 0002:000001d8 0000001cH .CRT$XCU                DATA
 0002:000001f4 00000004H .CRT$XCZ                DATA
 0002:000001f8 00000004H .CRT$XIA                DATA
 0002:000001fc 00000010H .CRT$XIC                DATA
 0002:0000020c 00000004H .CRT$XIZ                DATA
 0002:00000210 00000004H .CRT$XPA                DATA
 0002:00000214 00000008H .CRT$XPX                DATA
 0002:0000021c 00000004H .CRT$XPXA               DATA
 0002:00000220 00000004H .CRT$XPZ                DATA
 0002:00000224 00000004H .CRT$XTA                DATA
 0002:00000228 00000004H .CRT$XTZ                DATA
 0002:00000230 00006df8H .rdata                  DATA
 0002:00007028 00000068H .rdata$debug            DATA
 0002:00007090 00000460H .rdata$r                DATA
 0002:000074f0 0000001cH .rdata$sxdata           DATA
 0002:0000750c 00000004H .rtc$IAA                DATA
 0002:00007510 00000004H .rtc$IZZ                DATA
 0002:00007514 00000004H .rtc$TAA                DATA
 0002:00007518 00000004H .rtc$TZZ                DATA
 0002:00007520 00000604H .xdata$x                DATA
 0002:00007b30 0000005cH .edata                  DATA
 0002:00007b8c 0000003cH .idata$2                DATA
 0002:00007bc8 00000014H .idata$3                DATA
 0002:00007bdc 000001c0H .idata$4                DATA
 0002:00007d9c 00000bf6H .idata$6                DATA
 0003:00000000 000014d4H .data                   DATA
 0003:000014d8 00000204H .data$r                 DATA
 0003:000016e0 000021a8H .bss                    DATA
 0004:00000000 00000058H .rsrc$01                DATA
 0004:00000060 00000180H .rsrc$02                DATA

  Address         Publics by Value              Rva+Base       Lib:Object

 0000:00000000       ___guard_fids_count        00000000     <absolute>
 0000:00000000       __except_list              00000000     <absolute>
 0000:00000000       ___guard_flags             00000000     <absolute>
 0000:00000000       ___guard_fids_table        00000000     <absolute>
 0000:00000007       ___safe_se_handler_count   00000007     <absolute>
 0000:00000000       ___ImageBase               10000000     <linker-defined>
 0001:000000b0       ?initNode@@YAXV?$Local@VObject@v8@@@v8@@@Z 100010b0 f   node_printer.obj
 0001:00000180       __register_node_printer    10001180 f   node_printer.obj
 0001:00000190       ?getStringOrBufferFromV8Value@@YA_NV?$Local@VValue@v8@@@v8@@AAV?$basic_string@DU?$char_traits@D@std@@V?$allocator@D@2@@std@@@Z 10001190 f   node_printer.obj
 0001:00000250       ??0?$basic_string@DU?$char_traits@D@std@@V?$allocator@D@2@@std@@QAE@PBD@Z 10001250 f i node_printer.obj
 0001:000002a0       ??1?$basic_string@DU?$char_traits@D@std@@V?$allocator@D@2@@std@@QAE@XZ 100012a0 f i node_printer.obj
 0001:000002d0       ?assign@?$basic_string@DU?$char_traits@D@std@@V?$allocator@D@2@@std@@QAEAAV12@PBDI@Z 100012d0 f i node_printer.obj
 0001:000003d0       ?assign@?$basic_string@DU?$char_traits@D@std@@V?$allocator@D@2@@std@@QAEAAV12@ABV12@II@Z 100013d0 f i node_printer.obj
 0001:000004e0       ?erase@?$basic_string@DU?$char_traits@D@std@@V?$allocator@D@2@@std@@QAEAAV12@II@Z 100014e0 f i node_printer.obj
 0001:00000580       ?_Copy@?$basic_string@DU?$char_traits@D@std@@V?$allocator@D@2@@std@@QAEXII@Z 10001580 f i node_printer.obj
 0001:00000640       ??$NODE_SET_METHOD@V?$Local@VObject@v8@@@v8@@@node@@YAXABV?$Local@VObject@v8@@@v8@@PBDP6AXABV?$FunctionCallbackInfo@VValue@v8@@@2@@Z@Z 10001640 f i node_printer.obj
 0001:000006e0       ?what@exception@stdext@@UBEPBDXZ 100016e0 f i node_printer_win.obj
 0001:000006f0       ?_Raise@exception@stdext@@QBEXXZ 100016f0 f i node_printer_win.obj
 0001:00000720       ?_Unlock@?$basic_streambuf@DU?$char_traits@D@std@@@std@@UAEXXZ 10001720 f i node_printer_win.obj
 0001:00000720       ?_Lock@?$basic_streambuf@DU?$char_traits@D@std@@@std@@UAEXXZ 10001720 f i node_printer_win.obj
 0001:00000720       ?_Doraise@exception@stdext@@MBEXXZ 10001720 f i node_printer_win.obj
 0001:00000730       ??_Eruntime_error@std@@UAEPAXI@Z 10001730 f i * CIL library *:* CIL module *
 0001:00000730       ??_Eexception@stdext@@UAEPAXI@Z 10001730 f i * CIL library *:* CIL module *
 0001:00000730       ??_Gfailure@ios_base@std@@UAEPAXI@Z 10001730 f i node_printer_win.obj
 0001:00000730       ??_E_System_error@std@@UAEPAXI@Z 10001730 f i * CIL library *:* CIL module *
 0001:00000730       ??_Gexception@stdext@@UAEPAXI@Z 10001730 f i node_printer_win.obj
 0001:00000730       ??_Gruntime_error@std@@UAEPAXI@Z 10001730 f i node_printer_win.obj
 0001:00000730       ??_G_System_error@std@@UAEPAXI@Z 10001730 f i node_printer_win.obj
 0001:00000730       ??_Efailure@ios_base@std@@UAEPAXI@Z 10001730 f i * CIL library *:* CIL module *
 0001:00000750       ?compare@?$char_traits@D@std@@SAHPBD0I@Z 10001750 f i node_printer_win.obj
 0001:000007b0       ?_Doraise@runtime_error@std@@MBEXXZ 100017b0 f i node_printer_win.obj
 0001:000007b0       ?_Doraise@failure@ios_base@std@@MBEXXZ 100017b0 f i node_printer_win.obj
 0001:000007c0       ??0_Locinfo@std@@QAE@PBD@Z 100017c0 f i node_printer_win.obj
 0001:00000840       ??1_Locinfo@std@@QAE@XZ    10001840 f i node_printer_win.obj
 0001:000008e0       ??_G?$num_put@DV?$ostreambuf_iterator@DU?$char_traits@D@std@@@std@@@std@@MAEPAXI@Z 100018e0 f i node_printer_win.obj
 0001:000008e0       ??_E_Facet_base@std@@UAEPAXI@Z 100018e0 f i * CIL library *:* CIL module *
 0001:000008e0       ??_G_Facet_base@std@@UAEPAXI@Z 100018e0 f i node_printer_win.obj
 0001:000008e0       ??_E?$num_put@DV?$ostreambuf_iterator@DU?$char_traits@D@std@@@std@@@std@@MAEPAXI@Z 100018e0 f i * CIL library *:* CIL module *
 0001:00000900       ?_Incref@facet@locale@std@@UAEXXZ 10001900 f i node_printer_win.obj
 0001:00000910       ?_Decref@facet@locale@std@@UAEPAV_Facet_base@3@XZ 10001910 f i node_printer_win.obj
 0001:00000930       ??1locale@std@@QAE@XZ      10001930 f i node_printer_win.obj
 0001:00000950       ?_Getcat@?$ctype@D@std@@SAIPAPBVfacet@locale@2@PBV42@@Z 10001950 f i node_printer_win.obj
 0001:000009f0       ?do_tolower@?$ctype@D@std@@MBEDD@Z 100019f0 f i node_printer_win.obj
 0001:00000a10       ?do_tolower@?$ctype@D@std@@MBEPBDPADPBD@Z 10001a10 f i node_printer_win.obj
 0001:00000a50       ?do_toupper@?$ctype@D@std@@MBEDD@Z 10001a50 f i node_printer_win.obj
 0001:00000a70       ?do_toupper@?$ctype@D@std@@MBEPBDPADPBD@Z 10001a70 f i node_printer_win.obj
 0001:00000ab0       ?do_widen@?$ctype@D@std@@MBEDD@Z 10001ab0 f i node_printer_win.obj
 0001:00000ac0       ?do_widen@?$ctype@D@std@@MBEPBDPBD0PAD@Z 10001ac0 f i node_printer_win.obj
 0001:00000ae0       ?do_narrow@?$ctype@D@std@@MBEDDD@Z 10001ae0 f i node_printer_win.obj
 0001:00000af0       ?do_narrow@?$ctype@D@std@@MBEPBDPBD0DPAD@Z 10001af0 f i node_printer_win.obj
 0001:00000b10       ??_G?$ctype@D@std@@MAEPAXI@Z 10001b10 f i node_printer_win.obj
 0001:00000b10       ??_E?$ctype@D@std@@MAEPAXI@Z 10001b10 f i * CIL library *:* CIL module *
 0001:00000b60       ?_Makestr@_System_error@std@@CA?AV?$basic_string@DU?$char_traits@D@std@@V?$allocator@D@2@@2@Verror_code@2@V32@@Z 10001b60 f i node_printer_win.obj
 0001:00000c20       ??0_System_error@std@@IAE@Verror_code@1@ABV?$basic_string@DU?$char_traits@D@std@@V?$allocator@D@2@@1@@Z 10001c20 f i node_printer_win.obj
 0001:00000cc0       ?clear@ios_base@std@@QAEXH_N@Z 10001cc0 f i node_printer_win.obj
 0001:00000e10       ?_Init@ios_base@std@@IAEXXZ 10001e10 f i node_printer_win.obj
 0001:00000e90       ??_Gios_base@std@@UAEPAXI@Z 10001e90 f i node_printer_win.obj
 0001:00000e90       ??_Eios_base@std@@UAEPAXI@Z 10001e90 f i * CIL library *:* CIL module *
 0001:00000ec0       ?getStatusMap@?A0x6eb2d5d9@@YAABV?$map@V?$basic_string@DU?$char_traits@D@std@@V?$allocator@D@2@@std@@KU?$less@V?$basic_string@DU?$char_traits@D@std@@V?$allocator@D@2@@std@@@2@V?$allocator@U?$pair@$$CBV?$basic_string@DU?$char_traits@D@std@@V?$allocator@D@2@@std@@K@std@@@2@@std@@XZ 10001ec0 f   node_printer_win.obj
 0001:00001430       ?getJobStatusMap@?A0x6eb2d5d9@@YAABV?$map@V?$basic_string@DU?$char_traits@D@std@@V?$allocator@D@2@@std@@KU?$less@V?$basic_string@DU?$char_traits@D@std@@V?$allocator@D@2@@std@@@2@V?$allocator@U?$pair@$$CBV?$basic_string@DU?$char_traits@D@std@@V?$allocator@D@2@@std@@K@std@@@2@@std@@XZ 10002430 f   node_printer_win.obj
 0001:00001740       ?getAttributeMap@?A0x6eb2d5d9@@YAABV?$map@V?$basic_string@DU?$char_traits@D@std@@V?$allocator@D@2@@std@@KU?$less@V?$basic_string@DU?$char_traits@D@std@@V?$allocator@D@2@@std@@@2@V?$allocator@U?$pair@$$CBV?$basic_string@DU?$char_traits@D@std@@V?$allocator@D@2@@std@@K@std@@@2@@std@@XZ 10002740 f   node_printer_win.obj
 0001:00001a50       ?getJobCommandMap@?A0x6eb2d5d9@@YAABV?$map@V?$basic_string@DU?$char_traits@D@std@@V?$allocator@D@2@@std@@KU?$less@V?$basic_string@DU?$char_traits@D@std@@V?$allocator@D@2@@std@@@2@V?$allocator@U?$pair@$$CBV?$basic_string@DU?$char_traits@D@std@@V?$allocator@D@2@@std@@K@std@@@2@@std@@XZ 10002a50 f   node_printer_win.obj
 0001:00001c30       ?parseJobObject@?A0x6eb2d5d9@@YAXPAU_JOB_INFO_2W@@V?$Local@VObject@v8@@@v8@@@Z 10002c30 f   node_printer_win.obj
 0001:00002340       ?getLastErrorCodeAndMessage@?A0x6eb2d5d9@@YA?AV?$basic_string@DU?$char_traits@D@std@@V?$allocator@D@2@@std@@XZ 10003340 f   node_printer_win.obj
 0001:00002520       ?retrieveAndParseJobs@?A0x6eb2d5d9@@YA?AV?$basic_string@DU?$char_traits@D@std@@V?$allocator@D@2@@std@@QA_WABKV?$Local@VObject@v8@@@v8@@AAUPrinterHandle@1@@Z 10003520 f   node_printer_win.obj
 0001:00002780       ?parsePrinterInfo@?A0x6eb2d5d9@@YA?AV?$basic_string@DU?$char_traits@D@std@@V?$allocator@D@2@@std@@PBU_PRINTER_INFO_2W@@V?$Local@VObject@v8@@@v8@@AAUPrinterHandle@1@@Z 10003780 f   node_printer_win.obj
 0001:00002fe0       ?getPrinters@@YAXABV?$FunctionCallbackInfo@VValue@v8@@@v8@@@Z 10003fe0 f   node_printer_win.obj
 0001:000032d0       ?getDefaultPrinterName@@YAXABV?$FunctionCallbackInfo@VValue@v8@@@v8@@@Z 100042d0 f   node_printer_win.obj
 0001:000033d0       ?getPrinter@@YAXABV?$FunctionCallbackInfo@VValue@v8@@@v8@@@Z 100043d0 f   node_printer_win.obj
 0001:00003740       ?getPrinterDriverOptions@@YAXABV?$FunctionCallbackInfo@VValue@v8@@@v8@@@Z 10004740 f   node_printer_win.obj
 0001:000037a0       ?getJob@@YAXABV?$FunctionCallbackInfo@VValue@v8@@@v8@@@Z 100047a0 f   node_printer_win.obj
 0001:00003b40       ?setJob@@YAXABV?$FunctionCallbackInfo@VValue@v8@@@v8@@@Z 10004b40 f   node_printer_win.obj
 0001:00003f10       ?getSupportedJobCommands@@YAXABV?$FunctionCallbackInfo@VValue@v8@@@v8@@@Z 10004f10 f   node_printer_win.obj
 0001:00004020       ?getSupportedPrintFormats@@YAXABV?$FunctionCallbackInfo@VValue@v8@@@v8@@@Z 10005020 f   node_printer_win.obj
 0001:00004340       ?PrintDirect@@YAXABV?$FunctionCallbackInfo@VValue@v8@@@v8@@@Z 10005340 f   node_printer_win.obj
 0001:00004870       ?PrintFile@@YAXABV?$FunctionCallbackInfo@VValue@v8@@@v8@@@Z 10005870 f   node_printer_win.obj
 0001:000048d0       ??0?$basic_string@DU?$char_traits@D@std@@V?$allocator@D@2@@std@@QAE@$$QAV01@@Z 100058d0 f i node_printer_win.obj
 0001:00004930       ?pbackfail@?$basic_streambuf@DU?$char_traits@D@std@@@std@@MAEHH@Z 10005930 f i node_printer_win.obj
 0001:00004930       ?overflow@?$basic_streambuf@DU?$char_traits@D@std@@@std@@MAEHH@Z 10005930 f i node_printer_win.obj
 0001:00004940       ?showmanyc@?$basic_streambuf@DU?$char_traits@D@std@@@std@@MAE_JXZ 10005940 f i node_printer_win.obj
 0001:00004950       ?underflow@?$basic_streambuf@DU?$char_traits@D@std@@@std@@MAEHXZ 10005950 f i node_printer_win.obj
 0001:00004960       ?uflow@?$basic_streambuf@DU?$char_traits@D@std@@@std@@MAEHXZ 10005960 f i node_printer_win.obj
 0001:00004990       ?xsgetn@?$basic_streambuf@DU?$char_traits@D@std@@@std@@MAE_JPAD_J@Z 10005990 f i node_printer_win.obj
 0001:00004aa0       ?xsputn@?$basic_streambuf@DU?$char_traits@D@std@@@std@@MAE_JPBD_J@Z 10005aa0 f i node_printer_win.obj
 0001:00004bb0       ?seekoff@?$basic_streambuf@DU?$char_traits@D@std@@@std@@MAE?AV?$fpos@H@2@_JHH@Z 10005bb0 f i node_printer_win.obj
 0001:00004be0       ?seekpos@?$basic_streambuf@DU?$char_traits@D@std@@@std@@MAE?AV?$fpos@H@2@V32@H@Z 10005be0 f i node_printer_win.obj
 0001:00004c10       ?setbuf@?$basic_streambuf@DU?$char_traits@D@std@@@std@@MAEPAV12@PAD_J@Z 10005c10 f i node_printer_win.obj
 0001:00004c20       ___init_dummy              10005c20 f i LIBCMT:wsetloca.obj
 0001:00004c20       ___init_collate            10005c20 f i LIBCMT:initcoll.obj
 0001:00004c20       ?sync@?$basic_streambuf@DU?$char_traits@D@std@@@std@@MAEHXZ 10005c20 f i node_printer_win.obj
 0001:00004c20       __matherr                  10005c20 f i LIBCMT:matherr.obj
 0001:00004c30       ?imbue@?$basic_streambuf@DU?$char_traits@D@std@@@std@@MAEXABVlocale@2@@Z 10005c30 f i node_printer_win.obj
 0001:00004c30       ??$destroy@PAU?$_Tree_node@U?$pair@$$CBV?$basic_string@DU?$char_traits@D@std@@V?$allocator@D@2@@std@@K@std@@PAX@std@@@?$_Wrap_alloc@V?$allocator@U?$_Tree_node@U?$pair@$$CBV?$basic_string@DU?$char_traits@D@std@@V?$allocator@D@2@@std@@K@std@@PAX@std@@@std@@@std@@QAEXPAPAU?$_Tree_node@U?$pair@$$CBV?$basic_string@DU?$char_traits@D@std@@V?$allocator@D@2@@std@@K@std@@PAX@1@@Z 10005c30 f i node_printer_win.obj
 0001:00004c40       ??6?$basic_ostream@DU?$char_traits@D@std@@@std@@QAEAAV01@K@Z 10005c40 f i node_printer_win.obj
 0001:00004d90       ?find@?$_Tree@V?$_Tmap_traits@V?$basic_string@DU?$char_traits@D@std@@V?$allocator@D@2@@std@@KU?$less@V?$basic_string@DU?$char_traits@D@std@@V?$allocator@D@2@@std@@@2@V?$allocator@U?$pair@$$CBV?$basic_string@DU?$char_traits@D@std@@V?$allocator@D@2@@std@@K@std@@@2@$0A@@std@@@std@@QBE?AV?$_Tree_const_iterator@V?$_Tree_val@U?$_Tree_simple_types@U?$pair@$$CBV?$basic_string@DU?$char_traits@D@std@@V?$allocator@D@2@@std@@K@std@@@std@@@std@@@2@ABV?$basic_string@DU?$char_traits@D@std@@V?$allocator@D@2@@2@@Z 10005d90 f i node_printer_win.obj
 0001:00004e20       ??1?$basic_stringbuf@DU?$char_traits@D@std@@V?$allocator@D@2@@std@@UAE@XZ 10005e20 f i node_printer_win.obj
 0001:00004eb0       ?overflow@?$basic_stringbuf@DU?$char_traits@D@std@@V?$allocator@D@2@@std@@MAEHH@Z 10005eb0 f i node_printer_win.obj
 0001:000050a0       ?pbackfail@?$basic_stringbuf@DU?$char_traits@D@std@@V?$allocator@D@2@@std@@MAEHH@Z 100060a0 f i node_printer_win.obj
 0001:00005100       ?underflow@?$basic_stringbuf@DU?$char_traits@D@std@@V?$allocator@D@2@@std@@MAEHXZ 10006100 f i node_printer_win.obj
 0001:00005160       ?seekoff@?$basic_stringbuf@DU?$char_traits@D@std@@V?$allocator@D@2@@std@@MAE?AV?$fpos@H@2@_JHH@Z 10006160 f i node_printer_win.obj
 0001:00005340       ?seekpos@?$basic_stringbuf@DU?$char_traits@D@std@@V?$allocator@D@2@@std@@MAE?AV?$fpos@H@2@V32@H@Z 10006340 f i node_printer_win.obj
 0001:00005470       ??_G?$basic_streambuf@DU?$char_traits@D@std@@@std@@UAEPAXI@Z 10006470 f i node_printer_win.obj
 0001:00005470       ??_E?$basic_streambuf@DU?$char_traits@D@std@@@std@@UAEPAXI@Z 10006470 f i * CIL library *:* CIL module *
 0001:000054c0       ??_E?$basic_ostream@DU?$char_traits@D@std@@@std@@UAEPAXI@Z 100064c0 f i * CIL library *:* CIL module *
 0001:000054c0       ??_G?$basic_ostream@DU?$char_traits@D@std@@@std@@UAEPAXI@Z 100064c0 f i node_printer_win.obj
 0001:00005510       ??_E?$basic_ostringstream@DU?$char_traits@D@std@@V?$allocator@D@2@@std@@UAEPAXI@Z 10006510 f i * CIL library *:* CIL module *
 0001:00005510       ??_G?$basic_ostringstream@DU?$char_traits@D@std@@V?$allocator@D@2@@std@@UAEPAXI@Z 10006510 f i node_printer_win.obj
 0001:00005580       ??_G?$basic_stringbuf@DU?$char_traits@D@std@@V?$allocator@D@2@@std@@UAEPAXI@Z 10006580 f i node_printer_win.obj
 0001:00005580       ??_E?$basic_stringbuf@DU?$char_traits@D@std@@V?$allocator@D@2@@std@@UAEPAXI@Z 10006580 f i * CIL library *:* CIL module *
 0001:000055a0       ?assign@?$basic_string@DU?$char_traits@D@std@@V?$allocator@D@2@@std@@QAEAAV12@$$QAV12@@Z 100065a0 f i node_printer_win.obj
 0001:00005620       ?append@?$basic_string@DU?$char_traits@D@std@@V?$allocator@D@2@@std@@QAEAAV12@ABV12@II@Z 10006620 f i node_printer_win.obj
 0001:00005720       ?append@?$basic_string@DU?$char_traits@D@std@@V?$allocator@D@2@@std@@QAEAAV12@PBDI@Z 10006720 f i node_printer_win.obj
 0001:00005830       ?init@?$basic_ios@DU?$char_traits@D@std@@@std@@IAEXPAV?$basic_streambuf@DU?$char_traits@D@std@@@2@_N@Z 10006830 f i node_printer_win.obj
 0001:000058b0       ?_Gnavail@?$basic_streambuf@DU?$char_traits@D@std@@@std@@IBE_JXZ 100068b0 f i node_printer_win.obj
 0001:000058d0       ?_Pnavail@?$basic_streambuf@DU?$char_traits@D@std@@@std@@IBE_JXZ 100068d0 f i node_printer_win.obj
 0001:000058f0       ?str@?$basic_stringbuf@DU?$char_traits@D@std@@V?$allocator@D@2@@std@@QBE?AV?$basic_string@DU?$char_traits@D@std@@V?$allocator@D@2@@2@XZ 100068f0 f i node_printer_win.obj
 0001:00005a10       ??0sentry@?$basic_ostream@DU?$char_traits@D@std@@@std@@QAE@AAV12@@Z 10006a10 f i node_printer_win.obj
 0001:00005a70       ??1sentry@?$basic_ostream@DU?$char_traits@D@std@@@std@@QAE@XZ 10006a70 f i node_printer_win.obj
 0001:00005ae0       ?do_put@?$num_put@DV?$ostreambuf_iterator@DU?$char_traits@D@std@@@std@@@std@@MBE?AV?$ostreambuf_iterator@DU?$char_traits@D@std@@@2@V32@AAVios_base@2@D_N@Z 10006ae0 f i node_printer_win.obj
 0001:00005ca0       ?do_put@?$num_put@DV?$ostreambuf_iterator@DU?$char_traits@D@std@@@std@@@std@@MBE?AV?$ostreambuf_iterator@DU?$char_traits@D@std@@@2@V32@AAVios_base@2@DJ@Z 10006ca0 f i node_printer_win.obj
 0001:00005d20       ?do_put@?$num_put@DV?$ostreambuf_iterator@DU?$char_traits@D@std@@@std@@@std@@MBE?AV?$ostreambuf_iterator@DU?$char_traits@D@std@@@2@V32@AAVios_base@2@DK@Z 10006d20 f i node_printer_win.obj
 0001:00005da0       ?do_put@?$num_put@DV?$ostreambuf_iterator@DU?$char_traits@D@std@@@std@@@std@@MBE?AV?$ostreambuf_iterator@DU?$char_traits@D@std@@@2@V32@AAVios_base@2@D_J@Z 10006da0 f i node_printer_win.obj
 0001:00005e20       ?do_put@?$num_put@DV?$ostreambuf_iterator@DU?$char_traits@D@std@@@std@@@std@@MBE?AV?$ostreambuf_iterator@DU?$char_traits@D@std@@@2@V32@AAVios_base@2@D_K@Z 10006e20 f i node_printer_win.obj
 0001:00005ea0       ?do_put@?$num_put@DV?$ostreambuf_iterator@DU?$char_traits@D@std@@@std@@@std@@MBE?AV?$ostreambuf_iterator@DU?$char_traits@D@std@@@2@V32@AAVios_base@2@DN@Z 10006ea0 f i node_printer_win.obj
 0001:000060e0       ?do_put@?$num_put@DV?$ostreambuf_iterator@DU?$char_traits@D@std@@@std@@@std@@MBE?AV?$ostreambuf_iterator@DU?$char_traits@D@std@@@2@V32@AAVios_base@2@DO@Z 100070e0 f i node_printer_win.obj
 0001:00006310       ?do_put@?$num_put@DV?$ostreambuf_iterator@DU?$char_traits@D@std@@@std@@@std@@MBE?AV?$ostreambuf_iterator@DU?$char_traits@D@std@@@2@V32@AAVios_base@2@DPBX@Z 10007310 f i node_printer_win.obj
 0001:00006380       ?do_decimal_point@?$numpunct@D@std@@MBEDXZ 10007380 f i node_printer_win.obj
 0001:00006390       ?do_thousands_sep@?$numpunct@D@std@@MBEDXZ 10007390 f i node_printer_win.obj
 0001:000063a0       ?do_grouping@?$numpunct@D@std@@MBE?AV?$basic_string@DU?$char_traits@D@std@@V?$allocator@D@2@@2@XZ 100073a0 f i node_printer_win.obj
 0001:000063f0       ?do_falsename@?$numpunct@D@std@@MBE?AV?$basic_string@DU?$char_traits@D@std@@V?$allocator@D@2@@2@XZ 100073f0 f i node_printer_win.obj
 0001:00006440       ?do_truename@?$numpunct@D@std@@MBE?AV?$basic_string@DU?$char_traits@D@std@@V?$allocator@D@2@@2@XZ 10007440 f i node_printer_win.obj
 0001:00006490       ??_E?$numpunct@D@std@@MAEPAXI@Z 10007490 f i * CIL library *:* CIL module *
 0001:00006490       ??_G?$numpunct@D@std@@MAEPAXI@Z 10007490 f i node_printer_win.obj
 0001:000064d0       ?insert@?$basic_string@DU?$char_traits@D@std@@V?$allocator@D@2@@std@@QAEAAV12@IID@Z 100074d0 f i node_printer_win.obj
 0001:000065d0       ??0?$basic_streambuf@DU?$char_traits@D@std@@@std@@IAE@XZ 100075d0 f i node_printer_win.obj
 0001:00006660       ?flush@?$basic_ostream@DU?$char_traits@D@std@@@std@@QAEAAV12@XZ 10007660 f i node_printer_win.obj
 0001:000066d0       ?erase@?$_Tree@V?$_Tmap_traits@V?$basic_string@DU?$char_traits@D@std@@V?$allocator@D@2@@std@@KU?$less@V?$basic_string@DU?$char_traits@D@std@@V?$allocator@D@2@@std@@@2@V?$allocator@U?$pair@$$CBV?$basic_string@DU?$char_traits@D@std@@V?$allocator@D@2@@std@@K@std@@@2@$0A@@std@@@std@@QAE?AV?$_Tree_iterator@V?$_Tree_val@U?$_Tree_simple_types@U?$pair@$$CBV?$basic_string@DU?$char_traits@D@std@@V?$allocator@D@2@@std@@K@std@@@std@@@std@@@2@V?$_Tree_const_iterator@V?$_Tree_val@U?$_Tree_simple_types@U?$pair@$$CBV?$basic_string@DU?$char_traits@D@std@@V?$allocator@D@2@@std@@K@std@@@std@@@std@@@2@0@Z 100076d0 f i node_printer_win.obj
 0001:00006790       ?_Lbound@?$_Tree@V?$_Tmap_traits@V?$basic_string@DU?$char_traits@D@std@@V?$allocator@D@2@@std@@KU?$less@V?$basic_string@DU?$char_traits@D@std@@V?$allocator@D@2@@std@@@2@V?$allocator@U?$pair@$$CBV?$basic_string@DU?$char_traits@D@std@@V?$allocator@D@2@@std@@K@std@@@2@$0A@@std@@@std@@IBEPAU?$_Tree_node@U?$pair@$$CBV?$basic_string@DU?$char_traits@D@std@@V?$allocator@D@2@@std@@K@std@@PAX@2@ABV?$basic_string@DU?$char_traits@D@std@@V?$allocator@D@2@@2@@Z 10007790 f i node_printer_win.obj
 0001:00006870       ?_Fput@?$num_put@DV?$ostreambuf_iterator@DU?$char_traits@D@std@@@std@@@std@@ABA?AV?$ostreambuf_iterator@DU?$char_traits@D@std@@@2@V32@AAVios_base@2@DPBDIIII@Z 10007870 f i node_printer_win.obj
 0001:00006c90       ?_Ifmt@?$num_put@DV?$ostreambuf_iterator@DU?$char_traits@D@std@@@std@@@std@@ABAPADPADPBDH@Z 10007c90 f i node_printer_win.obj
 0001:00006d20       ?_Iput@?$num_put@DV?$ostreambuf_iterator@DU?$char_traits@D@std@@@std@@@std@@ABA?AV?$ostreambuf_iterator@DU?$char_traits@D@std@@@2@V32@AAVios_base@2@DPADI@Z 10007d20 f i node_printer_win.obj
 0001:00007070       ?_Put@?$num_put@DV?$ostreambuf_iterator@DU?$char_traits@D@std@@@std@@@std@@ABA?AV?$ostreambuf_iterator@DU?$char_traits@D@std@@@2@V32@PBDI@Z 10008070 f i node_printer_win.obj
 0001:000070f0       ?_Rep@?$num_put@DV?$ostreambuf_iterator@DU?$char_traits@D@std@@@std@@@std@@ABA?AV?$ostreambuf_iterator@DU?$char_traits@D@std@@@2@V32@DI@Z 100080f0 f i node_printer_win.obj
 0001:00007160       ?assign@?$basic_string@DU?$char_traits@D@std@@V?$allocator@D@2@@std@@QAEAAV12@ID@Z 10008160 f i node_printer_win.obj
 0001:00007230       ?_Chassign@?$basic_string@DU?$char_traits@D@std@@V?$allocator@D@2@@std@@QAEXIID@Z 10008230 f i node_printer_win.obj
 0001:00007280       ?erase@?$_Tree@V?$_Tmap_traits@V?$basic_string@DU?$char_traits@D@std@@V?$allocator@D@2@@std@@KU?$less@V?$basic_string@DU?$char_traits@D@std@@V?$allocator@D@2@@std@@@2@V?$allocator@U?$pair@$$CBV?$basic_string@DU?$char_traits@D@std@@V?$allocator@D@2@@std@@K@std@@@2@$0A@@std@@@std@@QAE?AV?$_Tree_iterator@V?$_Tree_val@U?$_Tree_simple_types@U?$pair@$$CBV?$basic_string@DU?$char_traits@D@std@@V?$allocator@D@2@@std@@K@std@@@std@@@std@@@2@V?$_Tree_const_iterator@V?$_Tree_val@U?$_Tree_simple_types@U?$pair@$$CBV?$basic_string@DU?$char_traits@D@std@@V?$allocator@D@2@@std@@K@std@@@std@@@std@@@2@@Z 10008280 f i node_printer_win.obj
 0001:000075e0       ?_Erase@?$_Tree@V?$_Tmap_traits@V?$basic_string@DU?$char_traits@D@std@@V?$allocator@D@2@@std@@KU?$less@V?$basic_string@DU?$char_traits@D@std@@V?$allocator@D@2@@std@@@2@V?$allocator@U?$pair@$$CBV?$basic_string@DU?$char_traits@D@std@@V?$allocator@D@2@@std@@K@std@@@2@$0A@@std@@@std@@IAEXPAU?$_Tree_node@U?$pair@$$CBV?$basic_string@DU?$char_traits@D@std@@V?$allocator@D@2@@std@@K@std@@PAX@2@@Z 100085e0 f i node_printer_win.obj
 0001:00007640       ?_Lrotate@?$_Tree@V?$_Tmap_traits@V?$basic_string@DU?$char_traits@D@std@@V?$allocator@D@2@@std@@KU?$less@V?$basic_string@DU?$char_traits@D@std@@V?$allocator@D@2@@std@@@2@V?$allocator@U?$pair@$$CBV?$basic_string@DU?$char_traits@D@std@@V?$allocator@D@2@@std@@K@std@@@2@$0A@@std@@@std@@IAEXPAU?$_Tree_node@U?$pair@$$CBV?$basic_string@DU?$char_traits@D@std@@V?$allocator@D@2@@std@@K@std@@PAX@2@@Z 10008640 f i node_printer_win.obj
 0001:00007690       ?_Rrotate@?$_Tree@V?$_Tmap_traits@V?$basic_string@DU?$char_traits@D@std@@V?$allocator@D@2@@std@@KU?$less@V?$basic_string@DU?$char_traits@D@std@@V?$allocator@D@2@@std@@@2@V?$allocator@U?$pair@$$CBV?$basic_string@DU?$char_traits@D@std@@V?$allocator@D@2@@std@@K@std@@@2@$0A@@std@@@std@@IAEXPAU?$_Tree_node@U?$pair@$$CBV?$basic_string@DU?$char_traits@D@std@@V?$allocator@D@2@@std@@K@std@@PAX@2@@Z 10008690 f i node_printer_win.obj
 0001:000076f0       ??0?$_Wrap_alloc@V?$allocator@U?$_Tree_node@U?$pair@$$CBV?$basic_string@DU?$char_traits@D@std@@V?$allocator@D@2@@std@@K@std@@PAX@std@@@std@@@std@@QAE@XZ 100086f0 f i node_printer_win.obj
 0001:00007700       ??$use_facet@V?$ctype@D@std@@@std@@YAABV?$ctype@D@0@ABVlocale@0@@Z 10008700 f i node_printer_win.obj
 0001:000077f0       ??$?6U?$char_traits@D@std@@@std@@YAAAV?$basic_ostream@DU?$char_traits@D@std@@@0@AAV10@PBD@Z 100087f0 f i node_printer_win.obj
 0001:00007a40       ??$?6DU?$char_traits@D@std@@V?$allocator@D@1@@std@@YAAAV?$basic_ostream@DU?$char_traits@D@std@@@0@AAV10@ABV?$basic_string@DU?$char_traits@D@std@@V?$allocator@D@2@@0@@Z 10008a40 f i node_printer_win.obj
 0001:00007c40       ??$use_facet@V?$num_put@DV?$ostreambuf_iterator@DU?$char_traits@D@std@@@std@@@std@@@std@@YAABV?$num_put@DV?$ostreambuf_iterator@DU?$char_traits@D@std@@@std@@@0@ABVlocale@0@@Z 10008c40 f i node_printer_win.obj
 0001:00007d30       ??$use_facet@V?$numpunct@D@std@@@std@@YAABV?$numpunct@D@0@ABVlocale@0@@Z 10008d30 f i node_printer_win.obj
 0001:00007e20       ?_Getcat@?$num_put@DV?$ostreambuf_iterator@DU?$char_traits@D@std@@@std@@@std@@SAIPAPBVfacet@locale@2@PBV42@@Z 10008e20 f i node_printer_win.obj
 0001:00007ea0       ?_Getcat@?$numpunct@D@std@@SAIPAPBVfacet@locale@2@PBV42@@Z 10008ea0 f i node_printer_win.obj
 0001:00007f30       ?_Init@?$numpunct@D@std@@IAEXABV_Locinfo@2@_N@Z 10008f30 f i node_printer_win.obj
 0001:00008040       ??$_Buynode@U?$pair@PBDH@std@@@?$_Tree_buy@U?$pair@$$CBV?$basic_string@DU?$char_traits@D@std@@V?$allocator@D@2@@std@@K@std@@V?$allocator@U?$pair@$$CBV?$basic_string@DU?$char_traits@D@std@@V?$allocator@D@2@@std@@K@std@@@2@@std@@QAEPAU?$_Tree_node@U?$pair@$$CBV?$basic_string@DU?$char_traits@D@std@@V?$allocator@D@2@@std@@K@std@@PAX@1@$$QAU?$pair@PBDH@1@@Z 10009040 f i node_printer_win.obj
 0001:000080d0       ??$_Insert_nohint@AAU?$pair@$$CBV?$basic_string@DU?$char_traits@D@std@@V?$allocator@D@2@@std@@K@std@@PAU?$_Tree_node@U?$pair@$$CBV?$basic_string@DU?$char_traits@D@std@@V?$allocator@D@2@@std@@K@std@@PAX@2@@?$_Tree@V?$_Tmap_traits@V?$basic_string@DU?$char_traits@D@std@@V?$allocator@D@2@@std@@KU?$less@V?$basic_string@DU?$char_traits@D@std@@V?$allocator@D@2@@std@@@2@V?$allocator@U?$pair@$$CBV?$basic_string@DU?$char_traits@D@std@@V?$allocator@D@2@@std@@K@std@@@2@$0A@@std@@@std@@IAE?AU?$pair@V?$_Tree_iterator@V?$_Tree_val@U?$_Tree_simple_types@U?$pair@$$CBV?$basic_string@DU?$char_traits@D@std@@V?$allocator@D@2@@std@@K@std@@@std@@@std@@@std@@_N@1@_NAAU?$pair@$$CBV?$basic_string@DU?$char_traits@D@std@@V?$allocator@D@2@@std@@K@1@PAU?$_Tree_node@U?$pair@$$CBV?$basic_string@DU?$char_traits@D@std@@V?$allocator@D@2@@std@@K@std@@PAX@1@@Z 100090d0 f i node_printer_win.obj
 0001:000082a0       ??F?$_Tree_unchecked_const_iterator@V?$_Tree_val@U?$_Tree_simple_types@U?$pair@$$CBV?$basic_string@DU?$char_traits@D@std@@V?$allocator@D@2@@std@@K@std@@@std@@@std@@U_Iterator_base0@2@@std@@QAEAAV01@XZ 100092a0 f i node_printer_win.obj
 0001:00008300       ??$_Insert_at@AAU?$pair@$$CBV?$basic_string@DU?$char_traits@D@std@@V?$allocator@D@2@@std@@K@std@@PAU?$_Tree_node@U?$pair@$$CBV?$basic_string@DU?$char_traits@D@std@@V?$allocator@D@2@@std@@K@std@@PAX@2@@?$_Tree@V?$_Tmap_traits@V?$basic_string@DU?$char_traits@D@std@@V?$allocator@D@2@@std@@KU?$less@V?$basic_string@DU?$char_traits@D@std@@V?$allocator@D@2@@std@@@2@V?$allocator@U?$pair@$$CBV?$basic_string@DU?$char_traits@D@std@@V?$allocator@D@2@@std@@K@std@@@2@$0A@@std@@@std@@IAE?AV?$_Tree_iterator@V?$_Tree_val@U?$_Tree_simple_types@U?$pair@$$CBV?$basic_string@DU?$char_traits@D@std@@V?$allocator@D@2@@std@@K@std@@@std@@@std@@@1@_NPAU?$_Tree_node@U?$pair@$$CBV?$basic_string@DU?$char_traits@D@std@@V?$allocator@D@2@@std@@K@std@@PAX@1@AAU?$pair@$$CBV?$basic_string@DU?$char_traits@D@std@@V?$allocator@D@2@@std@@K@1@1@Z 10009300 f i node_printer_win.obj
 0001:00008534       ??_E?$basic_ostringstream@DU?$char_traits@D@std@@V?$allocator@D@2@@std@@$4PPPPPPPM@A@AEPAXI@Z 10009534 f i node_printer_win.obj
 0001:0000853c       ??_E?$basic_ostream@DU?$char_traits@D@std@@@std@@$4PPPPPPPM@A@AEPAXI@Z 1000953c f i node_printer_win.obj
 0001:00008544       ??0bad_alloc@std@@QAE@ABV01@@Z 10009544 f i libcpmt:xthrow.obj
 0001:0000855f       ??0length_error@std@@QAE@ABV01@@Z 1000955f f i libcpmt:xthrow.obj
 0001:0000857a       ??0logic_error@std@@QAE@ABV01@@Z 1000957a f i libcpmt:xthrow.obj
 0001:00008595       ??0out_of_range@std@@QAE@ABV01@@Z 10009595 f i libcpmt:xthrow.obj
 0001:000085b0       ??1bad_alloc@std@@UAE@XZ   100095b0 f i libcpmt:xthrow.obj
 0001:000085bb       ??1length_error@std@@UAE@XZ 100095bb f i libcpmt:xthrow.obj
 0001:000085bb       ??1out_of_range@std@@UAE@XZ 100095bb f i libcpmt:xthrow.obj
 0001:000085c0       ??_Ebad_alloc@std@@UAEPAXI@Z 100095c0 f i libcpmt:xthrow.obj
 0001:000085c0       ??_Gbad_alloc@std@@UAEPAXI@Z 100095c0 f i libcpmt:xthrow.obj
 0001:000085e5       ??_Eout_of_range@std@@UAEPAXI@Z 100095e5 f i libcpmt:xthrow.obj
 0001:000085e5       ??_Elogic_error@std@@UAEPAXI@Z 100095e5 f i libcpmt:xthrow.obj
 0001:000085e5       ??_Elength_error@std@@UAEPAXI@Z 100095e5 f i libcpmt:xthrow.obj
 0001:000085e5       ??_Glength_error@std@@UAEPAXI@Z 100095e5 f i libcpmt:xthrow.obj
 0001:000085e5       ??_Gout_of_range@std@@UAEPAXI@Z 100095e5 f i libcpmt:xthrow.obj
 0001:000085e5       ??_Glogic_error@std@@UAEPAXI@Z 100095e5 f i libcpmt:xthrow.obj
 0001:00008604       ?_Xbad_alloc@std@@YAXXZ    10009604 f   libcpmt:xthrow.obj
 0001:00008635       ?_Xlength_error@std@@YAXPBD@Z 10009635 f   libcpmt:xthrow.obj
 0001:00008663       ?_Xout_of_range@std@@YAXPBD@Z 10009663 f   libcpmt:xthrow.obj
 0001:00008691       __Getcvt                   10009691 f   libcpmt:xwctomb.obj
 0001:000086fa       ??0_Locimp@locale@std@@AAE@_N@Z 100096fa f i libcpmt:locale0.obj
 0001:00008737       ??1_Fac_node@std@@QAE@XZ   10009737 f i libcpmt:locale0.obj
 0001:0000874c       ??1_Fac_tidy_reg_t@std@@QAE@XZ 1000974c f i libcpmt:locale0.obj
 0001:00008770       ??1_Locimp@locale@std@@MAE@XZ 10009770 f i libcpmt:locale0.obj
 0001:0000879b       ??4?$_Yarn@D@std@@QAEAAV01@PBD@Z 1000979b f i libcpmt:locale0.obj
 0001:000087ef       ??_E_Locimp@locale@std@@MAEPAXI@Z 100097ef f i libcpmt:locale0.obj
 0001:000087ef       ??_G_Locimp@locale@std@@MAEPAXI@Z 100097ef f i libcpmt:locale0.obj
 0001:0000880e       ?_Facet_Register@std@@YAXPAV_Facet_base@1@@Z 1000980e f   libcpmt:locale0.obj
 0001:00008836       ?_Getgloballocale@locale@std@@CAPAV_Locimp@12@XZ 10009836 f   libcpmt:locale0.obj
 0001:0000883c       ?_Init@locale@std@@CAPAV_Locimp@12@_N@Z 1000983c f   libcpmt:locale0.obj
 0001:000088b8       ?_Locimp_dtor@_Locimp@locale@std@@CAXPAV123@@Z 100098b8 f   libcpmt:locale0.obj
 0001:00008911       ?_Locinfo_ctor@_Locinfo@std@@SAXPAV12@PBD@Z 10009911 f   libcpmt:locale0.obj
 0001:0000895c       ?_Locinfo_dtor@_Locinfo@std@@SAXPAV12@@Z 1000995c f   libcpmt:locale0.obj
 0001:0000897e       ?_New_Locimp@_Locimp@locale@std@@CAPAV123@_N@Z 1000997e f   libcpmt:locale0.obj
 0001:0000899d       ?_Setgloballocale@locale@std@@CAXPAX@Z 1000999d f   libcpmt:locale0.obj
 0001:000089c5       __Deletegloballocale       100099c5 f   libcpmt:locale0.obj
 0001:00008a10       ?_Callfns@ios_base@std@@AAEXW4event@12@@Z 10009a10 f i libcpmt:ios.obj
 0001:00008a35       ?_Ios_base_dtor@ios_base@std@@CAXPAV12@@Z 10009a35 f   libcpmt:ios.obj
 0001:00008a72       ?_Tidy@ios_base@std@@AAEXXZ 10009a72 f i libcpmt:ios.obj
 0001:00008ab4       ??0_Init_locks@std@@QAE@XZ 10009ab4 f   libcpmt:xlock.obj
 0001:00008ae2       ??0_Lockit@std@@QAE@H@Z    10009ae2 f   libcpmt:xlock.obj
 0001:00008b15       ??1_Init_locks@std@@QAE@XZ 10009b15 f   libcpmt:xlock.obj
 0001:00008b3d       ??1_Lockit@std@@QAE@XZ     10009b3d f   libcpmt:xlock.obj
 0001:00008b61       ??_U@YAPAXI@Z              10009b61 f   libcpmt:newaop.obj
 0001:00008b6a       __Getctype                 10009b6a f   libcpmt:_tolower.obj
 0001:00008bd6       __Tolower                  10009bd6 f   libcpmt:_tolower.obj
 0001:00008cd5       __Toupper                  10009cd5 f   libcpmt:_toupper.obj
 0001:00008dd4       ??1_Init_atexit@@QAE@XZ    10009dd4 f i libcpmt:iosptrs.obj
 0001:00008dfd       ?_Atexit@@YAXP6AXXZ@Z      10009dfd f   libcpmt:iosptrs.obj
 0001:00008e2b       __Mtxdst                   10009e2b f   libcpmt:xmtx.obj
 0001:00008e39       __Mtxinit                  10009e39 f   libcpmt:xmtx.obj
 0001:00008e50       __Mtxlock                  10009e50 f   libcpmt:xmtx.obj
 0001:00008e5e       __Mtxunlock                10009e5e f   libcpmt:xmtx.obj
 0001:00008e6c       @__security_check_cookie@4 10009e6c f   LIBCMT:secchk.obj
 0001:00008e80       _memmove                   10009e80 f   LIBCMT:memmove.obj
 0001:000094c4       ___onexitinit              1000a4c4 f   LIBCMT:onexit.obj
 0001:000094f3       __onexit                   1000a4f3 f   LIBCMT:onexit.obj
 0001:000095ef       _atexit                    1000a5ef f   LIBCMT:onexit.obj
 0001:00009604       __purecall                 1000a604 f   LIBCMT:purevirt.obj
 0001:00009626       ??3@YAXPAX@Z               1000a626 f   LIBCMT:delete.obj
 0001:0000962b       ??2@YAPAXI@Z               1000a62b f   LIBCMT:new.obj
 0001:0000967c       __set_abort_behavior       1000a67c f   LIBCMT:abort.obj
 0001:0000969b       _abort                     1000a69b f   LIBCMT:abort.obj
 0001:000096de       __call_reportfault         1000a6de f   LIBCMT:invarg.obj
 0001:00009803       __initp_misc_invarg        1000a803 f   LIBCMT:invarg.obj
 0001:00009810       __invalid_parameter        1000a810 f   LIBCMT:invarg.obj
 0001:0000983b       __invalid_parameter_noinfo 1000a83b f   LIBCMT:invarg.obj
 0001:0000984b       __invoke_watson            1000a84b f   LIBCMT:invarg.obj
 0001:00009876       _sprintf_s                 1000a876 f   LIBCMT:sprintf.obj
 0001:00009892       _free                      1000a892 f   LIBCMT:free.obj
 0001:000098ca       _malloc                    1000a8ca f   LIBCMT:malloc.obj
 0001:0000995c       _localeconv                1000a95c f   LIBCMT:lconv.obj
 0001:00009982       ??_V@YAXPAX@Z              1000a982 f   LIBCMT:delete2.obj
 0001:00009990       _strcspn                   1000a990 f   LIBCMT:strcspn.obj
 0001:000099d6       ??0_LocaleUpdate@@QAE@PAUlocaleinfo_struct@@@Z 1000a9d6 f i LIBCMT:stricmp.obj
 0001:00009a5e       __CRT_INIT@12              1000aa5e f   LIBCMT:dllcrt0.obj
 0001:00009bd0       __DllMainCRTStartup@12     1000abd0 f   LIBCMT:dllcrt0.obj
 0001:00009d01       ___DllXcptFilter           1000ad01 f   LIBCMT:dllcrt0.obj
 0001:00009d30       _memcpy                    1000ad30 f   LIBCMT:memcpy.obj
 0001:0000a380       _strlen                    1000b380 f   LIBCMT:strlen.obj
 0001:0000a40b       __CxxThrowException@8      1000b40b f   LIBCMT:throw.obj
 0001:0000a46e       __EH_epilog3               1000b46e f   LIBCMT:ehprolg3.obj
 0001:0000a482       __EH_prolog3               1000b482 f   LIBCMT:ehprolg3.obj
 0001:0000a4b5       __EH_prolog3_catch         1000b4b5 f   LIBCMT:ehprolg3.obj
 0001:0000a5bb       ?_CallCatchBlock2@@YAPAXPAUEHRegistrationNode@@PBU_s_FuncInfo@@PAXHK@Z 1000b5bb f   LIBCMT:_trnsctrl_.obj
 0001:0000a61b       ?_CallMemberFunction2@@YGXPAX00H@Z 1000b61b f   LIBCMT:_trnsctrl_.obj
 0001:0000a61b       ?_CallMemberFunction1@@YGXPAX00@Z 1000b61b f   LIBCMT:_trnsctrl_.obj
 0001:0000a61b       ?_CallMemberFunction0@@YGXPAX0@Z 1000b61b f   LIBCMT:_trnsctrl_.obj
 0001:0000a622       ?_CallSETranslator@@YAHPAUEHExceptionRecord@@PAUEHRegistrationNode@@PAX2PBU_s_FuncInfo@@H1@Z 1000b622 f   LIBCMT:_trnsctrl_.obj
 0001:0000a6f9       ?_GetRangeOfTrysToCheck@@YAPBU_s_TryBlockMapEntry@@PBU_s_FuncInfo@@HHPAI1@Z 1000b6f9 f   LIBCMT:_trnsctrl_.obj
 0001:0000a777       ?_JumpToContinuation@@YGXPAXPAUEHRegistrationNode@@@Z 1000b777 f   LIBCMT:_trnsctrl_.obj
 0001:0000a7a9       ?_UnwindNestedFrames@@YGXPAUEHRegistrationNode@@PAUEHExceptionRecord@@@Z 1000b7a9 f   LIBCMT:_trnsctrl_.obj
 0001:0000a7fe       __CreateFrameInfo          1000b7fe f   LIBCMT:_trnsctrl_.obj
 0001:0000a828       __FindAndUnlinkFrame       1000b828 f   LIBCMT:_trnsctrl_.obj
 0001:0000a878       __IsExceptionObjectToBeDestroyed 1000b878 f   LIBCMT:_trnsctrl_.obj
 0001:0000a8a1       ___CxxFrameHandler3        1000b8a1 f   LIBCMT:_trnsctrl_.obj
 0001:0000a8d7       ??1type_info@@UAE@XZ       1000b8d7 f   LIBCMT:typinfo.obj
 0001:0000a8e5       ??8type_info@@QBE_NABV0@@Z 1000b8e5 f   LIBCMT:typinfo.obj
 0001:0000a903       ??_Gtype_info@@UAEPAXI@Z   1000b903 f i LIBCMT:typinfo.obj
 0001:0000a903       ??_Etype_info@@UAEPAXI@Z   1000b903 f i LIBCMT:typinfo.obj
 0001:0000a922       __fpmath                   1000b922 f   LIBCMT:fpinit.obj
 0001:0000a939       __cfltcvt_init             1000b939 f   LIBCMT:fpinit.obj
 0001:0000a999       ??0exception@std@@QAE@ABQBD@Z 1000b999 f   LIBCMT:stdexcpt.obj
 0001:0000a9be       ??0exception@std@@QAE@ABQBDH@Z 1000b9be f   LIBCMT:stdexcpt.obj
 0001:0000a9d9       ??0exception@std@@QAE@ABV01@@Z 1000b9d9 f   LIBCMT:stdexcpt.obj
 0001:0000a9fc       ??1exception@std@@UAE@XZ   1000b9fc f   LIBCMT:stdexcpt.obj
 0001:0000aa07       ??4exception@std@@QAEAAV01@ABV01@@Z 1000ba07 f   LIBCMT:stdexcpt.obj
 0001:0000aa3a       ??_Eexception@std@@UAEPAXI@Z 1000ba3a f i LIBCMT:stdexcpt.obj
 0001:0000aa3a       ??_Gexception@std@@UAEPAXI@Z 1000ba3a f i LIBCMT:stdexcpt.obj
 0001:0000aa5f       ?_Copy_str@exception@std@@AAEXPBD@Z 1000ba5f f   LIBCMT:stdexcpt.obj
 0001:0000aa9d       ?_Tidy@exception@std@@AAEXXZ 1000ba9d f   LIBCMT:stdexcpt.obj
 0001:0000aab9       ?what@exception@std@@UBEPBDXZ 1000bab9 f   LIBCMT:stdexcpt.obj
 0001:0000aac6       ____lc_codepage_func       1000bac6 f   LIBCMT:initctyp.obj
 0001:0000aaec       ____lc_locale_name_func    1000baec f   LIBCMT:initctyp.obj
 0001:0000ab14       ____mb_cur_max_func        1000bb14 f   LIBCMT:initctyp.obj
 0001:0000ab3a       ___init_ctype              1000bb3a f   LIBCMT:initctyp.obj
 0001:0000aed2       ___doserrno                1000bed2 f   LIBCMT:dosmap.obj
 0001:0000aee5       __dosmaperr                1000bee5 f   LIBCMT:dosmap.obj
 0001:0000af06       __errno                    1000bf06 f   LIBCMT:dosmap.obj
 0001:0000af19       __get_errno_from_oserr     1000bf19 f   LIBCMT:dosmap.obj
 0001:0000afb4       __ismbblead                1000bfb4 f   LIBCMT:ismbbyte.obj
 0001:0000afca       _setlocale                 1000bfca f   LIBCMT:setlocal.obj
 0001:0000b1ae       __lock                     1000c1ae f   LIBCMT:mlock.obj
 0001:0000b1e2       __mtdeletelocks            1000c1e2 f   LIBCMT:mlock.obj
 0001:0000b236       __mtinitlocknum            1000c236 f   LIBCMT:mlock.obj
 0001:0000b2df       __mtinitlocks              1000c2df f   LIBCMT:mlock.obj
 0001:0000b318       __unlock                   1000c318 f   LIBCMT:mlock.obj
 0001:0000b32d       ___pctype_func             1000c32d f   LIBCMT:ctype.obj
 0001:0000b356       __isdigit_l                1000c356 f i LIBCMT:_ctype.obj
 0001:0000b3a8       __islower_l                1000c3a8 f i LIBCMT:_ctype.obj
 0001:0000b3fa       __isupper_l                1000c3fa f i LIBCMT:_ctype.obj
 0001:0000b44c       _isdigit                   1000c44c f i LIBCMT:_ctype.obj
 0001:0000b477       _islower                   1000c477 f i LIBCMT:_ctype.obj
 0001:0000b4a2       _isupper                   1000c4a2 f i LIBCMT:_ctype.obj
 0001:0000b4cd       __wcsdup                   1000c4cd f   LIBCMT:wcsdup.obj
 0001:0000b724       ___crtLCMapStringA         1000c724 f   LIBCMT:a_map.obj
 0001:0000b76a       __freea                    1000c76a f i LIBCMT:a_map.obj
 0001:0000b788       __calloc_crt               1000c788 f   LIBCMT:crtheap.obj
 0001:0000b7d0       __malloc_crt               1000c7d0 f   LIBCMT:crtheap.obj
 0001:0000b817       __realloc_crt              1000c817 f   LIBCMT:crtheap.obj
 0001:0000b870       _memset                    1000c870 f   LIBCMT:memset.obj
 0001:0000b900       _strcmp                    1000c900 f   LIBCMT:strcmp.obj
 0001:0000b98c       ___crtFlsAlloc             1000c98c f   LIBCMT:winapisupp.obj
 0001:0000b9aa       ___crtFlsFree              1000c9aa f   LIBCMT:winapisupp.obj
 0001:0000b9c9       ___crtFlsGetValue          1000c9c9 f   LIBCMT:winapisupp.obj
 0001:0000b9e8       ___crtFlsSetValue          1000c9e8 f   LIBCMT:winapisupp.obj
 0001:0000ba0a       ___crtInitializeCriticalSectionEx 1000ca0a f   LIBCMT:winapisupp.obj
 0001:0000ba38       ___crtIsPackagedApp        1000ca38 f   LIBCMT:winapisupp.obj
 0001:0000ba78       ___crtLoadWinApiPointers   1000ca78 f   LIBCMT:winapisupp.obj
 0001:0000bd03       ___crtSleep                1000cd03 f   LIBCMT:winapisupp.obj
 0001:0000bd11       ___crtTerminateProcess     1000cd11 f   LIBCMT:winapisupp.obj
 0001:0000bd26       ___crtUnhandledException   1000cd26 f   LIBCMT:winapisupp.obj
 0001:0000bd3c       _wcslen                    1000cd3c f   LIBCMT:wcslen.obj
 0001:0000bd55       __tolower_l                1000cd55 f   LIBCMT:tolower.obj
 0001:0000be98       _tolower                   1000ce98 f   LIBCMT:tolower.obj
 0001:0000bed0       _memchr                    1000ced0 f   LIBCMT:memchr.obj
 0001:0000bf80       __allmul                   1000cf80 f   LIBCMT:llmul.obj
 0001:0000bfc0       __aulldiv                  1000cfc0 f   LIBCMT:ulldiv.obj
 0001:0000c028       _memcmp                    1000d028 f   LIBCMT:memcmp.obj
 0001:0000d7a0       _GetTableIndexFromLcid     1000e7a0 f   LIBCMT:winapinls.obj
 0001:0000d7d5       _GetTableIndexFromLocaleName 1000e7d5 f   LIBCMT:winapinls.obj
 0001:0000d823       ___crtDownlevelLCIDToLocaleName 1000e823 f   LIBCMT:winapinls.obj
 0001:0000d89f       ___crtDownlevelLocaleNameToLCID 1000e89f f   LIBCMT:winapinls.obj
 0001:0000d8dd       ___crtEnumSystemLocalesEx  1000e8dd f   LIBCMT:winapinls.obj
 0001:0000d91a       ___crtGetLocaleInfoEx      1000e91a f   LIBCMT:winapinls.obj
 0001:0000d949       ___crtGetUserDefaultLocaleName 1000e949 f   LIBCMT:winapinls.obj
 0001:0000d974       ___crtIsValidLocaleName    1000e974 f   LIBCMT:winapinls.obj
 0001:0000d99f       ___crtLCMapStringEx        1000e99f f   LIBCMT:winapinls.obj
 0001:0000d9eb       ___wcsnicmp_ascii          1000e9eb f   LIBCMT:winapinls.obj
 0001:0000da59       ___crtLCMapStringW         1000ea59 f   LIBCMT:w_map.obj
 0001:0000da90       __CIsqrt                   1000ea90 f   LIBCMT:sqrt.obj
 0001:0000daa4       _sqrt                      1000eaa4     LIBCMT:sqrt.obj
 0001:0000db4a       ___raise_securityfailure   1000eb4a f   LIBCMT:gs_report.obj
 0001:0000db87       ___report_gsfailure        1000eb87 f   LIBCMT:gs_report.obj
 0001:0000dc82       ___report_rangecheckfailure 1000ec82 f   LIBCMT:gs_report.obj
 0001:0000dc8e       ___report_securityfailure  1000ec8e f   LIBCMT:gs_report.obj
 0001:0000dd5e       ___isa_available_init      1000ed5e f   LIBCMT:cpu_disp.obj
 0001:0000ded7       ___crtCorExitProcess       1000eed7 f   LIBCMT:crt0dat.obj
 0001:0000df0b       ___crtExitProcess          1000ef0b f   LIBCMT:crt0dat.obj
 0001:0000df22       ___freeCrtMemory           1000ef22 f   LIBCMT:crt0dat.obj
 0001:0000e02f       __amsg_exit                1000f02f f   LIBCMT:crt0dat.obj
 0001:0000e04b       __cexit                    1000f04b f   LIBCMT:crt0dat.obj
 0001:0000e05a       __cinit                    1000f05a f   LIBCMT:crt0dat.obj
 0001:0000e0de       __exit                     1000f0de f   LIBCMT:crt0dat.obj
 0001:0000e0f2       __init_pointers            1000f0f2 f   LIBCMT:crt0dat.obj
 0001:0000e160       __initterm_e               1000f160 f   LIBCMT:crt0dat.obj
 0001:0000e182       __lockexit                 1000f182 f   LIBCMT:crt0dat.obj
 0001:0000e18b       __unlockexit               1000f18b f   LIBCMT:crt0dat.obj
 0001:0000e2c3       __msize                    1000f2c3 f   LIBCMT:msize.obj
 0001:0000e300       __SEH_prolog4              1000f300 f   LIBCMT:sehprolg4.obj
 0001:0000e345       __SEH_epilog4              1000f345 f   LIBCMT:sehprolg4.obj
 0001:0000e360       __except_handler4          1000f360 f   LIBCMT:chandler4.obj
 0001:0000e4f4       ___getlocaleinfo           1000f4f4 f   LIBCMT:inithelp.obj
 0001:0000e6cd       __initp_misc_purevirt      1000f6cd f   LIBCMT:inithelp.obj
 0001:0000e6da       __decomp                   1000f6da f   LIBCMT:util.obj
 0001:0000e7ac       __set_exp                  1000f7ac f   LIBCMT:util.obj
 0001:0000e7db       __handle_exc               1000f7db f   LIBCMT:fpexcept.obj
 0001:0000e9b9       __raise_exc                1000f9b9 f   LIBCMT:fpexcept.obj
 0001:0000e9da       __raise_exc_ex             1000f9da f   LIBCMT:fpexcept.obj
 0001:0000ecbf       __set_errno_from_matherr   1000fcbf f   LIBCMT:fpexcept.obj
 0001:0000ecec       ___set_fpsr_sse2           1000fcec f   LIBCMT:fpctrl.obj
 0001:0000ed62       __clrfp                    1000fd62 f   LIBCMT:fpctrl.obj
 0001:0000ed73       __ctrlfp                   1000fd73 f   LIBCMT:fpctrl.obj
 0001:0000ed9e       __set_statfp               1000fd9e f   LIBCMT:fpctrl.obj
 0001:0000edf6       __statfp                   1000fdf6 f   LIBCMT:fpctrl.obj
 0001:0000ee06       __callnewh                 1000fe06 f   LIBCMT:handler.obj
 0001:0000ee2c       __initp_heap_handler       1000fe2c f   LIBCMT:handler.obj
 0001:0000ee39       ___get_sigabrt             1000fe39 f   LIBCMT:winsig.obj
 0001:0000ee46       __initp_misc_winsig        1000fe46 f   LIBCMT:winsig.obj
 0001:0000ee62       _raise                     1000fe62 f   LIBCMT:winsig.obj
 0001:0000f057       __crt_debugger_hook        10010057 f   LIBCMT:dbghook.obj
 0001:0000f05f       __flsbuf                   1001005f f   LIBCMT:_flsbuf.obj
 0001:0000f1ae       __vsnprintf_helper         100101ae f   LIBCMT:vsnprnc.obj
 0001:0000f278       __vsprintf_s_l             10010278 f   LIBCMT:vsnprnc.obj
 0001:0000f2ed       __heap_init                100102ed f   LIBCMT:heapinit.obj
 0001:0000f302       __heap_term                10010302 f   LIBCMT:heapinit.obj
 0001:0000f30a       __FF_MSGBANNER             1001030a f   LIBCMT:crt0msg.obj
 0001:0000f343       __GET_RTERRMSG             10010343 f   LIBCMT:crt0msg.obj
 0001:0000f367       __NMSG_WRITE               10010367 f   LIBCMT:crt0msg.obj
 0001:0000f524       ___addlocaleref            10010524 f   LIBCMT:localref.obj
 0001:0000f5b9       ___freetlocinfo            100105b9 f   LIBCMT:localref.obj
 0001:0000f713       ___removelocaleref         10010713 f   LIBCMT:localref.obj
 0001:0000f7b3       ___updatetlocinfo          100107b3 f   LIBCMT:localref.obj
 0001:0000f833       __updatetlocinfoEx_nolock  10010833 f   LIBCMT:localref.obj
 0001:0000f87e       __freefls@4                1001087e f   LIBCMT:tidtable.obj
 0001:0000f9b3       __freeptd                  100109b3 f   LIBCMT:tidtable.obj
 0001:0000f9e9       __getptd                   100109e9 f   LIBCMT:tidtable.obj
 0001:0000fa01       __getptd_noexit            10010a01 f   LIBCMT:tidtable.obj
 0001:0000fa70       __initptd                  10010a70 f   LIBCMT:tidtable.obj
 0001:0000fb23       __mtinit                   10010b23 f   LIBCMT:tidtable.obj
 0001:0000fb99       __mtterm                   10010b99 f   LIBCMT:tidtable.obj
 0001:0000fbb6       ___initmbctable            10010bb6 f   LIBCMT:mbctype.obj
 0001:0000fe6d       ___updatetmbcinfo          10010e6d f   LIBCMT:mbctype.obj
 0001:0000ff13       __setmbcp                  10010f13 f   LIBCMT:mbctype.obj
 0001:000100bb       __setmbcp_nolock           100110bb f   LIBCMT:mbctype.obj
 0001:000102a6       __locterm                  100112a6 f   LIBCMT:wsetloca.obj
 0001:000102f8       ___copy_locale_name        100112f8 f   LIBCMT:wsetloca.obj
 0001:0001035c       ___lc_lctowcs              1001135c f   LIBCMT:wsetloca.obj
 0001:000103ca       ___lc_wcstolc              100113ca f   LIBCMT:wsetloca.obj
 0001:00010522       __expandlocale             10011522 f   LIBCMT:wsetloca.obj
 0001:00010819       __wcscats                  10011819 f   LIBCMT:wsetloca.obj
 0001:00010858       __wsetlocale               10011858 f   LIBCMT:wsetloca.obj
 0001:00011175       __XcptFilter               10012175 f   LIBCMT:winxfltr.obj
 0001:000112d0       ___CppXcptFilter           100122d0 f   LIBCMT:winxfltr.obj
 0001:000112ee       __ioinit                   100122ee f   LIBCMT:ioinit.obj
 0001:000115a2       __ioterm                   100125a2 f   LIBCMT:ioinit.obj
 0001:000115f4       __setargv                  100125f4 f   LIBCMT:stdargv.obj
 0001:00011823       __setenvp                  10012823 f   LIBCMT:stdenvp.obj
 0001:00011904       ___security_init_cookie    10012904 f   LIBCMT:gs_support.obj
 0001:000119a0       _DllMain@12                100129a0 f   LIBCMT:dllmain.obj
 0001:000119a6       ___crtGetEnvironmentStringsA 100129a6 f   LIBCMT:a_env.obj
 0001:00011a33       __RTC_Initialize           10012a33 f   LIBCMT:initsect.obj
 0001:00011a53       __RTC_Terminate            10012a53 f   LIBCMT:initsect.obj
 0001:00011a80       __CallSettingFrame@12      10012a80 f   LIBCMT:lowhelpr.obj
 0001:00011aa7       __NLG_Return               10012aa7     LIBCMT:lowhelpr.obj
 0001:00011acc       ?_inconsistency@@YAXXZ     10012acc f   LIBCMT:hooks.obj
 0001:00011b04       ?terminate@@YAXXZ          10012b04 f   LIBCMT:hooks.obj
 0001:00011b38       ?unexpected@@YAXXZ         10012b38 f   LIBCMT:hooks.obj
 0001:00011b4b       __initp_eh_hooks           10012b4b f   LIBCMT:hooks.obj
 0001:00011b5c       ___DestructExceptionObject 10012b5c f   LIBCMT:frame.obj
 0001:00011be7       ??0bad_exception@std@@QAE@ABV01@@Z 10012be7 f i LIBCMT:frame.obj
 0001:00011c02       ??1bad_exception@std@@UAE@XZ 10012c02 f i LIBCMT:frame.obj
 0001:00011c0d       ??_Ebad_exception@std@@UAEPAXI@Z 10012c0d f i LIBCMT:frame.obj
 0001:00011c0d       ??_Gbad_exception@std@@UAEPAXI@Z 10012c0d f i LIBCMT:frame.obj
 0001:00012441       ___AdjustPointer           10013441 f   LIBCMT:frame.obj
 0001:00012466       ___BuildCatchObject        10013466 f   LIBCMT:frame.obj
 0001:000124f4       ___BuildCatchObjectHelper  100134f4 f   LIBCMT:frame.obj
 0001:000126b6       ___FrameUnwindFilter       100136b6 f   LIBCMT:frame.obj
 0001:00012704       ___FrameUnwindToState      10013704 f   LIBCMT:frame.obj
 0001:000127dd       ___InternalCxxFrameHandler 100137dd f   LIBCMT:frame.obj
 0001:000128be       ___TypeMatch               100138be f   LIBCMT:frame.obj
 0001:00012925       ?_Type_info_dtor@type_info@@CAXPAV1@@Z 10013925 f   LIBCMT:typname.obj
 0001:00012996       __cfltcvt                  10013996 f   LIBCMT:cvt.obj
 0001:000129b7       __cfltcvt_l                100139b7 f   LIBCMT:cvt.obj
 0001:00012a3d       __cftoa_l                  10013a3d f   LIBCMT:cvt.obj
 0001:00012d99       __cftoe                    10013d99 f   LIBCMT:cvt.obj
 0001:00012f08       __cftoe_l                  10013f08 f   LIBCMT:cvt.obj
 0001:000130c2       __cftof_l                  100140c2 f   LIBCMT:cvt.obj
 0001:00013183       __cftog_l                  10014183 f   LIBCMT:cvt.obj
 0001:00013282       __cropzeros                10014282 f   LIBCMT:cvt.obj
 0001:00013293       __cropzeros_l              10014293 f   LIBCMT:cvt.obj
 0001:00013313       __fassign                  10014313 f   LIBCMT:cvt.obj
 0001:0001332b       __fassign_l                1001432b f   LIBCMT:cvt.obj
 0001:0001336d       __forcdecpt                1001436d f   LIBCMT:cvt.obj
 0001:0001337e       __forcdecpt_l              1001437e f   LIBCMT:cvt.obj
 0001:000133f2       __positive                 100143f2 f   LIBCMT:cvt.obj
 0001:00013434       __setdefaultprecision      10014434 f   LIBCMT:fp8.obj
 0001:0001345b       __initp_misc_cfltcvt_tab   1001445b f   LIBCMT:cmiscdat.obj
 0001:0001347a       _strcpy_s                  1001447a f   LIBCMT:strcpy_s.obj
 0001:000135c7       ___crtGetStringTypeA       100145c7 f   LIBCMT:a_str.obj
 0001:00013607       __mbstowcs_l_helper        10014607 f   LIBCMT:mbstowcs.obj
 0001:00013768       __mbstowcs_s_l             10014768 f   LIBCMT:mbstowcs.obj
 0001:00013846       _mbstowcs_s                10014846 f   LIBCMT:mbstowcs.obj
 0001:00013864       __wcstombs_l_helper        10014864 f   LIBCMT:wcstombs.obj
 0001:00013acb       __wcstombs_s_l             10014acb f   LIBCMT:wcstombs.obj
 0001:00013b96       __isctype_l                10014b96 f   LIBCMT:isctype.obj
 0001:00013c47       _calloc                    10014c47 f   LIBCMT:calloc.obj
 0001:00013c87       _wcscpy_s                  10014c87 f   LIBCMT:wcscpy_s.obj
 0001:00013cf0       __alloca_probe_16          10014cf0 f   LIBCMT:alloca16.obj
 0001:00013d06       __alloca_probe_8           10014d06     LIBCMT:alloca16.obj
 0001:00013d1c       _realloc                   10014d1c f   LIBCMT:realloc.obj
 0001:00013dc7       __calloc_impl              10014dc7 f   LIBCMT:calloc_impl.obj
 0001:00013e41       __VEC_memset               10014e41 f   LIBCMT:p4_memset.obj
 0001:00013f09       __wcsicmp                  10014f09 f   LIBCMT:wcsicmp.obj
 0001:00013f9c       __wcsicmp_l                10014f9c f   LIBCMT:wcsicmp.obj
 0001:00014077       __isleadbyte_l             10015077 f i LIBCMT:_wctype.obj
 0001:000140b1       _isleadbyte                100150b1 f i LIBCMT:_wctype.obj
 0001:000140c2       _wcsnlen                   100150c2 f   LIBCMT:wcslen_s.obj
 0001:000140f0       __trandisp1                100150f0 f   LIBCMT:87disp.obj
 0001:00014157       __trandisp2                10015157 f   LIBCMT:87disp.obj
 0001:000141e3       __rttospopde               100151e3     LIBCMT:87disp.obj
 0001:000141e8       __rttospop                 100151e8     LIBCMT:87disp.obj
 0001:000141ea       __rtnospop                 100151ea     LIBCMT:87disp.obj
 0001:000141ec       __rttosnpop                100151ec     LIBCMT:87disp.obj
 0001:000141ed       __rtnospopde               100151ed     LIBCMT:87disp.obj
 0001:000141f4       __rtzeropop                100151f4     LIBCMT:87disp.obj
 0001:000141f6       __rtzeronpop               100151f6     LIBCMT:87disp.obj
 0001:000141fb       __rtonepop                 100151fb     LIBCMT:87disp.obj
 0001:000141fd       __rtonenpop                100151fd     LIBCMT:87disp.obj
 0001:00014202       __tosnan1                  10015202     LIBCMT:87disp.obj
 0001:0001422d       __nosnan2                  1001522d     LIBCMT:87disp.obj
 0001:0001422f       __tosnan2                  1001522f     LIBCMT:87disp.obj
 0001:00014257       __nan2                     10015257     LIBCMT:87disp.obj
 0001:00014296       __rtindfpop                10015296     LIBCMT:87disp.obj
 0001:00014298       __rtindfnpop               10015298     LIBCMT:87disp.obj
 0001:000142a9       __rttosnpopde              100152a9     LIBCMT:87disp.obj
 0001:000142b3       __rtchsifneg               100152b3     LIBCMT:87disp.obj
 0001:000142c0       __startTwoArgErrorHandling 100152c0 f   LIBCMT:genexcep.obj
 0001:000142d7       __startOneArgErrorHandling 100152d7 f   LIBCMT:genexcep.obj
 0001:00014320       __twoToTOS                 10015320 f   LIBCMT:common.obj
 0001:00014335       __load_CW                  10015335 f   LIBCMT:common.obj
 0001:0001434c       __convertTOStoQNaN         1001534c f   LIBCMT:common.obj
 0001:00014365       __fload_withFB             10015365 f   LIBCMT:common.obj
 0001:000143a8       __checkTOS_withFB          100153a8 f   LIBCMT:common.obj
 0001:000143be       __fast_exit                100153be f   LIBCMT:common.obj
 0001:000143cb       __math_exit                100153cb f   LIBCMT:common.obj
 0001:000143f5       __check_overflow_exit      100153f5 f   LIBCMT:common.obj
 0001:00014409       __check_range_exit         10015409 f   LIBCMT:common.obj
 0001:000144b0       __FindPESection            100154b0 f   LIBCMT:pesect.obj
 0001:00014500       __IsNonwritableInCurrentImage 10015500 f   LIBCMT:pesect.obj
 0001:000145c0       __ValidateImageBase        100155c0 f   LIBCMT:pesect.obj
 0001:000145f1       __initp_misc_rand_s        100155f1 f   LIBCMT:rand_s.obj
 0001:00014600       __local_unwind4            10015600 f   LIBCMT:exsup4.obj
 0001:000146d6       __seh_longjmp_unwind4@4    100156d6 f   LIBCMT:exsup4.obj
 0001:000146f2       @_EH4_CallFilterFunc@8     100156f2 f   LIBCMT:exsup4.obj
 0001:00014709       @_EH4_TransferToHandler@8  10015709 f   LIBCMT:exsup4.obj
 0001:00014722       @_EH4_GlobalUnwind2@8      10015722 f   LIBCMT:exsup4.obj
 0001:0001473b       @_EH4_LocalUnwind@16       1001573b f   LIBCMT:exsup4.obj
 0001:00014752       _strncpy_s                 10015752 f   LIBCMT:strncpy_s.obj
 0001:000148da       ___crtGetLocaleInfoA       100158da f   LIBCMT:a_loc.obj
 0001:00014914       ___initstdio               10015914 f   LIBCMT:_file.obj
 0001:00014987       ___endstdio                10015987 f   LIBCMT:_file.obj
 0001:000149ae       ___iob_func                100159ae f   LIBCMT:_file.obj
 0001:000149b4       __lock_file                100159b4 f   LIBCMT:_file.obj
 0001:000149f3       __lock_file2               100159f3 f   LIBCMT:_file.obj
 0001:00014a23       __unlock_file              10015a23 f   LIBCMT:_file.obj
 0001:00014a5d       __unlock_file2             10015a5d f   LIBCMT:_file.obj
 0001:00014a8a       __fileno                   10015a8a f   LIBCMT:fileno.obj
 0001:00014aae       __isatty                   10015aae f   LIBCMT:isatty.obj
 0001:00014b02       __write                    10015b02 f   LIBCMT:write.obj
 0001:00014bf1       __write_nolock             10015bf1 f   LIBCMT:write.obj
 0001:00015456       __lseeki64                 10016456 f   LIBCMT:lseeki64.obj
 0001:00015552       __lseeki64_nolock          10016552 f   LIBCMT:lseeki64.obj
 0001:000155c5       __getbuf                   100165c5 f   LIBCMT:_getbuf.obj
 0001:0001560b       __output_s_l               1001660b f   LIBCMT:outputs.obj
 0001:00016293       __get_printf_count_output  10017293 f   LIBCMT:printf.obj
 0001:000162a8       __wctomb_s_l               100172a8 f   LIBCMT:wctomb.obj
 0001:000163cc       _wctomb_s                  100173cc f   LIBCMT:wctomb.obj
 0001:000163f0       __aulldvrm                 100173f0 f   LIBCMT:ulldvrm.obj
 0001:00016485       _wcscat_s                  10017485 f   LIBCMT:wcscat_s.obj
 0001:000164f1       _wcsncpy_s                 100174f1 f   LIBCMT:wcsncpy_s.obj
 0001:000165af       __set_error_mode           100175af f   LIBCMT:errmode.obj
 0001:000165ef       ___crtMessageBoxW          100175ef f   LIBCMT:crtmboxw.obj
 0001:000167d5       ___free_lconv_mon          100177d5 f   LIBCMT:initmon.obj
 0001:000168d1       ___init_monetary           100178d1 f   LIBCMT:initmon.obj
 0001:00016c72       ___free_lconv_num          10017c72 f   LIBCMT:initnum.obj
 0001:00016cd9       ___init_numeric            10017cd9 f   LIBCMT:initnum.obj
 0001:00016edf       ___free_lc_time            10017edf f   LIBCMT:inittime.obj
 0001:0001725f       ___init_time               1001825f f   LIBCMT:inittime.obj
 0001:00017ace       _wcscmp                    10018ace f   LIBCMT:wcscmp.obj
 0001:00017b0c       _wcscspn                   10018b0c f   LIBCMT:wcscspn.obj
 0001:00017b57       _wcsncmp                   10018b57 f   LIBCMT:wcsncmp.obj
 0001:00017b8d       _wcspbrk                   10018b8d f   LIBCMT:wcspbrk.obj
 0001:000180ec       ___get_qualified_locale    100190ec f   LIBCMT:getqloc.obj
 0001:00018940       ___get_qualified_locale_downlevel 10019940 f   LIBCMT:getqloc_downlevel.obj
 0001:00018b60       __global_unwind2           10019b60 f   LIBCMT:exsup.obj
 0001:00018bc5       __local_unwind2            10019bc5 f   LIBCMT:exsup.obj
 0001:00018c49       __abnormal_termination     10019c49 f   LIBCMT:exsup.obj
 0001:00018c6c       __NLG_Notify1              10019c6c f   LIBCMT:exsup.obj
 0001:00018c75       __NLG_Notify               10019c75 f   LIBCMT:exsup.obj
 0001:00018c8c       __NLG_Dispatch2            10019c8c     LIBCMT:exsup.obj
 0001:00018c8c       __NLG_Dispatch             10019c8c     LIBCMT:exsup.obj
 0001:00018c94       __NLG_Call                 10019c94 f   LIBCMT:exsup.obj
 0001:00018c96       __NLG_Return2              10019c96     LIBCMT:exsup.obj
 0001:00018c97       ?_ValidateExecute@@YAHP6GHXZ@Z 10019c97 f   LIBCMT:validate.obj
 0001:00018c97       ?_ValidateWrite@@YAHPAXI@Z 10019c97 f   LIBCMT:validate.obj
 0001:00018c97       ?_ValidateRead@@YAHPBXI@Z  10019c97 f   LIBCMT:validate.obj
 0001:00018cb0       _strrchr                   10019cb0 f   LIBCMT:strrchr.obj
 0001:00018de7       __fptostr                  10019de7 f   LIBCMT:_fptostr.obj
 0001:00018e97       ___crt_atoflt_l            10019e97 f   LIBCMT:atodbl.obj
 0001:00018f3b       __atodbl_l                 10019f3b f   LIBCMT:atodbl.obj
 0001:00018fc9       __atoflt_l                 10019fc9 f   LIBCMT:atodbl.obj
 0001:00018fe1       ___dtold                   10019fe1 f   LIBCMT:cfout.obj
 0001:000190a9       __fltout2                  1001a0a9 f   LIBCMT:cfout.obj
 0001:00019140       __alldvrm                  1001a140 f   LIBCMT:lldvrm.obj
 0001:00019220       __aullshr                  1001a220 f   LIBCMT:ullshr.obj
 0001:0001923f       __controlfp_s              1001a23f f   LIBCMT:contrlfp.obj
 0001:0001929c       __fptrap                   1001a29c f   LIBCMT:crt0fp.obj
 0001:000192b0       __alloca_probe             1001a2b0 f   LIBCMT:chkstk.obj
 0001:000192b0       __chkstk                   1001a2b0 f   LIBCMT:chkstk.obj
 0001:000192db       __towlower_l               1001a2db f   LIBCMT:towlower.obj
 0001:0001938c       _iswctype                  1001a38c f   LIBCMT:iswctype.obj
 0001:000193e2       __87except                 1001a3e2 f   LIBCMT:87except.obj
 0001:000194eb       __fflush_nolock            1001a4eb f   LIBCMT:fflush.obj
 0001:00019531       __flush                    1001a531 f   LIBCMT:fflush.obj
 0001:00019595       __flushall                 1001a595 f   LIBCMT:fflush.obj
 0001:00019682       __fcloseall                1001a682 f   LIBCMT:closeall.obj
 0001:0001971f       ___lock_fhandle            1001a71f f   LIBCMT:osfinfo.obj
 0001:000197ad       __free_osfhnd              1001a7ad f   LIBCMT:osfinfo.obj
 0001:00019833       __get_osfhandle            1001a833 f   LIBCMT:osfinfo.obj
 0001:0001989a       __unlock_fhandle           1001a89a f   LIBCMT:osfinfo.obj
 0001:000198c0       __mbtowc_l                 1001a8c0 f   LIBCMT:mbtowc.obj
 0001:000199b5       _mbtowc                    1001a9b5 f   LIBCMT:mbtowc.obj
 0001:000199cd       __putwch_nolock            1001a9cd f   LIBCMT:putwch.obj
 0001:00019a10       __itow_s                   1001aa10 f   LIBCMT:xtows.obj
 0001:00019b2c       __wtol                     1001ab2c f   LIBCMT:wtox.obj
 0001:00019b40       _wcschr                    1001ab40 f   LIBCMT:wcschr.obj
 0001:00019bee       __wcsnicmp                 1001abee f   LIBCMT:wcsnicmp.obj
 0001:00019ca4       __wcsnicmp_l               1001aca4 f   LIBCMT:wcsnicmp.obj
 0001:00019d9d       __ld12tod                  1001ad9d f   LIBCMT:intrncvt.obj
 0001:0001a30f       __ld12tof                  1001b30f f   LIBCMT:intrncvt.obj
 0001:0001a884       ___strgtold12_l            1001b884 f   LIBCMT:strgtold.obj
 0001:0001b02c       _$I10_OUTPUT               1001c02c f   LIBCMT:x10fout.obj
 0001:0001baa9       __control87                1001caa9 f i LIBCMT:ieee87.obj
 0001:0001be42       __commit                   1001ce42 f   LIBCMT:commit.obj
 0001:0001bf2b       __fclose_nolock            1001cf2b f   LIBCMT:fclose.obj
 0001:0001bf97       _fclose                    1001cf97 f   LIBCMT:fclose.obj
 0001:0001c00e       ___termconout              1001d00e f   LIBCMT:initcon.obj
 0001:0001c025       ___initconout              1001d025 f   LIBCMT:initcon.obj
 0001:0001c225       _wcstol                    1001d225 f   LIBCMT:wcstol.obj
 0001:0001c23d       ___mtold12                 1001d23d f   LIBCMT:mantold.obj
 0001:0001c41d       __close                    1001d41d f   LIBCMT:close.obj
 0001:0001c4f8       __close_nolock             1001d4f8 f   LIBCMT:close.obj
 0001:0001c592       __freebuf                  1001d592 f   LIBCMT:_freebuf.obj
 0001:0001c5c2       __wchartodigit             1001d5c2 f   LIBCMT:wchtodig.obj
 0001:0001c770       _strchr                    1001d770 f   LIBCMT:strchr.obj
 0001:0001c7de       ___from_strstr_to_strchr   1001d7de     LIBCMT:strchr.obj
 0001:0001c8a0       ___ascii_strnicmp          1001d8a0 f   LIBCMT:_strnicm.obj
 0001:0001c902       _IsProcessorFeaturePresent@4 1001d902 f   kernel32:KERNEL32.dll
 0001:0001c908       _RtlUnwind@16              1001d908 f   kernel32:KERNEL32.dll
 0002:00000000       __imp__FormatMessageA@28   1001e000     kernel32:KERNEL32.dll
 0002:00000004       __imp__GetLastError@0      1001e004     kernel32:KERNEL32.dll
 0002:00000008       __imp__LocalFree@4         1001e008     kernel32:KERNEL32.dll
 0002:0000000c       __imp__CloseHandle@4       1001e00c     kernel32:KERNEL32.dll
 0002:00000010       __imp__CreateFileW@28      1001e010     kernel32:KERNEL32.dll
 0002:00000014       __imp__FlushFileBuffers@4  1001e014     kernel32:KERNEL32.dll
 0002:00000018       __imp__WriteConsoleW@20    1001e018     kernel32:KERNEL32.dll
 0002:0000001c       __imp__SetStdHandle@8      1001e01c     kernel32:KERNEL32.dll
 0002:00000020       __imp__OutputDebugStringW@4 1001e020     kernel32:KERNEL32.dll
 0002:00000024       __imp__SetFilePointerEx@20 1001e024     kernel32:KERNEL32.dll
 0002:00000028       __imp__GetConsoleMode@8    1001e028     kernel32:KERNEL32.dll
 0002:0000002c       __imp__GetConsoleCP@0      1001e02c     kernel32:KERNEL32.dll
 0002:00000030       __imp__LoadLibraryExW@12   1001e030     kernel32:KERNEL32.dll
 0002:00000034       __imp__HeapReAlloc@16      1001e034     kernel32:KERNEL32.dll
 0002:00000038       __imp__FreeEnvironmentStringsW@4 1001e038     kernel32:KERNEL32.dll
 0002:0000003c       __imp__GetEnvironmentStringsW@0 1001e03c     kernel32:KERNEL32.dll
 0002:00000040       __imp__GetSystemTimeAsFileTime@4 1001e040     kernel32:KERNEL32.dll
 0002:00000044       __imp__GetCurrentProcessId@0 1001e044     kernel32:KERNEL32.dll
 0002:00000048       __imp__QueryPerformanceCounter@4 1001e048     kernel32:KERNEL32.dll
 0002:0000004c       __imp__GetModuleFileNameA@12 1001e04c     kernel32:KERNEL32.dll
 0002:00000050       __imp__GetFileType@4       1001e050     kernel32:KERNEL32.dll
 0002:00000054       __imp__GetOEMCP@0          1001e054     kernel32:KERNEL32.dll
 0002:00000058       __imp__GetACP@0            1001e058     kernel32:KERNEL32.dll
 0002:0000005c       __imp__IsValidCodePage@4   1001e05c     kernel32:KERNEL32.dll
 0002:00000060       __imp__GetModuleFileNameW@12 1001e060     kernel32:KERNEL32.dll
 0002:00000064       __imp__WriteFile@20        1001e064     kernel32:KERNEL32.dll
 0002:00000068       __imp__GetStdHandle@4      1001e068     kernel32:KERNEL32.dll
 0002:0000006c       __imp__GetProcessHeap@0    1001e06c     kernel32:KERNEL32.dll
 0002:00000070       __imp__HeapSize@12         1001e070     kernel32:KERNEL32.dll
 0002:00000074       __imp__GetModuleHandleExW@12 1001e074     kernel32:KERNEL32.dll
 0002:00000078       __imp__ExitProcess@4       1001e078     kernel32:KERNEL32.dll
 0002:0000007c       __imp__EnumSystemLocalesW@8 1001e07c     kernel32:KERNEL32.dll
 0002:00000080       __imp__GetUserDefaultLCID@0 1001e080     kernel32:KERNEL32.dll
 0002:00000084       __imp__IsValidLocale@8     1001e084     kernel32:KERNEL32.dll
 0002:00000088       __imp__GetLocaleInfoW@16   1001e088     kernel32:KERNEL32.dll
 0002:0000008c       __imp__LCMapStringW@24     1001e08c     kernel32:KERNEL32.dll
 0002:00000090       __imp__GetProcAddress@8    1001e090     kernel32:KERNEL32.dll
 0002:00000094       __imp__GetModuleHandleW@4  1001e094     kernel32:KERNEL32.dll
 0002:00000098       __imp__GetStartupInfoW@4   1001e098     kernel32:KERNEL32.dll
 0002:0000009c       __imp__TlsFree@4           1001e09c     kernel32:KERNEL32.dll
 0002:000000a0       __imp__TlsSetValue@8       1001e0a0     kernel32:KERNEL32.dll
 0002:000000a4       __imp__TlsGetValue@4       1001e0a4     kernel32:KERNEL32.dll
 0002:000000a8       __imp__TlsAlloc@0          1001e0a8     kernel32:KERNEL32.dll
 0002:000000ac       __imp__WideCharToMultiByte@32 1001e0ac     kernel32:KERNEL32.dll
 0002:000000b0       __imp__EncodePointer@4     1001e0b0     kernel32:KERNEL32.dll
 0002:000000b4       __imp__DecodePointer@4     1001e0b4     kernel32:KERNEL32.dll
 0002:000000b8       __imp__EnterCriticalSection@4 1001e0b8     kernel32:KERNEL32.dll
 0002:000000bc       __imp__LeaveCriticalSection@4 1001e0bc     kernel32:KERNEL32.dll
 0002:000000c0       __imp__DeleteCriticalSection@4 1001e0c0     kernel32:KERNEL32.dll
 0002:000000c4       __imp__MultiByteToWideChar@24 1001e0c4     kernel32:KERNEL32.dll
 0002:000000c8       __imp__GetStringTypeW@16   1001e0c8     kernel32:KERNEL32.dll
 0002:000000cc       __imp__IsProcessorFeaturePresent@4 1001e0cc     kernel32:KERNEL32.dll
 0002:000000d0       __imp__IsDebuggerPresent@0 1001e0d0     kernel32:KERNEL32.dll
 0002:000000d4       __imp__HeapFree@12         1001e0d4     kernel32:KERNEL32.dll
 0002:000000d8       __imp__HeapAlloc@12        1001e0d8     kernel32:KERNEL32.dll
 0002:000000dc       __imp__GetCommandLineA@0   1001e0dc     kernel32:KERNEL32.dll
 0002:000000e0       __imp__GetCurrentThreadId@0 1001e0e0     kernel32:KERNEL32.dll
 0002:000000e4       __imp__RaiseException@16   1001e0e4     kernel32:KERNEL32.dll
 0002:000000e8       __imp__RtlUnwind@16        1001e0e8     kernel32:KERNEL32.dll
 0002:000000ec       __imp__GetCPInfo@8         1001e0ec     kernel32:KERNEL32.dll
 0002:000000f0       __imp__UnhandledExceptionFilter@4 1001e0f0     kernel32:KERNEL32.dll
 0002:000000f4       __imp__SetUnhandledExceptionFilter@4 1001e0f4     kernel32:KERNEL32.dll
 0002:000000f8       __imp__SetLastError@4      1001e0f8     kernel32:KERNEL32.dll
 0002:000000fc       __imp__InitializeCriticalSectionAndSpinCount@8 1001e0fc     kernel32:KERNEL32.dll
 0002:00000100       __imp__Sleep@4             1001e100     kernel32:KERNEL32.dll
 0002:00000104       __imp__GetCurrentProcess@0 1001e104     kernel32:KERNEL32.dll
 0002:00000108       __imp__TerminateProcess@8  1001e108     kernel32:KERNEL32.dll
 0002:0000010c       \177KERNEL32_NULL_THUNK_DATA 1001e10c     kernel32:KERNEL32.dll
 0002:00000110       __imp__GetDefaultPrinterW@8 1001e110     winspool:WINSPOOL.DRV
 0002:00000114       __imp__EndPagePrinter@4    1001e114     winspool:WINSPOOL.DRV
 0002:00000118       __imp__StartDocPrinterW@12 1001e118     winspool:WINSPOOL.DRV
 0002:0000011c       __imp__StartPagePrinter@4  1001e11c     winspool:WINSPOOL.DRV
 0002:00000120       __imp__GetJobW@24          1001e120     winspool:WINSPOOL.DRV
 0002:00000124       __imp__ClosePrinter@4      1001e124     winspool:WINSPOOL.DRV
 0002:00000128       __imp__SetJobW@20          1001e128     winspool:WINSPOOL.DRV
 0002:0000012c       __imp__GetPrinterW@20      1001e12c     winspool:WINSPOOL.DRV
 0002:00000130       __imp__EnumPrintersW@28    1001e130     winspool:WINSPOOL.DRV
 0002:00000134       __imp__EnumJobsW@32        1001e134     winspool:WINSPOOL.DRV
 0002:00000138       __imp__EnumPrintProcessorDatatypesW@28 1001e138     winspool:WINSPOOL.DRV
 0002:0000013c       __imp__EndDocPrinter@4     1001e13c     winspool:WINSPOOL.DRV
 0002:00000140       __imp__WritePrinter@16     1001e140     winspool:WINSPOOL.DRV
 0002:00000144       __imp__OpenPrinterW@12     1001e144     winspool:WINSPOOL.DRV
 0002:00000148       __imp__EnumPrintProcessorsW@28 1001e148     winspool:WINSPOOL.DRV
 0002:0000014c       \177WINSPOOL_NULL_THUNK_DATA 1001e14c     winspool:WINSPOOL.DRV
 0002:00000150       __imp_?ToString@Value@v8@@QBE?AV?$Local@VString@v8@@@2@XZ 1001e150     node:node.dll
 0002:00000154       __imp_?GetCurrent@Isolate@v8@@SAPAV12@XZ 1001e154     node:node.dll
 0002:00000158       __imp_?SetName@Function@v8@@QAEXV?$Local@VString@v8@@@2@@Z 1001e158     node:node.dll
 0002:0000015c       __imp_?Set@Object@v8@@QAE_NV?$Local@VValue@v8@@@2@0@Z 1001e15c     node:node.dll
 0002:00000160       __imp_??0HandleScope@v8@@QAE@PAVIsolate@1@@Z 1001e160     node:node.dll
 0002:00000164       __imp_??1HandleScope@v8@@QAE@XZ 1001e164     node:node.dll
 0002:00000168       __imp_?NewFromUtf8@String@v8@@SA?AV?$Local@VString@v8@@@2@PAVIsolate@2@PBDW4NewStringType@12@H@Z 1001e168     node:node.dll
 0002:0000016c       __imp_??1Utf8Value@String@v8@@QAE@XZ 1001e16c     node:node.dll
 0002:00000170       __imp_?New@FunctionTemplate@v8@@SA?AV?$Local@VFunctionTemplate@v8@@@2@PAVIsolate@2@P6AXABV?$FunctionCallbackInfo@VValue@v8@@@2@@ZV?$Local@VValue@v8@@@2@V?$Local@VSignature@v8@@@2@H@Z 1001e170     node:node.dll
 0002:00000174       __imp_?GetFunction@FunctionTemplate@v8@@QAE?AV?$Local@VFunction@v8@@@2@XZ 1001e174     node:node.dll
 0002:00000178       __imp_?IsObject@Value@v8@@QBE_NXZ 1001e178     node:node.dll
 0002:0000017c       __imp__node_module_register 1001e17c     node:node.dll
 0002:00000180       __imp_?HasInstance@Buffer@node@@YA_NV?$Local@VValue@v8@@@v8@@@Z 1001e180     node:node.dll
 0002:00000184       __imp_?Data@Buffer@node@@YAPADV?$Local@VValue@v8@@@v8@@@Z 1001e184     node:node.dll
 0002:00000188       __imp_?Length@Buffer@node@@YAIV?$Local@VValue@v8@@@v8@@@Z 1001e188     node:node.dll
 0002:0000018c       __imp_?Int32Value@Value@v8@@QBEHXZ 1001e18c     node:node.dll
 0002:00000190       __imp_?IsInt32@Value@v8@@QBE_NXZ 1001e190     node:node.dll
 0002:00000194       __imp_?TypeError@Exception@v8@@SA?AV?$Local@VValue@v8@@@2@V?$Local@VString@v8@@@2@@Z 1001e194     node:node.dll
 0002:00000198       __imp_??1Value@String@v8@@QAE@XZ 1001e198     node:node.dll
 0002:0000019c       __imp_??0Value@String@v8@@QAE@V?$Local@VValue@v8@@@2@@Z 1001e19c     node:node.dll
 0002:000001a0       __imp_?NewFromTwoByte@String@v8@@SA?AV?$Local@VString@v8@@@2@PAVIsolate@2@PBGW4NewStringType@12@H@Z 1001e1a0     node:node.dll
 0002:000001a4       __imp_?New@Array@v8@@SA?AV?$Local@VArray@v8@@@2@PAVIsolate@2@H@Z 1001e1a4     node:node.dll
 0002:000001a8       __imp_?New@Number@v8@@SA?AV?$Local@VNumber@v8@@@2@PAVIsolate@2@N@Z 1001e1a8     node:node.dll
 0002:000001ac       __imp_?New@Object@v8@@SA?AV?$Local@VObject@v8@@@2@PAVIsolate@2@@Z 1001e1ac     node:node.dll
 0002:000001b0       __imp_?Set@Object@v8@@QAE_NIV?$Local@VValue@v8@@@2@@Z 1001e1b0     node:node.dll
 0002:000001b4       __imp_?ThrowException@Isolate@v8@@QAE?AV?$Local@VValue@v8@@@2@V32@@Z 1001e1b4     node:node.dll
 0002:000001b8       __imp_??0Utf8Value@String@v8@@QAE@V?$Local@VValue@v8@@@2@@Z 1001e1b8     node:node.dll
 0002:000001bc       \177node_NULL_THUNK_DATA   1001e1bc     node:node.dll
 0002:000001c0       ___xc_a                    1001e1c0     LIBCMT:crt0init.obj
 0002:000001f0       __register_node_printer_   1001e1f0     node_printer.obj
 0002:000001f4       ___xc_z                    1001e1f4     LIBCMT:crt0init.obj
 0002:000001f8       ___xi_a                    1001e1f8     LIBCMT:crt0init.obj
 0002:0000020c       ___xi_z                    1001e20c     LIBCMT:crt0init.obj
 0002:00000210       ___xp_a                    1001e210     LIBCMT:crt0init.obj
 0002:00000220       ___xp_z                    1001e220     LIBCMT:crt0init.obj
 0002:00000224       ___xt_a                    1001e224     LIBCMT:crt0init.obj
 0002:00000228       ___xt_z                    1001e228     LIBCMT:crt0init.obj
 0002:00000268       ??_C@_0BG@DHPCNBJB@address?5not?5available?$AA@ 1001e268     libcpmt:syserror.obj
 0002:00000280       ??_C@_0BC@DFIBIBIL@already?5connected?$AA@ 1001e280     libcpmt:syserror.obj
 0002:00000294       ??_C@_0BH@CAKOHOMI@argument?5list?5too?5long?$AA@ 1001e294     libcpmt:syserror.obj
 0002:000002ac       ??_C@_0BH@CGIMPKIM@argument?5out?5of?5domain?$AA@ 1001e2ac     libcpmt:syserror.obj
 0002:000002c4       ??_C@_0M@KGHGGJGL@bad?5address?$AA@ 1001e2c4     libcpmt:syserror.obj
 0002:000002d0       ??_C@_0BE@MPJPGCEO@bad?5file?5descriptor?$AA@ 1001e2d0     libcpmt:syserror.obj
 0002:000002e4       ??_C@_0M@PMMIEFCP@bad?5message?$AA@ 1001e2e4     libcpmt:syserror.obj
 0002:000002f0       ??_C@_0M@KPHOFDBE@broken?5pipe?$AA@ 1001e2f0     libcpmt:syserror.obj
 0002:000002fc       ??_C@_0BD@MGNDDEGM@connection?5aborted?$AA@ 1001e2fc     libcpmt:syserror.obj
 0002:00000310       ??_C@_0BP@KAIHPOGN@connection?5already?5in?5progress?$AA@ 1001e310     libcpmt:syserror.obj
 0002:00000330       ??_C@_0BD@PJLIIJEL@connection?5refused?$AA@ 1001e330     libcpmt:syserror.obj
 0002:00000344       ??_C@_0BB@IECNJNOI@connection?5reset?$AA@ 1001e344     libcpmt:syserror.obj
 0002:00000358       ??_C@_0BN@KDMIFEIP@destination?5address?5required?$AA@ 1001e358     libcpmt:syserror.obj
 0002:00000378       ??_C@_0BI@BNCLIGPB@executable?5format?5error?$AA@ 1001e378     libcpmt:syserror.obj
 0002:00000390       ??_C@_0P@DNAJLBJK@file?5too?5large?$AA@ 1001e390     libcpmt:syserror.obj
 0002:000003a0       ??_C@_0BB@DHFDFGDM@host?5unreachable?$AA@ 1001e3a0     libcpmt:syserror.obj
 0002:000003b4       ??_C@_0BD@JPHBMONG@identifier?5removed?$AA@ 1001e3b4     libcpmt:syserror.obj
 0002:000003c8       ??_C@_0BG@CDNPAGJK@illegal?5byte?5sequence?$AA@ 1001e3c8     libcpmt:syserror.obj
 0002:000003e0       ??_C@_0CD@BNPLBMNA@inappropriate?5io?5control?5operati@ 1001e3e0     libcpmt:syserror.obj
 0002:00000404       ??_C@_0N@OHAFKDEK@invalid?5seek?$AA@ 1001e404     libcpmt:syserror.obj
 0002:00000414       ??_C@_0P@FLLDBIDK@is?5a?5directory?$AA@ 1001e414     libcpmt:syserror.obj
 0002:00000424       ??_C@_0N@IFLPBIOP@message?5size?$AA@ 1001e424     libcpmt:syserror.obj
 0002:00000434       ??_C@_0N@KIIEAAIO@network?5down?$AA@ 1001e434     libcpmt:syserror.obj
 0002:00000444       ??_C@_0O@FNPDBHEE@network?5reset?$AA@ 1001e444     libcpmt:syserror.obj
 0002:00000454       ??_C@_0BE@IFNCKGE@network?5unreachable?$AA@ 1001e454     libcpmt:syserror.obj
 0002:00000468       ??_C@_0BA@PFFCAOFK@no?5buffer?5space?$AA@ 1001e468     libcpmt:syserror.obj
 0002:00000478       ??_C@_0BB@IEPBLJHK@no?5child?5process?$AA@ 1001e478     libcpmt:syserror.obj
 0002:0000048c       ??_C@_07PLECNNKG@no?5link?$AA@ 1001e48c     libcpmt:syserror.obj
 0002:00000494       ??_C@_0BF@PBGGPKKE@no?5message?5available?$AA@ 1001e494     libcpmt:syserror.obj
[...]
 0001:0001caa0       ??__Fresult@?1??getJobCommandMap@?A0x6eb2d5d9@@YAABV?$map@V?$basic_string@DU?$char_traits@D@std@@V?$allocator@D@2@@std@@KU?$less@V?$basic_string@DU?$char_traits@D@std@@V?$allocator@D@2@@std@@@2@V?$allocator@U?$pair@$$CBV?$basic_string@DU?$char_traits@D@std@@V?$allocator@D@2@@std@@K@std@@@2@@std@@XZ@YAXXZ 1001daa0 f   * CIL library *:* CIL module *
 0001:0001cb05       ??__F_Fac_tidy_reg@std@@YAXXZ 1001db05 f   libcpmt:locale0.obj
 0001:0001cb0f       ??__Fclassic_locale@std@@YAXXZ 1001db0f f   libcpmt:locale0.obj
 0001:0001cb19       ??__Finitlocks@std@@YAXXZ  1001db19 f   libcpmt:xlock.obj
 0001:0001cb23       ??__Finit_atexit@@YAXXZ    1001db23 f   libcpmt:iosptrs.obj
 0001:0001cb2d       ??__Finitlocks@std@@YAXXZ  1001db2d f   libcpmt:iosptrs.obj
 0002:000001c4       _initlocks$initializer$    1001e1c4     libcpmt:xlock.obj
 0002:000001c8       _initlocks$initializer$    1001e1c8     libcpmt:iosptrs.obj
 0002:000001cc       _init_atexit$initializer$  1001e1cc     libcpmt:iosptrs.obj
 0002:000001d0       __Fac_tidy_reg$initializer$ 1001e1d0     libcpmt:locale0.obj
 0002:000001d4       _classic_locale$initializer$ 1001e1d4     libcpmt:locale0.obj
 0002:000001d8       _piecewise_construct$initializer$ 1001e1d8     * CIL library *:* CIL module *
 0002:000001dc       _allocator_arg$initializer$ 1001e1dc     * CIL library *:* CIL module *
 0002:000001e0       _piecewise_construct$initializer$ 1001e1e0     * CIL library *:* CIL module *
 0002:000001e4       _allocator_arg$initializer$ 1001e1e4     * CIL library *:* CIL module *
 0002:000001e8       _ignore$initializer$       1001e1e8     * CIL library *:* CIL module *
 0002:000001ec       __Tuple_alloc$initializer$ 1001e1ec     * CIL library *:* CIL module *
 0002:000001fc       _pinit                     1001e1fc     LIBCMT:onexit.obj
 0002:00000200       _pinit                     1001e200     LIBCMT:cpu_disp.obj
 0002:00000204       _pinit                     1001e204     LIBCMT:mbctype.obj
 0002:00000208       _pinit                     1001e208     LIBCMT:_file.obj
 0002:00000214       _pterm                     1001e214     LIBCMT:wsetloca.obj
 0002:00000218       _pterm                     1001e218     LIBCMT:initcon.obj
 0002:0000021c       _pterm                     1001e21c     LIBCMT:_file.obj
 0002:000006f8       __Win_errtab               1001e6f8     libcpmt:syserror.obj
 0002:00000950       __Sys_errtab               1001e950     libcpmt:syserror.obj
 0002:000010cc       _digits                    1001f0cc     libcpmt:xstoul.obj
 0002:000010f4       _ndigs                     1001f0f4     libcpmt:xstoul.obj
 0002:0000111c       _digits                    1001f11c     libcpmt:xstoull.obj
 0002:00001144       _ndigs                     1001f144     libcpmt:xstoull.obj
 0002:0000116c       ?digits@?1??_Stoxflt@@9@9  1001f16c     libcpmt:xstoxflt.obj
 0002:00001184       ?vals@?1??_Stoxflt@@9@9    1001f184     libcpmt:xstoxflt.obj
 0002:0000119c       _tenth                     1001f19c     libcpmt:xfdtento.obj
 0002:000011a8       _tenth                     1001f1a8     libcpmt:xdtento.obj
 0002:000011c0       _tenth                     1001f1c0     libcpmt:xldtento.obj
 0002:000011d8       ?mask@?3??_FDint@@9@9      1001f1d8     libcpmt:xfdint.obj
 0002:000011f8       ?sub@?3??_FDint@@9@9       1001f1f8     libcpmt:xfdint.obj
 0002:00001200       ?mask@?3??_Dint@@9@9       1001f200     libcpmt:xdint.obj
 0002:00001220       ?sub@?3??_Dint@@9@9        1001f220     libcpmt:xdint.obj
 0002:00001234       ?ExceptionTemplate@?1??_CxxThrowException@@9@8@4UEHExceptionRecord@@B 1001f234     LIBCMT:throw.obj
 0002:00003e18       _GS_ExceptionPointers      10021e18     LIBCMT:gs_report.obj
 0002:00003f88       _rterrs                    10021f88     LIBCMT:crt0msg.obj
 0002:00004d3c       __mb_locale_names          10022d3c     LIBCMT:mbctype.obj
 0002:00004e18       __first_127char            10022e18     LIBCMT:wsetloca.obj
 0002:00004fe4       One                        10022fe4     LIBCMT:87disp.obj
 0002:00004fec       XAMtoTagTab                10022fec     LIBCMT:87disp.obj
 0002:00005000       One                        10023000     LIBCMT:common.obj
 0002:00005014       DblMax                     10023014     LIBCMT:common.obj
 0002:0000501c       DblMin                     1002301c     LIBCMT:common.obj
 0002:00005024       IeeeAdjO                   10023024     LIBCMT:common.obj
 0002:0000502c       IeeeAdjU                   1002302c     LIBCMT:common.obj
 0002:00005034       _infinity                  10023034     LIBCMT:common.obj
 0002:0000503c       _zero                      1002303c     LIBCMT:common.obj
 0002:00005ed0       _tokenTable                10023ed0     LIBCMT:undname.obj
 0002:00005f08       _nameTable                 10023f08     LIBCMT:undname.obj
 0002:00006048       _rttiTable                 10024048     LIBCMT:undname.obj
 0002:00007608       __unwindtable$?_Locimp_dtor@_Locimp@locale@std@@CAXPAV123@@Z 10025608     libcpmt:locale0.obj
 0002:00007608       __unwindtable$?_Init@locale@std@@CAPAV_Locimp@12@_N@Z 10025608     libcpmt:locale0.obj
 0002:00007610       __ehfuncinfo$?_Init@locale@std@@CAPAV_Locimp@12@_N@Z 10025610     libcpmt:locale0.obj
 0002:00007610       __ehfuncinfo$?_Locimp_dtor@_Locimp@locale@std@@CAXPAV123@@Z 10025610     libcpmt:locale0.obj
 0002:00007638       __sehtable$__onexit        10025638     LIBCMT:onexit.obj
 0002:00007658       __sehtable$__CRT_INIT@12   10025658     LIBCMT:dllcrt0.obj
 0002:00007678       __sehtable$___DllMainCRTStartup 10025678     LIBCMT:dllcrt0.obj
 0002:00007698       __sehtable$_setlocale      10025698     LIBCMT:setlocal.obj
 0002:000076b8       __sehtable$__mtinitlocknum 100256b8     LIBCMT:mlock.obj
 0002:000076d8       __sehtable$_doexit         100256d8     LIBCMT:crt0dat.obj
 0002:000076f8       __sehtable$___set_fpsr_sse2 100256f8     LIBCMT:fpctrl.obj
 0002:00007718       __sehtable$_raise          10025718     LIBCMT:winsig.obj
 0002:00007738       __sehtable$___updatetlocinfo 10025738     LIBCMT:localref.obj
 0002:00007758       __sehtable$__freefls@4     10025758     LIBCMT:tidtable.obj
 0002:00007780       __sehtable$__initptd       10025780     LIBCMT:tidtable.obj
 0002:000077a8       __sehtable$___updatetmbcinfo 100257a8     LIBCMT:mbctype.obj
 0002:000077c8       __sehtable$__setmbcp       100257c8     LIBCMT:mbctype.obj
 0002:000077e8       __sehtable$__wsetlocale    100257e8     LIBCMT:wsetloca.obj
 0002:00007820       __sehtable$__locterm       10025820     LIBCMT:wsetloca.obj
 0002:00007840       __sehtable$__ioinit        10025840     LIBCMT:ioinit.obj
 0002:00007860       __sehtable$?terminate@@YAXXZ 10025860     LIBCMT:hooks.obj
 0002:00007880       __sehtable$?_inconsistency@@YAXXZ 10025880     LIBCMT:hooks.obj
 0002:000078a0       __sehtable$___FrameUnwindToState 100258a0     LIBCMT:frame.obj
 0002:000078c8       __sehtable$?CallCatchBlock@@YAPAXPAUEHExceptionRecord@@PAUEHRegistrationNode@@PAU_CONTEXT@@PBU_s_FuncInfo@@PAXHK@Z 100258c8     LIBCMT:frame.obj
 0002:000078f0       __sehtable$___BuildCatchObject 100258f0     LIBCMT:frame.obj
 0002:00007910       __sehtable$___DestructExceptionObject 10025910     LIBCMT:frame.obj
 0002:0000792c       __catchsym$?CallUnexpected@@YAXPBU_s_ESTypeList@@@Z$2 1002592c     LIBCMT:frame.obj
 0002:0000793c       __unwindtable$?CallUnexpected@@YAXPBU_s_ESTypeList@@@Z 1002593c     LIBCMT:frame.obj
 0002:0000794c       __tryblocktable$?CallUnexpected@@YAXPBU_s_ESTypeList@@@Z 1002594c     LIBCMT:frame.obj
 0002:00007960       __ehfuncinfo$?CallUnexpected@@YAXPBU_s_ESTypeList@@@Z 10025960     LIBCMT:frame.obj
 0002:00007988       __sehtable$___BuildCatchObjectHelper 10025988     LIBCMT:frame.obj
 0002:000079e0       __sehtable$?_Type_info_dtor@type_info@@CAXPAV1@@Z 100259e0     LIBCMT:typname.obj
 0002:00007a00       __sehtable$__IsNonwritableInCurrentImage 10025a00     LIBCMT:pesect.obj
 0002:00007a20       __sehtable$__write         10025a20     LIBCMT:write.obj
 0002:00007a40       __sehtable$__lseeki64      10025a40     LIBCMT:lseeki64.obj
 0002:00007a60       __sehtable$_flsall         10025a60     LIBCMT:fflush.obj
 0002:00007a88       __sehtable$__fcloseall     10025a88     LIBCMT:closeall.obj
 0002:00007aa8       __sehtable$___lock_fhandle 10025aa8     LIBCMT:osfinfo.obj
 0002:00007ac8       __sehtable$__commit        10025ac8     LIBCMT:commit.obj
 0002:00007ae8       __sehtable$_fclose         10025ae8     LIBCMT:fclose.obj
 0002:00007b08       __sehtable$__close         10025b08     LIBCMT:close.obj
 0002:00007b30       .edata                     10025b30     node_printer.exp
 0002:00007b58       rgpv                       10025b58     node_printer.exp
 0002:00007b5c       rgszName                   10025b5c     node_printer.exp
 0002:00007b60       rgwOrd                     10025b60     node_printer.exp
 0002:00007b62       szName                     10025b62     node_printer.exp
 0002:00007b74       $N00001                    10025b74     node_printer.exp
 0002:00007dca       .idata$6                   10025dca     kernel32:KERNEL32.dll
 0002:00007ec8       .idata$6                   10025ec8     winspool:WINSPOOL.DRV
 0002:000084e4       .idata$6                   100264e4     node:node.dll
 0003:00000004       _init                      10027004     libcpmt:xlock.obj
 0003:00000008       _atcount_cdecl             10027008     libcpmt:iosptrs.obj
 0003:00000238       _errtable                  10027238     LIBCMT:dosmap.obj
 0003:000003a0       _ErrnoNoMem                100273a0     LIBCMT:dosmap.obj
 0003:000003a4       _DoserrorNoMem             100273a4     LIBCMT:dosmap.obj
 0003:000003a8       __locktable                100273a8     LIBCMT:mlock.obj
 0003:000004d8       ?isPackaged@?1??__crtIsPackagedApp@@9@9 100274d8     LIBCMT:winapisupp.obj
 0003:000004e0       _NAME_                     100274e0     LIBCMT:sqrt.obj
 0003:00000518       ?_names@?1??_get_fname@@9@9 10027518     LIBCMT:fpexcept.obj
 0003:00000600       _over                      10027600     LIBCMT:fpctrl.obj
 0003:0000060c       _under                     1002760c     LIBCMT:fpctrl.obj
 0003:00000618       ?__DAZ_ENABLED@?1??__set_fpsr_sse2@@9@9 10027618     LIBCMT:fpctrl.obj
 0003:00000c80       ___rgctypeflag             10027c80     LIBCMT:mbctype.obj
 0003:00000c88       ___rgcode_page_info        10027c88     LIBCMT:mbctype.obj
 0003:00000d78       __ctype_loc_style          10027d78     LIBCMT:wsetloca.obj
 0003:00000df0       _dststart                  10027df0     LIBCMT:tzset.obj
 0003:00000dfc       _dstend                    10027dfc     LIBCMT:tzset.obj
 0003:00000e18       _tzstd                     10027e18     LIBCMT:timeset.obj
 0003:00000e58       _tzdst                     10027e58     LIBCMT:timeset.obj
 0003:000011a8       _DoubleFormat              100281a8     LIBCMT:intrncvt.obj
 0003:000011c0       _FloatFormat               100281c0     LIBCMT:intrncvt.obj
 0003:000014b0       __module                   100284b0     * CIL library *:* CIL module *
 0003:000016e0       _allocator_arg             100286e0     libcpmt:syserror.obj
 0003:000016e1       _piecewise_construct       100286e1     libcpmt:syserror.obj
 0003:000016e2       __Tuple_alloc              100286e2     libcpmt:xthrow.obj
 0003:000016e3       _ignore                    100286e3     libcpmt:xthrow.obj
 0003:000016e4       _allocator_arg             100286e4     libcpmt:xthrow.obj
 0003:000016e5       _piecewise_construct       100286e5     libcpmt:xthrow.obj
 0003:000016ec       _global_locale             100286ec     libcpmt:locale0.obj
 0003:000016f4       __Fac_head                 100286f4     libcpmt:locale0.obj
 0003:00001700       _allocator_arg             10028700     libcpmt:locale0.obj
 0003:00001701       _piecewise_construct       10028701     libcpmt:locale0.obj
 0003:00001702       __Fac_tidy_reg             10028702     libcpmt:locale0.obj
 0003:0000170c       _classic_locale            1002870c     libcpmt:locale0.obj
 0003:00001714       ?registered@?1??_Setgloballocale@locale@std@@CAXPAX@Z@4_NA 10028714     libcpmt:locale0.obj
 0003:0000171c       _stdstr                    1002871c     libcpmt:ios.obj
 0003:00001744       _stdopens                  10028744     libcpmt:ios.obj
 0003:0000174e       _allocator_arg             1002874e     libcpmt:ios.obj
 0003:0000174f       _piecewise_construct       1002874f     libcpmt:ios.obj
 0003:00001758       _initlocks                 10028758     libcpmt:xlock.obj
 0003:00001760       _mtx                       10028760     libcpmt:xlock.obj
 0003:000017e0       _atfuns_cdecl              100287e0     libcpmt:iosptrs.obj
 0003:00001808       _initlocks                 10028808     libcpmt:iosptrs.obj
 0003:00001809       _allocator_arg             10028809     libcpmt:iosptrs.obj
 0003:0000180a       _piecewise_construct       1002880a     libcpmt:iosptrs.obj
 0003:0000180b       _init_atexit               1002880b     libcpmt:iosptrs.obj
 0003:0000180c       _allocator_arg             1002880c     libcpmt:locale.obj
 0003:0000180d       _piecewise_construct       1002880d     libcpmt:locale.obj
 0003:00001818       _allocator_arg             10028818     libcpmt:wlocale.obj
 0003:00001819       _piecewise_construct       10028819     libcpmt:wlocale.obj
 0003:00001870       _allocator_arg             10028870     libcpmt:xlocale.obj
 0003:00001871       _piecewise_construct       10028871     libcpmt:xlocale.obj
 0003:00001894       _allocator_arg             10028894     libcpmt:xdateord.obj
 0003:00001895       _piecewise_construct       10028895     libcpmt:xdateord.obj
 0003:000018bc       ___proc_attached           100288bc     LIBCMT:dllcrt0.obj
 0003:000018d0       _lclcritsects              100288d0     LIBCMT:mlock.obj
 0003:00001a24       ___crtCallProc             10028a24     LIBCMT:winapinls.obj
 0003:00001a28       _GS_ExceptionRecord        10028a28     LIBCMT:gs_report.obj
 0003:00001a78       _GS_ContextRecord          10028a78     LIBCMT:gs_report.obj
 0003:00001d44       _DebuggerWasPresent        10028d44     LIBCMT:gs_report.obj
 0003:00001d8c       _ctrlc_action              10028d8c     LIBCMT:winsig.obj
 0003:00001d90       _ctrlbreak_action          10028d90     LIBCMT:winsig.obj
 0003:00001d94       _abort_action              10028d94     LIBCMT:winsig.obj
 0003:00001d98       _term_action               10028d98     LIBCMT:winsig.obj
 0003:00001d9c       _ConsoleCtrlHandler_Installed 10028d9c     LIBCMT:winsig.obj
 0003:00001db0       ?outmsg@?8??_NMSG_WRITE@@9@9 10028db0     LIBCMT:crt0msg.obj
 0003:000023f4       _fSystemSet                100293f4     LIBCMT:mbctype.obj
 0003:00002500       ?_pgmname@?1??_setargv@@9@9 10029500     LIBCMT:stdargv.obj
 0003:00002610       ___type_info_root_node     10029610     LIBCMT:typname.obj
 0003:00002618       _lastTZ                    10029618     LIBCMT:tzset.obj
 0003:0000261c       ?first_time@?1??__tzset@@9@9 1002961c     LIBCMT:tzset.obj
 0003:00002620       _tzapiused                 10029620     LIBCMT:tzset.obj
 0003:00002628       _tzinfo                    10029628     LIBCMT:tzset.obj
 0003:000026d4       _g_pfnRtlGenRandom         100296d4     LIBCMT:rand_s.obj
 0003:000026e4       ___enable_percent_n        100296e4     LIBCMT:printf.obj
 0003:000026ec       ?pfnMessageBox@?1??__crtMessageBoxW@@9@9 100296ec     LIBCMT:crtmboxw.obj
 0003:000026f0       ?pfnGetActiveWindow@?1??__crtMessageBoxW@@9@9 100296f0     LIBCMT:crtmboxw.obj
 0003:000026f4       ?pfnGetLastActivePopup@?1??__crtMessageBoxW@@9@9 100296f4     LIBCMT:crtmboxw.obj
 0003:000026f8       ?pfnGetProcessWindowStation@?1??__crtMessageBoxW@@9@9 100296f8     LIBCMT:crtmboxw.obj
 0003:000026fc       ?pfnGetUserObjectInformation@?1??__crtMessageBoxW@@9@9 100296fc     LIBCMT:crtmboxw.obj
 0003:00002728       _heap                      10029728     LIBCMT:undname.obj
 0003:00002764       _allocator_arg             10029764     * CIL library *:* CIL module *
 0003:00002765       _piecewise_construct       10029765     * CIL library *:* CIL module *
 0003:00002766       __Tuple_alloc              10029766     * CIL library *:* CIL module *
 0003:00002767       _ignore                    10029767     * CIL library *:* CIL module *
 0003:00002768       _allocator_arg             10029768     * CIL library *:* CIL module *
 0003:00002769       _piecewise_construct       10029769     * CIL library *:* CIL module *
 0003:00002770       ?result@?1??getJobCommandMap@?A0x6eb2d5d9@@YAABV?$map@V?$basic_string@DU?$char_traits@D@std@@V?$allocator@D@2@@std@@KU?$less@V?$basic_string@DU?$char_traits@D@std@@V?$allocator@D@2@@std@@@2@V?$allocator@U?$pair@$$CBV?$basic_string@DU?$char_traits@D@std@@V?$allocator@D@2@@std@@K@std@@@2@@std@@XZ@4V34@A 10029770     * CIL library *:* CIL module *
 0003:0000277c       ?$S4@?1??getJobCommandMap@?A0x6eb2d5d9@@YAABV?$map@V?$basic_string@DU?$char_traits@D@std@@V?$allocator@D@2@@std@@KU?$less@V?$basic_string@DU?$char_traits@D@std@@V?$allocator@D@2@@std@@@2@V?$allocator@U?$pair@$$CBV?$basic_string@DU?$char_traits@D@std@@V?$allocator@D@2@@std@@K@std@@@2@@std@@XZ@4IA 1002977c     * CIL library *:* CIL module *
 0003:00002780       ?result@?1??getJobStatusMap@?A0x6eb2d5d9@@YAABV?$map@V?$basic_string@DU?$char_traits@D@std@@V?$allocator@D@2@@std@@KU?$less@V?$basic_string@DU?$char_traits@D@std@@V?$allocator@D@2@@std@@@2@V?$allocator@U?$pair@$$CBV?$basic_string@DU?$char_traits@D@std@@V?$allocator@D@2@@std@@K@std@@@2@@std@@XZ@4V34@A 10029780     * CIL library *:* CIL module *
 0003:00002788       ?result@?1??getStatusMap@?A0x6eb2d5d9@@YAABV?$map@V?$basic_string@DU?$char_traits@D@std@@V?$allocator@D@2@@std@@KU?$less@V?$basic_string@DU?$char_traits@D@std@@V?$allocator@D@2@@std@@@2@V?$allocator@U?$pair@$$CBV?$basic_string@DU?$char_traits@D@std@@V?$allocator@D@2@@std@@K@std@@@2@@std@@XZ@4V34@A 10029788     * CIL library *:* CIL module *
 0003:00002790       ?$S3@?1??getAttributeMap@?A0x6eb2d5d9@@YAABV?$map@V?$basic_string@DU?$char_traits@D@std@@V?$allocator@D@2@@std@@KU?$less@V?$basic_string@DU?$char_traits@D@std@@V?$allocator@D@2@@std@@@2@V?$allocator@U?$pair@$$CBV?$basic_string@DU?$char_traits@D@std@@V?$allocator@D@2@@std@@K@std@@@2@@std@@XZ@4IA 10029790     * CIL library *:* CIL module *
 0003:00002794       ?$S2@?1??getJobStatusMap@?A0x6eb2d5d9@@YAABV?$map@V?$basic_string@DU?$char_traits@D@std@@V?$allocator@D@2@@std@@KU?$less@V?$basic_string@DU?$char_traits@D@std@@V?$allocator@D@2@@std@@@2@V?$allocator@U?$pair@$$CBV?$basic_string@DU?$char_traits@D@std@@V?$allocator@D@2@@std@@K@std@@@2@@std@@XZ@4IA 10029794     * CIL library *:* CIL module *
 0003:00002798       ?$S1@?1??getStatusMap@?A0x6eb2d5d9@@YAABV?$map@V?$basic_string@DU?$char_traits@D@std@@V?$allocator@D@2@@std@@KU?$less@V?$basic_string@DU?$char_traits@D@std@@V?$allocator@D@2@@std@@@2@V?$allocator@U?$pair@$$CBV?$basic_string@DU?$char_traits@D@std@@V?$allocator@D@2@@std@@K@std@@@2@@std@@XZ@4IA 10029798     * CIL library *:* CIL module *
 0003:0000279c       ?result@?1??getAttributeMap@?A0x6eb2d5d9@@YAABV?$map@V?$basic_string@DU?$char_traits@D@std@@V?$allocator@D@2@@std@@KU?$less@V?$basic_string@DU?$char_traits@D@std@@V?$allocator@D@2@@std@@@2@V?$allocator@U?$pair@$$CBV?$basic_string@DU?$char_traits@D@std@@V?$allocator@D@2@@std@@K@std@@@2@@std@@XZ@4V34@A 1002979c     * CIL library *:* CIL module *
 0004:00000060       $R000000                   1002b060     * linker generated manifest res *

 Exports

  ordinal    name

        1    __register_node_printer_
               exported name: _register_node_printer_
